[100%] Built target phi_p3dx
-- Install configuration: ""
-- Installing: /home/richard/ros2_ws/install/phi_aria/lib/phi_aria/phi_p3dx
-- Set non-toolchain portion of runtime path of "/home/richard/ros2_ws/install/phi_aria/lib/phi_aria/phi_p3dx" to ""
-- Installing: /home/richard/ros2_ws/install/phi_aria/share/phi_aria/description
-- Installing: /home/richard/ros2_ws/install/phi_aria/share/phi_aria/description/p3dx_meshes
-- Installing: /home/richard/ros2_ws/install/phi_aria/share/phi_aria/description/p3dx_meshes/caster_wheel.stl
-- Installing: /home/richard/ros2_ws/install/phi_aria/share/phi_aria/description/p3dx_meshes/back_sonar.stl
-- Installing: /home/richard/ros2_ws/install/phi_aria/share/phi_aria/description/p3dx_meshes/front_sonar.stl
-- Installing: /home/richard/ros2_ws/install/phi_aria/share/phi_aria/description/p3dx_meshes/caster_hubcap.stl
-- Installing: /home/richard/ros2_ws/install/phi_aria/share/phi_aria/description/p3dx_meshes/chassis.stl
-- Installing: /home/richard/ros2_ws/install/phi_aria/share/phi_aria/description/p3dx_meshes/back_rim.stl
-- Installing: /home/richard/ros2_ws/install/phi_aria/share/phi_aria/description/p3dx_meshes/caster_swivel.stl
-- Installing: /home/richard/ros2_ws/install/phi_aria/share/phi_aria/description/p3dx_meshes/right_hubcap.stl
-- Installing: /home/richard/ros2_ws/install/phi_aria/share/phi_aria/description/p3dx_meshes/top.stl
-- Installing: /home/richard/ros2_ws/install/phi_aria/share/phi_aria/description/p3dx_meshes/left_wheel.stl
-- Installing: /home/richard/ros2_ws/install/phi_aria/share/phi_aria/description/p3dx_meshes/front_rim.stl
-- Installing: /home/richard/ros2_ws/install/phi_aria/share/phi_aria/description/p3dx_meshes/right_wheel.stl
-- Installing: /home/richard/ros2_ws/install/phi_aria/share/phi_aria/description/p3dx_meshes/left_hubcap.stl
-- Installing: /home/richard/ros2_ws/install/phi_aria/share/phi_aria/description/urdf
-- Installing: /home/richard/ros2_ws/install/phi_aria/share/phi_aria/description/urdf/p3dx.urdf.xacro
-- Installing: /home/richard/ros2_ws/install/phi_aria/share/phi_aria/description/urdf/pioneer3dx_wheel.xacro
-- Installing: /home/richard/ros2_ws/install/phi_aria/share/phi_aria/description/urdf/common.xacro
-- Installing: /home/richard/ros2_ws/install/phi_aria/share/phi_aria/description/urdf/sick_lms100.urdf.xacro
-- Installing: /home/richard/ros2_ws/install/phi_aria/share/phi_aria/description/sensors_meshes
-- Installing: /home/richard/ros2_ws/install/phi_aria/share/phi_aria/description/sensors_meshes/sick_lms100.stl
-- Installing: /home/richard/ros2_ws/install/phi_aria/share/ament_index/resource_index/package_run_dependencies/phi_aria
-- Installing: /home/richard/ros2_ws/install/phi_aria/share/ament_index/resource_index/parent_prefix_path/phi_aria
-- Installing: /home/richard/ros2_ws/install/phi_aria/share/phi_aria/environment/ament_prefix_path.sh
-- Installing: /home/richard/ros2_ws/install/phi_aria/share/phi_aria/environment/ament_prefix_path.dsv
-- Installing: /home/richard/ros2_ws/install/phi_aria/share/phi_aria/environment/path.sh
-- Installing: /home/richard/ros2_ws/install/phi_aria/share/phi_aria/environment/path.dsv
-- Installing: /home/richard/ros2_ws/install/phi_aria/share/phi_aria/local_setup.bash
-- Installing: /home/richard/ros2_ws/install/phi_aria/share/phi_aria/local_setup.sh
-- Installing: /home/richard/ros2_ws/install/phi_aria/share/phi_aria/local_setup.zsh
-- Installing: /home/richard/ros2_ws/install/phi_aria/share/phi_aria/local_setup.dsv
-- Installing: /home/richard/ros2_ws/install/phi_aria/share/phi_aria/package.dsv
-- Installing: /home/richard/ros2_ws/install/phi_aria/share/ament_index/resource_index/packages/phi_aria
-- Installing: /home/richard/ros2_ws/install/phi_aria/share/phi_aria/cmake/phi_ariaConfig.cmake
-- Installing: /home/richard/ros2_ws/install/phi_aria/share/phi_aria/cmake/phi_ariaConfig-version.cmake
-- Installing: /home/richard/ros2_ws/install/phi_aria/share/phi_aria/package.xml
