[ 16%] [32mBuilding CXX object CMakeFiles/navigation.dir/src/Mapping.cpp.o[0m
[01m[K/home/richard/ros2_ws/src/tp1/src/Mapping.cpp:18:5:[m[K [01;31m[Kerror: [m[Kempty character constant
   18 |     [01;31m[K''[m[K'
      |     [01;31m[K^~[m[K
[01m[K/home/richard/ros2_ws/src/tp1/src/Mapping.cpp:18:7:[m[K [01;35m[Kwarning: [m[Kmissing terminating ' character
   18 |     ''[01;35m[K'[m[K
      |       [01;35m[K^[m[K
[01m[K/home/richard/ros2_ws/src/tp1/src/Mapping.cpp:18:7:[m[K [01;31m[Kerror: [m[Kmissing terminating ' character
[01m[K/home/richard/ros2_ws/src/tp1/src/Mapping.cpp:20:5:[m[K [01;31m[Kerror: [m[Kempty character constant
   20 |     [01;31m[K''[m[K'
      |     [01;31m[K^~[m[K
[01m[K/home/richard/ros2_ws/src/tp1/src/Mapping.cpp:20:7:[m[K [01;35m[Kwarning: [m[Kmissing terminating ' character
   20 |     ''[01;35m[K'[m[K
      |       [01;35m[K^[m[K
[01m[K/home/richard/ros2_ws/src/tp1/src/Mapping.cpp:20:7:[m[K [01;31m[Kerror: [m[Kmissing terminating ' character
[01m[K/home/richard/ros2_ws/src/tp1/src/Mapping.cpp:[m[K In function ‘[01m[KCell[01;32m[K findCell[m[K(float, float)[m[K’:
[01m[K/home/richard/ros2_ws/src/tp1/src/Mapping.cpp:18:7:[m[K [01;31m[Kerror: [m[Kexpected ‘[01m[K;[m[K’ before ‘[01m[KConverts[m[K’
   18 |     ''[01;31m[K'[m[K
      |       [01;31m[K^[m[K
      |       [32m[K;[m[K
   19 |         [32m[KConverts[m[K position to cell based on desired cell size.
      |         [32m[K~~~~~~~~[m[K
[01m[K/home/richard/ros2_ws/src/tp1/src/Mapping.cpp:18:5:[m[K [01;35m[Kwarning: [m[Kstatement has no effect [[01;35m[K]8;;https://gcc.gnu.org/onlinedocs/gcc/Warning-Options.html#index-Wunused-value-Wunused-value]8;;[m[K]
   18 |     [01;35m[K''[m[K'
      |     [01;35m[K^~[m[K
[01m[K/home/richard/ros2_ws/src/tp1/src/Mapping.cpp:24:5:[m[K [01;31m[Kerror: [m[K‘[01m[KcurrentCell[m[K’ was not declared in this scope
   24 |     [01;31m[KcurrentCell[m[K.x = int(x * 100 / cellSizeCentimeters); // m to cm * cell size
      |     [01;31m[K^~~~~~~~~~~[m[K
[01m[K/home/richard/ros2_ws/src/tp1/src/Mapping.cpp:[m[K In function ‘[01m[Kvoid*[01;32m[K mappingThreadFunction[m[K(void*)[m[K’:
[01m[K/home/richard/ros2_ws/src/tp1/src/Mapping.cpp:40:35:[m[K [01;35m[Kwarning: [m[Kunused parameter ‘[01m[Karg[m[K’ [[01;35m[K]8;;https://gcc.gnu.org/onlinedocs/gcc/Warning-Options.html#index-Wunused-parameter-Wunused-parameter]8;;[m[K]
   40 | void* mappingThreadFunction([01;35m[Kvoid* arg[m[K) {
      |                             [01;35m[K~~~~~~^~~[m[K
gmake[2]: *** [CMakeFiles/navigation.dir/build.make:132: CMakeFiles/navigation.dir/src/Mapping.cpp.o] Erro 1
gmake[1]: *** [CMakeFiles/Makefile2:137: CMakeFiles/navigation.dir/all] Erro 2
gmake: *** [Makefile:146: all] Erro 2
