[0.020s] Invoking command in '/home/richard/ros2_ws/build/tp1': CMAKE_PREFIX_PATH=${CMAKE_PREFIX_PATH}:/opt/ros/jazzy DEBUGINFOD_URLS=https://debuginfod.ubuntu.com /usr/bin/cmake --build /home/richard/ros2_ws/build/tp1 -- -j4 -l4
[0.138s] [ 12%] [32mBuilding CXX object CMakeFiles/navigation.dir/src/Graph.cpp.o[0m
[0.139s] [ 25%] [32mBuilding CXX object CMakeFiles/navigation.dir/src/Mapping.cpp.o[0m
[0.971s] [01m[K/home/richard/ros2_ws/src/tp1/src/Graph.cpp:[m[K In function ‘[01m[Kvoid*[01;32m[K graphicsThreadFunction[m[K(void*)[m[K’:
[0.971s] [01m[K/home/richard/ros2_ws/src/tp1/src/Graph.cpp:291:36:[m[K [01;35m[Kwarning: [m[Kunused parameter ‘[01m[Karg[m[K’ [[01;35m[K]8;;https://gcc.gnu.org/onlinedocs/gcc/Warning-Options.html#index-Wunused-parameter-Wunused-parameter]8;;[m[K]
[0.971s]   291 | void* graphicsThreadFunction([01;35m[Kvoid* arg[m[K) {
[0.971s]       |                              [01;35m[K~~~~~~^~~[m[K
[3.009s] [01m[K/home/richard/ros2_ws/src/tp1/src/Mapping.cpp:[m[K In function ‘[01m[Kstd::pair<int, int>[01;32m[K escolherClusterPar[m[K(const std::vector<std::vector<Cell> >&, int, int, const std::vector<Centroide>&)[m[K’:
[3.009s] [01m[K/home/richard/ros2_ws/src/tp1/src/Mapping.cpp:680:36:[m[K [01;31m[Kerror: [m[K‘[01m[KcalcularDistanciasRoboParaCentroides[m[K’ was not declared in this scope
[3.009s]   680 |     std::vector<double> distRobo = [01;31m[KcalcularDistanciasRoboParaCentroides[m[K(
[3.009s]       |                                    [01;31m[K^~~~~~~~~~~~~~~~~~~~~~~~~~~~~~~~~~~~[m[K
[3.034s] [01m[K/home/richard/ros2_ws/src/tp1/src/Mapping.cpp:[m[K In function ‘[01m[Kbool[01;32m[K gerarCaminhoRoboAEB[m[K(const std::vector<std::vector<Cell> >&, int, int, const std::vector<Centroide>&)[m[K’:
[3.034s] [01m[K/home/richard/ros2_ws/src/tp1/src/Mapping.cpp:756:17:[m[K [01;31m[Kerror: [m[K‘[01m[KdijkstraEntreClusters[m[K’ was not declared in this scope
[3.034s]   756 |     double db = [01;31m[KdijkstraEntreClusters[m[K(grid, Ax, Ay, Bx, By);
[3.034s]       |                 [01;31m[K^~~~~~~~~~~~~~~~~~~~~[m[K
[3.043s] [01m[K/home/richard/ros2_ws/src/tp1/src/Mapping.cpp:[m[K In function ‘[01m[Kvoid*[01;32m[K mappingThreadFunction[m[K(void*)[m[K’:
[3.043s] [01m[K/home/richard/ros2_ws/src/tp1/src/Mapping.cpp:840:35:[m[K [01;35m[Kwarning: [m[Kunused parameter ‘[01m[Karg[m[K’ [[01;35m[K]8;;https://gcc.gnu.org/onlinedocs/gcc/Warning-Options.html#index-Wunused-parameter-Wunused-parameter]8;;[m[K]
[3.043s]   840 | void* mappingThreadFunction([01;35m[Kvoid* arg[m[K) {
[3.043s]       |                             [01;35m[K~~~~~~^~~[m[K
[4.059s] gmake[2]: *** [CMakeFiles/navigation.dir/build.make:146: CMakeFiles/navigation.dir/src/Mapping.cpp.o] Erro 1
[4.064s] gmake[1]: *** [CMakeFiles/Makefile2:137: CMakeFiles/navigation.dir/all] Erro 2
[4.064s] gmake: *** [Makefile:146: all] Erro 2
[4.079s] Invoked command in '/home/richard/ros2_ws/build/tp1' returned '2': CMAKE_PREFIX_PATH=${CMAKE_PREFIX_PATH}:/opt/ros/jazzy DEBUGINFOD_URLS=https://debuginfod.ubuntu.com /usr/bin/cmake --build /home/richard/ros2_ws/build/tp1 -- -j4 -l4
