[0.292s] DEBUG:colcon:Command line arguments: ['/usr/bin/colcon', 'build']
[0.292s] DEBUG:colcon:Parsed command line arguments: Namespace(log_base=None, log_level=None, verb_name='build', build_base='build', install_base='install', merge_install=False, symlink_install=False, test_result_base=None, continue_on_error=False, executor='parallel', parallel_workers=12, event_handlers=None, ignore_user_meta=False, metas=['./colcon.meta'], base_paths=['.'], packages_ignore=None, packages_ignore_regex=None, paths=None, packages_up_to=None, packages_up_to_regex=None, packages_above=None, packages_above_and_dependencies=None, packages_above_depth=None, packages_select_by_dep=None, packages_skip_by_dep=None, packages_skip_up_to=None, packages_select_build_failed=False, packages_skip_build_finished=False, packages_select_test_failures=False, packages_skip_test_passed=False, packages_select=None, packages_skip=None, packages_select_regex=None, packages_skip_regex=None, packages_start=None, packages_end=None, allow_overriding=[], cmake_args=None, cmake_target=None, cmake_target_skip_unavailable=False, cmake_clean_cache=False, cmake_clean_first=False, cmake_force_configure=False, ament_cmake_args=None, catkin_cmake_args=None, catkin_skip_building_tests=False, verb_parser=<colcon_defaults.argument_parser.defaults.DefaultArgumentsDecorator object at 0x7cfbee94f590>, verb_extension=<colcon_core.verb.build.BuildVerb object at 0x7cfbeea83710>, main=<bound method BuildVerb.main of <colcon_core.verb.build.BuildVerb object at 0x7cfbeea83710>>)
[0.333s] Level 1:colcon.colcon_core.package_discovery:discover_packages(colcon_meta) check parameters
[0.333s] Level 1:colcon.colcon_core.package_discovery:discover_packages(recursive) check parameters
[0.334s] Level 1:colcon.colcon_core.package_discovery:discover_packages(ignore) check parameters
[0.334s] Level 1:colcon.colcon_core.package_discovery:discover_packages(path) check parameters
[0.334s] Level 1:colcon.colcon_core.package_discovery:discover_packages(colcon_meta) discover
[0.334s] Level 1:colcon.colcon_core.package_discovery:discover_packages(recursive) discover
[0.334s] INFO:colcon.colcon_core.package_discovery:Crawling recursively for packages in '/home/richa/ros2_ws'
[0.334s] Level 1:colcon.colcon_core.package_identification:_identify(.) by extensions ['ignore', 'ignore_ament_install']
[0.334s] Level 1:colcon.colcon_core.package_identification:_identify(.) by extension 'ignore'
[0.334s] Level 1:colcon.colcon_core.package_identification:_identify(.) by extension 'ignore_ament_install'
[0.334s] Level 1:colcon.colcon_core.package_identification:_identify(.) by extensions ['colcon_pkg']
[0.334s] Level 1:colcon.colcon_core.package_identification:_identify(.) by extension 'colcon_pkg'
[0.334s] Level 1:colcon.colcon_core.package_identification:_identify(.) by extensions ['colcon_meta']
[0.334s] Level 1:colcon.colcon_core.package_identification:_identify(.) by extension 'colcon_meta'
[0.334s] Level 1:colcon.colcon_core.package_identification:_identify(.) by extensions ['ros']
[0.334s] Level 1:colcon.colcon_core.package_identification:_identify(.) by extension 'ros'
[0.360s] Level 1:colcon.colcon_core.package_identification:_identify(.) by extensions ['cmake', 'python']
[0.360s] Level 1:colcon.colcon_core.package_identification:_identify(.) by extension 'cmake'
[0.360s] Level 1:colcon.colcon_core.package_identification:_identify(.) by extension 'python'
[0.360s] Level 1:colcon.colcon_core.package_identification:_identify(.) by extensions ['python_setup_py']
[0.360s] Level 1:colcon.colcon_core.package_identification:_identify(.) by extension 'python_setup_py'
[0.361s] Level 1:colcon.colcon_core.package_identification:_identify(build) by extensions ['ignore', 'ignore_ament_install']
[0.361s] Level 1:colcon.colcon_core.package_identification:_identify(build) by extension 'ignore'
[0.361s] Level 1:colcon.colcon_core.package_identification:_identify(build) ignored
[0.361s] Level 1:colcon.colcon_core.package_identification:_identify(install) by extensions ['ignore', 'ignore_ament_install']
[0.361s] Level 1:colcon.colcon_core.package_identification:_identify(install) by extension 'ignore'
[0.361s] Level 1:colcon.colcon_core.package_identification:_identify(install) ignored
[0.361s] Level 1:colcon.colcon_core.package_identification:_identify(log) by extensions ['ignore', 'ignore_ament_install']
[0.361s] Level 1:colcon.colcon_core.package_identification:_identify(log) by extension 'ignore'
[0.361s] Level 1:colcon.colcon_core.package_identification:_identify(log) ignored
[0.361s] Level 1:colcon.colcon_core.package_identification:_identify(src) by extensions ['ignore', 'ignore_ament_install']
[0.361s] Level 1:colcon.colcon_core.package_identification:_identify(src) by extension 'ignore'
[0.361s] Level 1:colcon.colcon_core.package_identification:_identify(src) by extension 'ignore_ament_install'
[0.361s] Level 1:colcon.colcon_core.package_identification:_identify(src) by extensions ['colcon_pkg']
[0.361s] Level 1:colcon.colcon_core.package_identification:_identify(src) by extension 'colcon_pkg'
[0.362s] Level 1:colcon.colcon_core.package_identification:_identify(src) by extensions ['colcon_meta']
[0.362s] Level 1:colcon.colcon_core.package_identification:_identify(src) by extension 'colcon_meta'
[0.362s] Level 1:colcon.colcon_core.package_identification:_identify(src) by extensions ['ros']
[0.362s] Level 1:colcon.colcon_core.package_identification:_identify(src) by extension 'ros'
[0.362s] Level 1:colcon.colcon_core.package_identification:_identify(src) by extensions ['cmake', 'python']
[0.362s] Level 1:colcon.colcon_core.package_identification:_identify(src) by extension 'cmake'
[0.362s] Level 1:colcon.colcon_core.package_identification:_identify(src) by extension 'python'
[0.362s] Level 1:colcon.colcon_core.package_identification:_identify(src) by extensions ['python_setup_py']
[0.362s] Level 1:colcon.colcon_core.package_identification:_identify(src) by extension 'python_setup_py'
[0.362s] Level 1:colcon.colcon_core.package_identification:_identify(src/phi_aria) by extensions ['ignore', 'ignore_ament_install']
[0.362s] Level 1:colcon.colcon_core.package_identification:_identify(src/phi_aria) by extension 'ignore'
[0.362s] Level 1:colcon.colcon_core.package_identification:_identify(src/phi_aria) by extension 'ignore_ament_install'
[0.362s] Level 1:colcon.colcon_core.package_identification:_identify(src/phi_aria) by extensions ['colcon_pkg']
[0.362s] Level 1:colcon.colcon_core.package_identification:_identify(src/phi_aria) by extension 'colcon_pkg'
[0.362s] Level 1:colcon.colcon_core.package_identification:_identify(src/phi_aria) by extensions ['colcon_meta']
[0.362s] Level 1:colcon.colcon_core.package_identification:_identify(src/phi_aria) by extension 'colcon_meta'
[0.362s] Level 1:colcon.colcon_core.package_identification:_identify(src/phi_aria) by extensions ['ros']
[0.362s] Level 1:colcon.colcon_core.package_identification:_identify(src/phi_aria) by extension 'ros'
[0.365s] DEBUG:colcon.colcon_core.package_identification:Package 'src/phi_aria' with type 'ros.ament_cmake' and name 'phi_aria'
[0.366s] Level 1:colcon.colcon_core.package_identification:_identify(src/ros_tutorials) by extensions ['ignore', 'ignore_ament_install']
[0.366s] Level 1:colcon.colcon_core.package_identification:_identify(src/ros_tutorials) by extension 'ignore'
[0.366s] Level 1:colcon.colcon_core.package_identification:_identify(src/ros_tutorials) by extension 'ignore_ament_install'
[0.366s] Level 1:colcon.colcon_core.package_identification:_identify(src/ros_tutorials) by extensions ['colcon_pkg']
[0.366s] Level 1:colcon.colcon_core.package_identification:_identify(src/ros_tutorials) by extension 'colcon_pkg'
[0.366s] Level 1:colcon.colcon_core.package_identification:_identify(src/ros_tutorials) by extensions ['colcon_meta']
[0.366s] Level 1:colcon.colcon_core.package_identification:_identify(src/ros_tutorials) by extension 'colcon_meta'
[0.366s] Level 1:colcon.colcon_core.package_identification:_identify(src/ros_tutorials) by extensions ['ros']
[0.366s] Level 1:colcon.colcon_core.package_identification:_identify(src/ros_tutorials) by extension 'ros'
[0.366s] Level 1:colcon.colcon_core.package_identification:_identify(src/ros_tutorials) by extensions ['cmake', 'python']
[0.366s] Level 1:colcon.colcon_core.package_identification:_identify(src/ros_tutorials) by extension 'cmake'
[0.366s] Level 1:colcon.colcon_core.package_identification:_identify(src/ros_tutorials) by extension 'python'
[0.366s] Level 1:colcon.colcon_core.package_identification:_identify(src/ros_tutorials) by extensions ['python_setup_py']
[0.366s] Level 1:colcon.colcon_core.package_identification:_identify(src/ros_tutorials) by extension 'python_setup_py'
[0.366s] Level 1:colcon.colcon_core.package_identification:_identify(src/tp1) by extensions ['ignore', 'ignore_ament_install']
[0.366s] Level 1:colcon.colcon_core.package_identification:_identify(src/tp1) by extension 'ignore'
[0.366s] Level 1:colcon.colcon_core.package_identification:_identify(src/tp1) by extension 'ignore_ament_install'
[0.366s] Level 1:colcon.colcon_core.package_identification:_identify(src/tp1) by extensions ['colcon_pkg']
[0.366s] Level 1:colcon.colcon_core.package_identification:_identify(src/tp1) by extension 'colcon_pkg'
[0.366s] Level 1:colcon.colcon_core.package_identification:_identify(src/tp1) by extensions ['colcon_meta']
[0.366s] Level 1:colcon.colcon_core.package_identification:_identify(src/tp1) by extension 'colcon_meta'
[0.366s] Level 1:colcon.colcon_core.package_identification:_identify(src/tp1) by extensions ['ros']
[0.367s] Level 1:colcon.colcon_core.package_identification:_identify(src/tp1) by extension 'ros'
[0.367s] DEBUG:colcon.colcon_core.package_identification:Package 'src/tp1' with type 'ros.ament_cmake' and name 'tp1'
[0.367s] Level 1:colcon.colcon_core.package_discovery:discover_packages(recursive) using defaults
[0.367s] Level 1:colcon.colcon_core.package_discovery:discover_packages(ignore) discover
[0.367s] Level 1:colcon.colcon_core.package_discovery:discover_packages(ignore) using defaults
[0.367s] Level 1:colcon.colcon_core.package_discovery:discover_packages(path) discover
[0.367s] Level 1:colcon.colcon_core.package_discovery:discover_packages(path) using defaults
[0.385s] Level 1:colcon.colcon_core.package_discovery:discover_packages(prefix_path) check parameters
[0.385s] Level 1:colcon.colcon_core.package_discovery:discover_packages(prefix_path) discover
[0.385s] WARNING:colcon.colcon_ros.prefix_path.ament:The path '/home/richa/ros2_ws/install/tp1' in the environment variable AMENT_PREFIX_PATH doesn't exist
[0.386s] WARNING:colcon.colcon_ros.prefix_path.ament:The path '/home/richa/ros2_ws/install/phi_aria' in the environment variable AMENT_PREFIX_PATH doesn't exist
[0.386s] WARNING:colcon.colcon_ros.prefix_path.catkin:The path '/home/richa/ros2_ws/install/tp1' in the environment variable CMAKE_PREFIX_PATH doesn't exist
[0.386s] WARNING:colcon.colcon_ros.prefix_path.catkin:The path '/home/richa/ros2_ws/install/phi_aria' in the environment variable CMAKE_PREFIX_PATH doesn't exist
[0.387s] DEBUG:colcon.colcon_installed_package_information.package_discovery:Found 0 installed packages in /home/richa/ros2_ws/install
[0.388s] DEBUG:colcon.colcon_installed_package_information.package_discovery:Found 383 installed packages in /opt/ros/jazzy
[0.389s] Level 1:colcon.colcon_core.package_discovery:discover_packages(prefix_path) using defaults
[0.452s] Level 5:colcon.colcon_core.verb:set package 'phi_aria' build argument 'cmake_args' from command line to 'None'
[0.452s] Level 5:colcon.colcon_core.verb:set package 'phi_aria' build argument 'cmake_target' from command line to 'None'
[0.452s] Level 5:colcon.colcon_core.verb:set package 'phi_aria' build argument 'cmake_target_skip_unavailable' from command line to 'False'
[0.452s] Level 5:colcon.colcon_core.verb:set package 'phi_aria' build argument 'cmake_clean_cache' from command line to 'False'
[0.452s] Level 5:colcon.colcon_core.verb:set package 'phi_aria' build argument 'cmake_clean_first' from command line to 'False'
[0.452s] Level 5:colcon.colcon_core.verb:set package 'phi_aria' build argument 'cmake_force_configure' from command line to 'False'
[0.452s] Level 5:colcon.colcon_core.verb:set package 'phi_aria' build argument 'ament_cmake_args' from command line to 'None'
[0.452s] Level 5:colcon.colcon_core.verb:set package 'phi_aria' build argument 'catkin_cmake_args' from command line to 'None'
[0.452s] Level 5:colcon.colcon_core.verb:set package 'phi_aria' build argument 'catkin_skip_building_tests' from command line to 'False'
[0.452s] DEBUG:colcon.colcon_core.verb:Building package 'phi_aria' with the following arguments: {'ament_cmake_args': None, 'build_base': '/home/richa/ros2_ws/build/phi_aria', 'catkin_cmake_args': None, 'catkin_skip_building_tests': False, 'cmake_args': None, 'cmake_clean_cache': False, 'cmake_clean_first': False, 'cmake_force_configure': False, 'cmake_target': None, 'cmake_target_skip_unavailable': False, 'install_base': '/home/richa/ros2_ws/install/phi_aria', 'merge_install': False, 'path': '/home/richa/ros2_ws/src/phi_aria', 'symlink_install': False, 'test_result_base': None}
[0.452s] Level 5:colcon.colcon_core.verb:set package 'tp1' build argument 'cmake_args' from command line to 'None'
[0.452s] Level 5:colcon.colcon_core.verb:set package 'tp1' build argument 'cmake_target' from command line to 'None'
[0.452s] Level 5:colcon.colcon_core.verb:set package 'tp1' build argument 'cmake_target_skip_unavailable' from command line to 'False'
[0.452s] Level 5:colcon.colcon_core.verb:set package 'tp1' build argument 'cmake_clean_cache' from command line to 'False'
[0.452s] Level 5:colcon.colcon_core.verb:set package 'tp1' build argument 'cmake_clean_first' from command line to 'False'
[0.452s] Level 5:colcon.colcon_core.verb:set package 'tp1' build argument 'cmake_force_configure' from command line to 'False'
[0.452s] Level 5:colcon.colcon_core.verb:set package 'tp1' build argument 'ament_cmake_args' from command line to 'None'
[0.452s] Level 5:colcon.colcon_core.verb:set package 'tp1' build argument 'catkin_cmake_args' from command line to 'None'
[0.452s] Level 5:colcon.colcon_core.verb:set package 'tp1' build argument 'catkin_skip_building_tests' from command line to 'False'
[0.452s] DEBUG:colcon.colcon_core.verb:Building package 'tp1' with the following arguments: {'ament_cmake_args': None, 'build_base': '/home/richa/ros2_ws/build/tp1', 'catkin_cmake_args': None, 'catkin_skip_building_tests': False, 'cmake_args': None, 'cmake_clean_cache': False, 'cmake_clean_first': False, 'cmake_force_configure': False, 'cmake_target': None, 'cmake_target_skip_unavailable': False, 'install_base': '/home/richa/ros2_ws/install/tp1', 'merge_install': False, 'path': '/home/richa/ros2_ws/src/tp1', 'symlink_install': False, 'test_result_base': None}
[0.453s] INFO:colcon.colcon_core.executor:Executing jobs using 'parallel' executor
[0.453s] DEBUG:colcon.colcon_parallel_executor.executor.parallel:run_until_complete
[0.454s] INFO:colcon.colcon_ros.task.ament_cmake.build:Building ROS package in '/home/richa/ros2_ws/src/phi_aria' with build type 'ament_cmake'
[0.454s] INFO:colcon.colcon_cmake.task.cmake.build:Building CMake package in '/home/richa/ros2_ws/src/phi_aria'
[0.457s] INFO:colcon.colcon_core.plugin_system:Skipping extension 'colcon_core.shell.bat': Not used on non-Windows systems
[0.457s] INFO:colcon.colcon_core.shell:Skip shell extension 'powershell' for command environment: Not usable outside of PowerShell
[0.457s] DEBUG:colcon.colcon_core.shell:Skip shell extension 'dsv' for command environment
[0.461s] INFO:colcon.colcon_ros.task.ament_cmake.build:Building ROS package in '/home/richa/ros2_ws/src/tp1' with build type 'ament_cmake'
[0.461s] INFO:colcon.colcon_cmake.task.cmake.build:Building CMake package in '/home/richa/ros2_ws/src/tp1'
[0.462s] INFO:colcon.colcon_core.shell:Skip shell extension 'powershell' for command environment: Not usable outside of PowerShell
[0.462s] DEBUG:colcon.colcon_core.shell:Skip shell extension 'dsv' for command environment
[0.473s] DEBUG:colcon.colcon_core.event_handler.log_command:Invoking command in '/home/richa/ros2_ws/build/phi_aria': CMAKE_PREFIX_PATH=${CMAKE_PREFIX_PATH}:/opt/ros/jazzy /usr/bin/cmake /home/richa/ros2_ws/src/phi_aria -DCMAKE_INSTALL_PREFIX=/home/richa/ros2_ws/install/phi_aria
[0.500s] DEBUG:colcon.colcon_core.event_handler.log_command:Invoking command in '/home/richa/ros2_ws/build/tp1': CMAKE_PREFIX_PATH=${CMAKE_PREFIX_PATH}:/opt/ros/jazzy /usr/bin/cmake /home/richa/ros2_ws/src/tp1 -DCMAKE_INSTALL_PREFIX=/home/richa/ros2_ws/install/tp1
[5.110s] DEBUG:colcon.colcon_core.event_handler.log_command:Invoked command in '/home/richa/ros2_ws/build/tp1' returned '0': CMAKE_PREFIX_PATH=${CMAKE_PREFIX_PATH}:/opt/ros/jazzy /usr/bin/cmake /home/richa/ros2_ws/src/tp1 -DCMAKE_INSTALL_PREFIX=/home/richa/ros2_ws/install/tp1
[5.112s] DEBUG:colcon.colcon_core.event_handler.log_command:Invoking command in '/home/richa/ros2_ws/build/tp1': CMAKE_PREFIX_PATH=${CMAKE_PREFIX_PATH}:/opt/ros/jazzy /usr/bin/cmake --build /home/richa/ros2_ws/build/tp1 -- -j12 -l12
[6.002s] DEBUG:colcon.colcon_core.event_handler.log_command:Invoked command in '/home/richa/ros2_ws/build/phi_aria' returned '0': CMAKE_PREFIX_PATH=${CMAKE_PREFIX_PATH}:/opt/ros/jazzy /usr/bin/cmake /home/richa/ros2_ws/src/phi_aria -DCMAKE_INSTALL_PREFIX=/home/richa/ros2_ws/install/phi_aria
[6.005s] DEBUG:colcon.colcon_core.event_handler.log_command:Invoking command in '/home/richa/ros2_ws/build/phi_aria': CMAKE_PREFIX_PATH=${CMAKE_PREFIX_PATH}:/opt/ros/jazzy /usr/bin/cmake --build /home/richa/ros2_ws/build/phi_aria -- -j12 -l12
[23.837s] DEBUG:colcon.colcon_core.event_handler.log_command:Invoked command in '/home/richa/ros2_ws/build/phi_aria' returned '0': CMAKE_PREFIX_PATH=${CMAKE_PREFIX_PATH}:/opt/ros/jazzy /usr/bin/cmake --build /home/richa/ros2_ws/build/phi_aria -- -j12 -l12
[23.849s] DEBUG:colcon.colcon_core.event_handler.log_command:Invoking command in '/home/richa/ros2_ws/build/phi_aria': CMAKE_PREFIX_PATH=${CMAKE_PREFIX_PATH}:/opt/ros/jazzy /usr/bin/cmake --install /home/richa/ros2_ws/build/phi_aria
[23.859s] DEBUG:colcon.colcon_core.event_handler.log_command:Invoked command in '/home/richa/ros2_ws/build/tp1' returned '0': CMAKE_PREFIX_PATH=${CMAKE_PREFIX_PATH}:/opt/ros/jazzy /usr/bin/cmake --build /home/richa/ros2_ws/build/tp1 -- -j12 -l12
[23.860s] DEBUG:colcon.colcon_core.event_handler.log_command:Invoking command in '/home/richa/ros2_ws/build/tp1': CMAKE_PREFIX_PATH=${CMAKE_PREFIX_PATH}:/opt/ros/jazzy /usr/bin/cmake --install /home/richa/ros2_ws/build/tp1
[23.892s] Level 1:colcon.colcon_core.environment:create_environment_scripts_only(phi_aria)
[23.892s] DEBUG:colcon.colcon_core.event_handler.log_command:Invoked command in '/home/richa/ros2_ws/build/phi_aria' returned '0': CMAKE_PREFIX_PATH=${CMAKE_PREFIX_PATH}:/opt/ros/jazzy /usr/bin/cmake --install /home/richa/ros2_ws/build/phi_aria
[23.896s] Level 1:colcon.colcon_core.environment:checking '/home/richa/ros2_ws/install/phi_aria' for CMake module files
[23.896s] Level 1:colcon.colcon_core.environment:checking '/home/richa/ros2_ws/install/phi_aria' for CMake config files
[23.896s] Level 1:colcon.colcon_core.shell:create_environment_hook('phi_aria', 'cmake_prefix_path')
[23.897s] INFO:colcon.colcon_core.shell:Creating environment hook '/home/richa/ros2_ws/install/phi_aria/share/phi_aria/hook/cmake_prefix_path.ps1'
[23.898s] INFO:colcon.colcon_core.shell:Creating environment descriptor '/home/richa/ros2_ws/install/phi_aria/share/phi_aria/hook/cmake_prefix_path.dsv'
[23.898s] INFO:colcon.colcon_core.shell:Creating environment hook '/home/richa/ros2_ws/install/phi_aria/share/phi_aria/hook/cmake_prefix_path.sh'
[23.899s] Level 1:colcon.colcon_core.environment:checking '/home/richa/ros2_ws/install/phi_aria/lib'
[23.899s] Level 1:colcon.colcon_core.environment:checking '/home/richa/ros2_ws/install/phi_aria/bin'
[23.900s] Level 1:colcon.colcon_core.environment:checking '/home/richa/ros2_ws/install/phi_aria/lib/pkgconfig/phi_aria.pc'
[23.900s] Level 1:colcon.colcon_core.environment:checking '/home/richa/ros2_ws/install/phi_aria/lib/python3.12/site-packages'
[23.900s] Level 1:colcon.colcon_core.environment:checking '/home/richa/ros2_ws/install/phi_aria/bin'
[23.901s] INFO:colcon.colcon_core.shell:Creating package script '/home/richa/ros2_ws/install/phi_aria/share/phi_aria/package.ps1'
[23.902s] INFO:colcon.colcon_core.shell:Creating package descriptor '/home/richa/ros2_ws/install/phi_aria/share/phi_aria/package.dsv'
[23.902s] INFO:colcon.colcon_core.shell:Creating package script '/home/richa/ros2_ws/install/phi_aria/share/phi_aria/package.sh'
[23.903s] INFO:colcon.colcon_core.shell:Creating package script '/home/richa/ros2_ws/install/phi_aria/share/phi_aria/package.bash'
[23.903s] INFO:colcon.colcon_core.shell:Creating package script '/home/richa/ros2_ws/install/phi_aria/share/phi_aria/package.zsh'
[23.904s] Level 1:colcon.colcon_core.environment:create_file_with_runtime_dependencies(/home/richa/ros2_ws/install/phi_aria/share/colcon-core/packages/phi_aria)
[23.906s] Level 1:colcon.colcon_core.environment:create_environment_scripts_only(phi_aria)
[23.906s] Level 1:colcon.colcon_core.environment:checking '/home/richa/ros2_ws/install/phi_aria' for CMake module files
[23.906s] Level 1:colcon.colcon_core.environment:checking '/home/richa/ros2_ws/install/phi_aria' for CMake config files
[23.907s] Level 1:colcon.colcon_core.shell:create_environment_hook('phi_aria', 'cmake_prefix_path')
[23.907s] INFO:colcon.colcon_core.shell:Creating environment hook '/home/richa/ros2_ws/install/phi_aria/share/phi_aria/hook/cmake_prefix_path.ps1'
[23.907s] INFO:colcon.colcon_core.shell:Creating environment descriptor '/home/richa/ros2_ws/install/phi_aria/share/phi_aria/hook/cmake_prefix_path.dsv'
[23.908s] INFO:colcon.colcon_core.shell:Creating environment hook '/home/richa/ros2_ws/install/phi_aria/share/phi_aria/hook/cmake_prefix_path.sh'
[23.908s] Level 1:colcon.colcon_core.environment:checking '/home/richa/ros2_ws/install/phi_aria/lib'
[23.908s] Level 1:colcon.colcon_core.environment:checking '/home/richa/ros2_ws/install/phi_aria/bin'
[23.908s] Level 1:colcon.colcon_core.environment:checking '/home/richa/ros2_ws/install/phi_aria/lib/pkgconfig/phi_aria.pc'
[23.909s] Level 1:colcon.colcon_core.environment:checking '/home/richa/ros2_ws/install/phi_aria/lib/python3.12/site-packages'
[23.909s] Level 1:colcon.colcon_core.environment:checking '/home/richa/ros2_ws/install/phi_aria/bin'
[23.909s] INFO:colcon.colcon_core.shell:Creating package script '/home/richa/ros2_ws/install/phi_aria/share/phi_aria/package.ps1'
[23.910s] INFO:colcon.colcon_core.shell:Creating package descriptor '/home/richa/ros2_ws/install/phi_aria/share/phi_aria/package.dsv'
[23.910s] INFO:colcon.colcon_core.shell:Creating package script '/home/richa/ros2_ws/install/phi_aria/share/phi_aria/package.sh'
[23.911s] INFO:colcon.colcon_core.shell:Creating package script '/home/richa/ros2_ws/install/phi_aria/share/phi_aria/package.bash'
[23.911s] INFO:colcon.colcon_core.shell:Creating package script '/home/richa/ros2_ws/install/phi_aria/share/phi_aria/package.zsh'
[23.911s] Level 1:colcon.colcon_core.environment:create_file_with_runtime_dependencies(/home/richa/ros2_ws/install/phi_aria/share/colcon-core/packages/phi_aria)
[23.913s] Level 1:colcon.colcon_core.environment:create_environment_scripts_only(tp1)
[23.913s] Level 1:colcon.colcon_core.environment:checking '/home/richa/ros2_ws/install/tp1' for CMake module files
[23.914s] DEBUG:colcon.colcon_core.event_handler.log_command:Invoked command in '/home/richa/ros2_ws/build/tp1' returned '0': CMAKE_PREFIX_PATH=${CMAKE_PREFIX_PATH}:/opt/ros/jazzy /usr/bin/cmake --install /home/richa/ros2_ws/build/tp1
[23.915s] Level 1:colcon.colcon_core.environment:checking '/home/richa/ros2_ws/install/tp1' for CMake config files
[23.915s] Level 1:colcon.colcon_core.shell:create_environment_hook('tp1', 'cmake_prefix_path')
[23.915s] INFO:colcon.colcon_core.shell:Creating environment hook '/home/richa/ros2_ws/install/tp1/share/tp1/hook/cmake_prefix_path.ps1'
[23.916s] INFO:colcon.colcon_core.shell:Creating environment descriptor '/home/richa/ros2_ws/install/tp1/share/tp1/hook/cmake_prefix_path.dsv'
[23.916s] INFO:colcon.colcon_core.shell:Creating environment hook '/home/richa/ros2_ws/install/tp1/share/tp1/hook/cmake_prefix_path.sh'
[23.917s] Level 1:colcon.colcon_core.environment:checking '/home/richa/ros2_ws/install/tp1/lib'
[23.917s] Level 1:colcon.colcon_core.environment:checking '/home/richa/ros2_ws/install/tp1/bin'
[23.917s] Level 1:colcon.colcon_core.environment:checking '/home/richa/ros2_ws/install/tp1/lib/pkgconfig/tp1.pc'
[23.917s] Level 1:colcon.colcon_core.environment:checking '/home/richa/ros2_ws/install/tp1/lib/python3.12/site-packages'
[23.917s] Level 1:colcon.colcon_core.environment:checking '/home/richa/ros2_ws/install/tp1/bin'
[23.917s] INFO:colcon.colcon_core.shell:Creating package script '/home/richa/ros2_ws/install/tp1/share/tp1/package.ps1'
[23.918s] INFO:colcon.colcon_core.shell:Creating package descriptor '/home/richa/ros2_ws/install/tp1/share/tp1/package.dsv'
[23.919s] INFO:colcon.colcon_core.shell:Creating package script '/home/richa/ros2_ws/install/tp1/share/tp1/package.sh'
[23.920s] INFO:colcon.colcon_core.shell:Creating package script '/home/richa/ros2_ws/install/tp1/share/tp1/package.bash'
[23.921s] INFO:colcon.colcon_core.shell:Creating package script '/home/richa/ros2_ws/install/tp1/share/tp1/package.zsh'
[23.921s] Level 1:colcon.colcon_core.environment:create_file_with_runtime_dependencies(/home/richa/ros2_ws/install/tp1/share/colcon-core/packages/tp1)
[23.923s] Level 1:colcon.colcon_core.environment:create_environment_scripts_only(tp1)
[23.923s] Level 1:colcon.colcon_core.environment:checking '/home/richa/ros2_ws/install/tp1' for CMake module files
[23.923s] Level 1:colcon.colcon_core.environment:checking '/home/richa/ros2_ws/install/tp1' for CMake config files
[23.924s] Level 1:colcon.colcon_core.shell:create_environment_hook('tp1', 'cmake_prefix_path')
[23.924s] INFO:colcon.colcon_core.shell:Creating environment hook '/home/richa/ros2_ws/install/tp1/share/tp1/hook/cmake_prefix_path.ps1'
[23.924s] INFO:colcon.colcon_core.shell:Creating environment descriptor '/home/richa/ros2_ws/install/tp1/share/tp1/hook/cmake_prefix_path.dsv'
[23.925s] INFO:colcon.colcon_core.shell:Creating environment hook '/home/richa/ros2_ws/install/tp1/share/tp1/hook/cmake_prefix_path.sh'
[23.925s] Level 1:colcon.colcon_core.environment:checking '/home/richa/ros2_ws/install/tp1/lib'
[23.925s] Level 1:colcon.colcon_core.environment:checking '/home/richa/ros2_ws/install/tp1/bin'
[23.925s] Level 1:colcon.colcon_core.environment:checking '/home/richa/ros2_ws/install/tp1/lib/pkgconfig/tp1.pc'
[23.926s] Level 1:colcon.colcon_core.environment:checking '/home/richa/ros2_ws/install/tp1/lib/python3.12/site-packages'
[23.926s] Level 1:colcon.colcon_core.environment:checking '/home/richa/ros2_ws/install/tp1/bin'
[23.926s] INFO:colcon.colcon_core.shell:Creating package script '/home/richa/ros2_ws/install/tp1/share/tp1/package.ps1'
[23.927s] INFO:colcon.colcon_core.shell:Creating package descriptor '/home/richa/ros2_ws/install/tp1/share/tp1/package.dsv'
[23.928s] INFO:colcon.colcon_core.shell:Creating package script '/home/richa/ros2_ws/install/tp1/share/tp1/package.sh'
[23.928s] INFO:colcon.colcon_core.shell:Creating package script '/home/richa/ros2_ws/install/tp1/share/tp1/package.bash'
[23.929s] INFO:colcon.colcon_core.shell:Creating package script '/home/richa/ros2_ws/install/tp1/share/tp1/package.zsh'
[23.929s] Level 1:colcon.colcon_core.environment:create_file_with_runtime_dependencies(/home/richa/ros2_ws/install/tp1/share/colcon-core/packages/tp1)
[23.929s] DEBUG:colcon.colcon_parallel_executor.executor.parallel:closing loop
[23.930s] DEBUG:colcon.colcon_parallel_executor.executor.parallel:loop closed
[23.930s] DEBUG:colcon.colcon_parallel_executor.executor.parallel:run_until_complete finished with '0'
[23.930s] DEBUG:colcon.colcon_core.event_reactor:joining thread
[23.980s] INFO:colcon.colcon_core.plugin_system:Skipping extension 'colcon_notification.desktop_notification.notify_send': Could not find 'notify-send'
[23.981s] INFO:colcon.colcon_core.plugin_system:Skipping extension 'colcon_notification.desktop_notification.terminal_notifier': Not used on non-Darwin systems
[23.981s] INFO:colcon.colcon_core.plugin_system:Skipping extension 'colcon_notification.desktop_notification.win32': Not used on non-Windows systems
[23.981s] INFO:colcon.colcon_notification.desktop_notification:Sending desktop notification using 'notify2'
[23.982s] DEBUG:colcon.colcon_notification.desktop_notification.notify2:Failed to initialize notify2: org.freedesktop.DBus.Error.ServiceUnknown: The name org.freedesktop.Notifications was not provided by any .service files
[23.982s] DEBUG:colcon.colcon_core.event_reactor:joined thread
[23.982s] INFO:colcon.colcon_core.shell:Creating prefix script '/home/richa/ros2_ws/install/local_setup.ps1'
[23.984s] INFO:colcon.colcon_core.shell:Creating prefix util module '/home/richa/ros2_ws/install/_local_setup_util_ps1.py'
[23.985s] INFO:colcon.colcon_core.shell:Creating prefix chain script '/home/richa/ros2_ws/install/setup.ps1'
[23.986s] INFO:colcon.colcon_core.shell:Creating prefix script '/home/richa/ros2_ws/install/local_setup.sh'
[23.986s] INFO:colcon.colcon_core.shell:Creating prefix util module '/home/richa/ros2_ws/install/_local_setup_util_sh.py'
[23.987s] INFO:colcon.colcon_core.shell:Creating prefix chain script '/home/richa/ros2_ws/install/setup.sh'
[23.988s] INFO:colcon.colcon_core.shell:Creating prefix script '/home/richa/ros2_ws/install/local_setup.bash'
[23.988s] INFO:colcon.colcon_core.shell:Creating prefix chain script '/home/richa/ros2_ws/install/setup.bash'
[23.989s] INFO:colcon.colcon_core.shell:Creating prefix script '/home/richa/ros2_ws/install/local_setup.zsh'
[23.990s] INFO:colcon.colcon_core.shell:Creating prefix chain script '/home/richa/ros2_ws/install/setup.zsh'
