[0.020s] Invoking command in '/home/richard/ros2_ws/build/tp1': CMAKE_PREFIX_PATH=${CMAKE_PREFIX_PATH}:/opt/ros/jazzy DEBUGINFOD_URLS=https://debuginfod.ubuntu.com /usr/bin/cmake --build /home/richard/ros2_ws/build/tp1 -- -j4 -l4
[0.150s] [ 16%] [32mBuilding CXX object CMakeFiles/navigation.dir/src/Action.cpp.o[0m
[1.046s] [01m[K/home/richard/ros2_ws/src/tp1/src/Action.cpp:[m[K In member function ‘[01m[Kvoid Action::[01;32m[KexploreEnvironment[m[K(std::vector<float>, std::vector<float>, std::vector<float>)[m[K’:
[1.046s] [01m[K/home/richard/ros2_ws/src/tp1/src/Action.cpp:22:24:[m[K [01;35m[Kwarning: [m[Kunused parameter ‘[01m[KsonarsData[m[K’ [[01;35m[K]8;;https://gcc.gnu.org/onlinedocs/gcc/Warning-Options.html#index-Wunused-parameter-Wunused-parameter]8;;[m[K]
[1.046s]    22 |     [01;35m[Kstd::vector<float> sonarsData[m[K,
[1.046s]       |     [01;35m[K~~~~~~~~~~~~~~~~~~~^~~~~~~~~~[m[K
[1.048s] [01m[K/home/richard/ros2_ws/src/tp1/src/Action.cpp:[m[K In member function ‘[01m[Kvoid Action::[01;32m[KmanualRobotMotion[m[K(MovingDirection, std::vector<float>, std::vector<float>, std::vector<float>)[m[K’:
[1.048s] [01m[K/home/richard/ros2_ws/src/tp1/src/Action.cpp:34:24:[m[K [01;35m[Kwarning: [m[Kunused parameter ‘[01m[KsonarsData[m[K’ [[01;35m[K]8;;https://gcc.gnu.org/onlinedocs/gcc/Warning-Options.html#index-Wunused-parameter-Wunused-parameter]8;;[m[K]
[1.048s]    34 |     [01;35m[Kstd::vector<float> sonarsData[m[K,
[1.048s]       |     [01;35m[K~~~~~~~~~~~~~~~~~~~^~~~~~~~~~[m[K
[1.194s] [ 33%] [32m[1mLinking CXX executable navigation[0m
[1.790s] [100%] Built target navigation
[1.805s] Invoked command in '/home/richard/ros2_ws/build/tp1' returned '0': CMAKE_PREFIX_PATH=${CMAKE_PREFIX_PATH}:/opt/ros/jazzy DEBUGINFOD_URLS=https://debuginfod.ubuntu.com /usr/bin/cmake --build /home/richard/ros2_ws/build/tp1 -- -j4 -l4
[1.806s] Invoking command in '/home/richard/ros2_ws/build/tp1': CMAKE_PREFIX_PATH=${CMAKE_PREFIX_PATH}:/opt/ros/jazzy DEBUGINFOD_URLS=https://debuginfod.ubuntu.com /usr/bin/cmake --install /home/richard/ros2_ws/build/tp1
[1.818s] -- Install configuration: ""
[1.818s] -- Installing: /home/richard/ros2_ws/install/tp1/lib/tp1/navigation
[1.826s] -- Set non-toolchain portion of runtime path of "/home/richard/ros2_ws/install/tp1/lib/tp1/navigation" to ""
[1.827s] -- Up-to-date: /home/richard/ros2_ws/install/tp1/share/tp1/launch
[1.827s] -- Up-to-date: /home/richard/ros2_ws/install/tp1/share/tp1/launch/p3dx-rosaria.launch.py
[1.828s] -- Up-to-date: /home/richard/ros2_ws/install/tp1/share/tp1/config
[1.828s] -- Up-to-date: /home/richard/ros2_ws/install/tp1/share/tp1/config/p3dx.rviz
[1.828s] -- Up-to-date: /home/richard/ros2_ws/install/tp1/share/ament_index/resource_index/package_run_dependencies/tp1
[1.829s] -- Up-to-date: /home/richard/ros2_ws/install/tp1/share/ament_index/resource_index/parent_prefix_path/tp1
[1.830s] -- Up-to-date: /home/richard/ros2_ws/install/tp1/share/tp1/environment/ament_prefix_path.sh
[1.830s] -- Up-to-date: /home/richard/ros2_ws/install/tp1/share/tp1/environment/ament_prefix_path.dsv
[1.830s] -- Up-to-date: /home/richard/ros2_ws/install/tp1/share/tp1/environment/path.sh
[1.830s] -- Up-to-date: /home/richard/ros2_ws/install/tp1/share/tp1/environment/path.dsv
[1.830s] -- Up-to-date: /home/richard/ros2_ws/install/tp1/share/tp1/local_setup.bash
[1.830s] -- Up-to-date: /home/richard/ros2_ws/install/tp1/share/tp1/local_setup.sh
[1.831s] -- Up-to-date: /home/richard/ros2_ws/install/tp1/share/tp1/local_setup.zsh
[1.831s] -- Up-to-date: /home/richard/ros2_ws/install/tp1/share/tp1/local_setup.dsv
[1.831s] -- Installing: /home/richard/ros2_ws/install/tp1/share/tp1/package.dsv
[1.831s] -- Up-to-date: /home/richard/ros2_ws/install/tp1/share/ament_index/resource_index/packages/tp1
[1.831s] -- Up-to-date: /home/richard/ros2_ws/install/tp1/share/tp1/cmake/tp1Config.cmake
[1.831s] -- Up-to-date: /home/richard/ros2_ws/install/tp1/share/tp1/cmake/tp1Config-version.cmake
[1.831s] -- Up-to-date: /home/richard/ros2_ws/install/tp1/share/tp1/package.xml
[1.833s] Invoked command in '/home/richard/ros2_ws/build/tp1' returned '0': CMAKE_PREFIX_PATH=${CMAKE_PREFIX_PATH}:/opt/ros/jazzy DEBUGINFOD_URLS=https://debuginfod.ubuntu.com /usr/bin/cmake --install /home/richard/ros2_ws/build/tp1
