[0.012s] Invoking command in '/home/richard/ros2_ws/build/tp1': DEBUGINFOD_URLS=https://debuginfod.ubuntu.com /usr/bin/cmake /home/richard/ros2_ws/src/tp1 -DCMAKE_INSTALL_PREFIX=/home/richard/ros2_ws/install/tp1
[0.069s] -- The C compiler identification is GNU 13.3.0
[0.134s] -- The CXX compiler identification is GNU 13.3.0
[0.153s] -- Detecting C compiler ABI info
[0.249s] -- Detecting C compiler ABI info - done
[0.259s] -- Check for working C compiler: /usr/bin/cc - skipped
[0.261s] -- Detecting C compile features
[0.261s] -- Detecting C compile features - done
[0.269s] -- Detecting CXX compiler ABI info
[0.395s] -- Detecting CXX compiler ABI info - done
[0.409s] -- Check for working CXX compiler: /usr/bin/c++ - skipped
[0.409s] -- Detecting CXX compile features
[0.410s] -- Detecting CXX compile features - done
[0.426s] [31mCMake Error at CMakeLists.txt:9 (find_package):
[0.426s]   By not providing "Findament_cmake.cmake" in CMAKE_MODULE_PATH this project
[0.427s] -- Configuring incomplete, errors occurred!
[0.427s]   has asked CMake to find a package configuration file provided by
[0.427s]   "ament_cmake", but CMake did not find one.
[0.427s] 
[0.427s]   Could not find a package configuration file provided by "ament_cmake" with
[0.427s]   any of the following names:
[0.427s] 
[0.428s]     ament_cmakeConfig.cmake
[0.428s]     ament_cmake-config.cmake
[0.428s] 
[0.428s]   Add the installation prefix of "ament_cmake" to CMAKE_PREFIX_PATH or set
[0.428s]   "ament_cmake_DIR" to a directory containing one of the above files.  If
[0.428s]   "ament_cmake" provides a separate development package or SDK, be sure it
[0.428s]   has been installed.
[0.428s] 
[0.428s] [0m
[0.433s] Invoked command in '/home/richard/ros2_ws/build/tp1' returned '1': DEBUGINFOD_URLS=https://debuginfod.ubuntu.com /usr/bin/cmake /home/richard/ros2_ws/src/tp1 -DCMAKE_INSTALL_PREFIX=/home/richard/ros2_ws/install/tp1
