[0.018s] Invoking command in '/home/richa/ros2_ws/build/tp1': CMAKE_PREFIX_PATH=${CMAKE_PREFIX_PATH}:/opt/ros/jazzy /usr/bin/cmake --build /home/richa/ros2_ws/build/tp1 -- -j12 -l12
[0.115s] [100%] Built target navigation
[0.134s] Invoked command in '/home/richa/ros2_ws/build/tp1' returned '0': CMAKE_PREFIX_PATH=${CMAKE_PREFIX_PATH}:/opt/ros/jazzy /usr/bin/cmake --build /home/richa/ros2_ws/build/tp1 -- -j12 -l12
[0.136s] Invoking command in '/home/richa/ros2_ws/build/tp1': CMAKE_PREFIX_PATH=${CMAKE_PREFIX_PATH}:/opt/ros/jazzy /usr/bin/cmake --install /home/richa/ros2_ws/build/tp1
[0.165s] -- Install configuration: ""
[0.166s] -- Up-to-date: /home/richa/ros2_ws/install/tp1/lib/tp1/navigation
[0.166s] -- Up-to-date: /home/richa/ros2_ws/install/tp1/share/tp1/launch
[0.167s] -- Up-to-date: /home/richa/ros2_ws/install/tp1/share/tp1/launch/p3dx-rosaria.launch.py
[0.167s] -- Up-to-date: /home/richa/ros2_ws/install/tp1/share/tp1/config
[0.167s] -- Up-to-date: /home/richa/ros2_ws/install/tp1/share/tp1/config/p3dx.rviz
[0.168s] -- Up-to-date: /home/richa/ros2_ws/install/tp1/share/ament_index/resource_index/package_run_dependencies/tp1
[0.169s] -- Up-to-date: /home/richa/ros2_ws/install/tp1/share/ament_index/resource_index/parent_prefix_path/tp1
[0.169s] -- Up-to-date: /home/richa/ros2_ws/install/tp1/share/tp1/environment/ament_prefix_path.sh
[0.170s] -- Up-to-date: /home/richa/ros2_ws/install/tp1/share/tp1/environment/ament_prefix_path.dsv
[0.170s] -- Up-to-date: /home/richa/ros2_ws/install/tp1/share/tp1/environment/path.sh
[0.171s] -- Up-to-date: /home/richa/ros2_ws/install/tp1/share/tp1/environment/path.dsv
[0.172s] -- Up-to-date: /home/richa/ros2_ws/install/tp1/share/tp1/local_setup.bash
[0.173s] -- Up-to-date: /home/richa/ros2_ws/install/tp1/share/tp1/local_setup.sh
[0.174s] -- Up-to-date: /home/richa/ros2_ws/install/tp1/share/tp1/local_setup.zsh
[0.174s] -- Up-to-date: /home/richa/ros2_ws/install/tp1/share/tp1/local_setup.dsv
[0.175s] -- Installing: /home/richa/ros2_ws/install/tp1/share/tp1/package.dsv
[0.175s] -- Up-to-date: /home/richa/ros2_ws/install/tp1/share/ament_index/resource_index/packages/tp1
[0.176s] -- Up-to-date: /home/richa/ros2_ws/install/tp1/share/tp1/cmake/tp1Config.cmake
[0.177s] -- Up-to-date: /home/richa/ros2_ws/install/tp1/share/tp1/cmake/tp1Config-version.cmake
[0.177s] -- Up-to-date: /home/richa/ros2_ws/install/tp1/share/tp1/package.xml
[0.188s] Invoked command in '/home/richa/ros2_ws/build/tp1' returned '0': CMAKE_PREFIX_PATH=${CMAKE_PREFIX_PATH}:/opt/ros/jazzy /usr/bin/cmake --install /home/richa/ros2_ws/build/tp1
