[0.013s] Invoking command in '/home/richard/ros2_ws/build/turtlesim': DEBUGINFOD_URLS=https://debuginfod.ubuntu.com /usr/bin/cmake /home/richard/ros2_ws/src/ros_tutorials/turtlesim -DCMAKE_INSTALL_PREFIX=/home/richard/ros2_ws/install/turtlesim
[0.077s] -- The C compiler identification is GNU 13.3.0
[0.144s] -- The CXX compiler identification is GNU 13.3.0
[0.161s] -- Detecting C compiler ABI info
[0.260s] -- Detecting C compiler ABI info - done
[0.274s] -- Check for working C compiler: /usr/bin/cc - skipped
[0.274s] -- Detecting C compile features
[0.275s] -- Detecting C compile features - done
[0.286s] -- Detecting CXX compiler ABI info
[0.417s] -- Detecting CXX compiler ABI info - done
[0.431s] -- Check for working CXX compiler: /usr/bin/c++ - skipped
[0.431s] -- Detecting CXX compile features
[0.431s] -- Detecting CXX compile features - done
[0.439s] -- Configuring incomplete, errors occurred!
[0.440s] [31mCMake Error at CMakeLists.txt:13 (find_package):
[0.440s]   By not providing "Findament_cmake.cmake" in CMAKE_MODULE_PATH this project
[0.440s]   has asked CMake to find a package configuration file provided by
[0.440s]   "ament_cmake", but CMake did not find one.
[0.440s] 
[0.440s]   Could not find a package configuration file provided by "ament_cmake" with
[0.440s]   any of the following names:
[0.440s] 
[0.441s]     ament_cmakeConfig.cmake
[0.441s]     ament_cmake-config.cmake
[0.441s] 
[0.441s]   Add the installation prefix of "ament_cmake" to CMAKE_PREFIX_PATH or set
[0.441s]   "ament_cmake_DIR" to a directory containing one of the above files.  If
[0.441s]   "ament_cmake" provides a separate development package or SDK, be sure it
[0.441s]   has been installed.
[0.441s] 
[0.441s] [0m
