[0.036s] Invoking command in '/home/richard/ros2_ws/build/tp1': CMAKE_PREFIX_PATH=${CMAKE_PREFIX_PATH}:/opt/ros/jazzy DEBUGINFOD_URLS=https://debuginfod.ubuntu.com /usr/bin/cmake --build /home/richard/ros2_ws/build/tp1 -- -j4 -l4
[0.205s] [ 12%] [32mBuilding CXX object CMakeFiles/navigation.dir/src/Mapping.cpp.o[0m
[3.994s] [01m[K/home/richard/ros2_ws/src/tp1/src/Mapping.cpp:[m[K In function ‘[01m[Kvoid*[01;32m[K mappingThreadFunction[m[K(void*)[m[K’:
[3.994s] [01m[K/home/richard/ros2_ws/src/tp1/src/Mapping.cpp:659:27:[m[K [01;31m[Kerror: [m[Kinvalid initialization of reference of type ‘[01m[Kconst std::vector<std::vector<int> >&[m[K’ from expression of type ‘[01m[Kstd::vector<std::vector<float> >[m[K’
[3.994s]   659 |         processarMatrizes([01;31m[KmatrizMundo[m[K, knownRegion, occGrid);
[3.994s]       |                           [01;31m[K^~~~~~~~~~~[m[K
[3.994s] [01m[K/home/richard/ros2_ws/src/tp1/src/Mapping.cpp:327:42:[m[K [01;36m[Knote: [m[Kin passing argument 1 of ‘[01m[Kvoid[01;32m[K processarMatrizes[m[K(const std::vector<std::vector<int> >&, const std::vector<std::vector<int> >&, std::vector<std::vector<int> >&)[m[K’
[3.994s]   327 |     [01;36m[Kconst std::vector<std::vector<int>>& matA[m[K,
[3.995s]       |     [01;36m[K~~~~~~~~~~~~~~~~~~~~~~~~~~~~~~~~~~~~~^~~~[m[K
[3.998s] [01m[K/home/richard/ros2_ws/src/tp1/src/Mapping.cpp:680:79:[m[K [01;31m[Kerror: [m[Kinvalid initialization of reference of type ‘[01m[Kconst std::vector<std::vector<Cell> >&[m[K’ from expression of type ‘[01m[Kstd::vector<std::vector<float> >[m[K’
[3.998s]   680 |         std::vector<double> distancias = calcularDistanciasRoboParaCentroides([01;31m[KoccGrid[m[K, matPosRobo.coluna, matPosRobo.linha, listaCentroides);
[3.998s]       |                                                                               [01;31m[K^~~~~~~[m[K
[3.998s] [01m[K/home/richard/ros2_ws/src/tp1/src/Mapping.cpp:619:43:[m[K [01;36m[Knote: [m[Kin passing argument 1 of ‘[01m[Kstd::vector<double, std::allocator<double> >[01;32m[K calcularDistanciasRoboParaCentroides[m[K(const std::vector<std::vector<Cell> >&, int, int, const std::vector<Centroide>&)[m[K’
[3.998s]   619 |     [01;36m[Kconst std::vector<std::vector<Cell>>& grid[m[K,
[4.000s]       |     [01;36m[K~~~~~~~~~~~~~~~~~~~~~~~~~~~~~~~~~~~~~~^~~~[m[K
[4.003s] [01m[K/home/richard/ros2_ws/src/tp1/src/Mapping.cpp:681:19:[m[K [01;31m[Kerror: [m[Kno match for ‘[01m[Koperator<<[m[K’ (operand types are ‘[01m[Kstd::ostream[m[K’ {aka ‘[01m[Kstd::basic_ostream<char>[m[K’} and ‘[01m[Kstd::vector<double, std::allocator<double> >[m[K’)
[4.003s]   681 |         [32m[Kstd::cout[m[K [01;31m[K<<[m[K [34m[Kdistancias[m[K << "\n";
[4.003s]       |         [32m[K~~~~~~~~~[m[K [01;31m[K^~[m[K [34m[K~~~~~~~~~~[m[K
[4.003s]       |              [32m[K|[m[K       [34m[K|[m[K
[4.003s]       |              [32m[K|[m[K       [34m[Kstd::vector<double, std::allocator<double> >[m[K
[4.003s]       |              [32m[Kstd::ostream {aka std::basic_ostream<char>}[m[K
[4.004s] In file included from [01m[K/usr/include/c++/13/istream:41[m[K,
[4.004s]                  from [01m[K/usr/include/c++/13/sstream:40[m[K,
[4.004s]                  from [01m[K/opt/ros/jazzy/include/rcl_interfaces/rcl_interfaces/srv/detail/list_parameters__traits.hpp:13[m[K,
[4.005s]                  from [01m[K/opt/ros/jazzy/include/rcl_interfaces/rcl_interfaces/srv/list_parameters.hpp:9[m[K,
[4.005s]                  from [01m[K/opt/ros/jazzy/include/rclcpp/rclcpp/copy_all_parameter_values.hpp:21[m[K,
[4.005s]                  from [01m[K/opt/ros/jazzy/include/rclcpp/rclcpp/rclcpp.hpp:171[m[K,
[4.005s]                  from [01m[K/home/richard/ros2_ws/src/tp1/src/Mapping.cpp:2[m[K:
[4.005s] [01m[K/usr/include/c++/13/ostream:110:7:[m[K [01;36m[Knote: [m[Kcandidate: ‘[01m[Kstd::basic_ostream<_CharT, _Traits>::__ostream_type& std::basic_ostream<_CharT, _Traits>::[01;32m[Koperator<<[m[K(__ostream_type& (*)(__ostream_type&)) [35m[K[with _CharT = char; _Traits = std::char_traits<char>; __ostream_type = std::basic_ostream<char>][m[K[m[K’
[4.005s]   110 |       [01;36m[Koperator[m[K<<(__ostream_type& (*__pf)(__ostream_type&))
[4.005s]       |       [01;36m[K^~~~~~~~[m[K
[4.005s] [01m[K/usr/include/c++/13/ostream:110:36:[m[K [01;36m[Knote: [m[K  no known conversion for argument 1 from ‘[01m[Kstd::vector<double, std::allocator<double> >[m[K’ to ‘[01m[Kstd::basic_ostream<char>::__ostream_type& (*)(std::basic_ostream<char>::__ostream_type&)[m[K’ {aka ‘[01m[Kstd::basic_ostream<char>& (*)(std::basic_ostream<char>&)[m[K’}
[4.005s]   110 |       operator<<([01;36m[K__ostream_type& (*__pf)(__ostream_type&)[m[K)
[4.005s]       |                  [01;36m[K~~~~~~~~~~~~~~~~~~^~~~~~~~~~~~~~~~~~~~~~[m[K
[4.006s] [01m[K/usr/include/c++/13/ostream:119:7:[m[K [01;36m[Knote: [m[Kcandidate: ‘[01m[Kstd::basic_ostream<_CharT, _Traits>::__ostream_type& std::basic_ostream<_CharT, _Traits>::[01;32m[Koperator<<[m[K(__ios_type& (*)(__ios_type&)) [35m[K[with _CharT = char; _Traits = std::char_traits<char>; __ostream_type = std::basic_ostream<char>; __ios_type = std::basic_ios<char>][m[K[m[K’
[4.006s]   119 |       [01;36m[Koperator[m[K<<(__ios_type& (*__pf)(__ios_type&))
[4.006s]       |       [01;36m[K^~~~~~~~[m[K
[4.006s] [01m[K/usr/include/c++/13/ostream:119:32:[m[K [01;36m[Knote: [m[K  no known conversion for argument 1 from ‘[01m[Kstd::vector<double, std::allocator<double> >[m[K’ to ‘[01m[Kstd::basic_ostream<char>::__ios_type& (*)(std::basic_ostream<char>::__ios_type&)[m[K’ {aka ‘[01m[Kstd::basic_ios<char>& (*)(std::basic_ios<char>&)[m[K’}
[4.006s]   119 |       operator<<([01;36m[K__ios_type& (*__pf)(__ios_type&)[m[K)
[4.006s]       |                  [01;36m[K~~~~~~~~~~~~~~^~~~~~~~~~~~~~~~~~[m[K
[4.006s] [01m[K/usr/include/c++/13/ostream:129:7:[m[K [01;36m[Knote: [m[Kcandidate: ‘[01m[Kstd::basic_ostream<_CharT, _Traits>::__ostream_type& std::basic_ostream<_CharT, _Traits>::[01;32m[Koperator<<[m[K(std::ios_base& (*)(std::ios_base&)) [35m[K[with _CharT = char; _Traits = std::char_traits<char>; __ostream_type = std::basic_ostream<char>][m[K[m[K’
[4.006s]   129 |       [01;36m[Koperator[m[K<<(ios_base& (*__pf) (ios_base&))
[4.006s]       |       [01;36m[K^~~~~~~~[m[K
[4.006s] [01m[K/usr/include/c++/13/ostream:129:30:[m[K [01;36m[Knote: [m[K  no known conversion for argument 1 from ‘[01m[Kstd::vector<double, std::allocator<double> >[m[K’ to ‘[01m[Kstd::ios_base& (*)(std::ios_base&)[m[K’
[4.007s]   129 |       operator<<([01;36m[Kios_base& (*__pf) (ios_base&)[m[K)
[4.008s]       |                  [01;36m[K~~~~~~~~~~~~^~~~~~~~~~~~~~~~~[m[K
[4.008s] [01m[K/usr/include/c++/13/ostream:168:7:[m[K [01;36m[Knote: [m[Kcandidate: ‘[01m[Kstd::basic_ostream<_CharT, _Traits>::__ostream_type& std::basic_ostream<_CharT, _Traits>::[01;32m[Koperator<<[m[K(long int) [35m[K[with _CharT = char; _Traits = std::char_traits<char>; __ostream_type = std::basic_ostream<char>][m[K[m[K’
[4.008s]   168 |       [01;36m[Koperator[m[K<<(long __n)
[4.008s]       |       [01;36m[K^~~~~~~~[m[K
[4.008s] [01m[K/usr/include/c++/13/ostream:168:23:[m[K [01;36m[Knote: [m[K  no known conversion for argument 1 from ‘[01m[Kstd::vector<double, std::allocator<double> >[m[K’ to ‘[01m[Klong int[m[K’
[4.008s]   168 |       operator<<([01;36m[Klong __n[m[K)
[4.008s]       |                  [01;36m[K~~~~~^~~[m[K
[4.008s] [01m[K/usr/include/c++/13/ostream:172:7:[m[K [01;36m[Knote: [m[Kcandidate: ‘[01m[Kstd::basic_ostream<_CharT, _Traits>::__ostream_type& std::basic_ostream<_CharT, _Traits>::[01;32m[Koperator<<[m[K(long unsigned int) [35m[K[with _CharT = char; _Traits = std::char_traits<char>; __ostream_type = std::basic_ostream<char>][m[K[m[K’
[4.008s]   172 |       [01;36m[Koperator[m[K<<(unsigned long __n)
[4.008s]       |       [01;36m[K^~~~~~~~[m[K
[4.009s] [01m[K/usr/include/c++/13/ostream:172:32:[m[K [01;36m[Knote: [m[K  no known conversion for argument 1 from ‘[01m[Kstd::vector<double, std::allocator<double> >[m[K’ to ‘[01m[Klong unsigned int[m[K’
[4.009s]   172 |       operator<<([01;36m[Kunsigned long __n[m[K)
[4.009s]       |                  [01;36m[K~~~~~~~~~~~~~~^~~[m[K
[4.009s] [01m[K/usr/include/c++/13/ostream:176:7:[m[K [01;36m[Knote: [m[Kcandidate: ‘[01m[Kstd::basic_ostream<_CharT, _Traits>::__ostream_type& std::basic_ostream<_CharT, _Traits>::[01;32m[Koperator<<[m[K(bool) [35m[K[with _CharT = char; _Traits = std::char_traits<char>; __ostream_type = std::basic_ostream<char>][m[K[m[K’
[4.009s]   176 |       [01;36m[Koperator[m[K<<(bool __n)
[4.009s]       |       [01;36m[K^~~~~~~~[m[K
[4.009s] [01m[K/usr/include/c++/13/ostream:176:23:[m[K [01;36m[Knote: [m[K  no known conversion for argument 1 from ‘[01m[Kstd::vector<double, std::allocator<double> >[m[K’ to ‘[01m[Kbool[m[K’
[4.009s]   176 |       operator<<([01;36m[Kbool __n[m[K)
[4.009s]       |                  [01;36m[K~~~~~^~~[m[K
[4.009s] In file included from [01m[K/usr/include/c++/13/ostream:880[m[K:
[4.009s] [01m[K/usr/include/c++/13/bits/ostream.tcc:96:5:[m[K [01;36m[Knote: [m[Kcandidate: ‘[01m[Kstd::basic_ostream<_CharT, _Traits>& std::basic_ostream<_CharT, _Traits>::[01;32m[Koperator<<[m[K(short int) [35m[K[with _CharT = char; _Traits = std::char_traits<char>][m[K[m[K’
[4.009s]    96 |     [01;36m[Kbasic_ostream<_CharT, _Traits>[m[K::
[4.010s]       |     [01;36m[K^~~~~~~~~~~~~~~~~~~~~~~~~~~~~~[m[K
[4.010s] [01m[K/usr/include/c++/13/bits/ostream.tcc:97:22:[m[K [01;36m[Knote: [m[K  no known conversion for argument 1 from ‘[01m[Kstd::vector<double, std::allocator<double> >[m[K’ to ‘[01m[Kshort int[m[K’
[4.010s]    97 |     operator<<([01;36m[Kshort __n[m[K)
[4.010s]       |                [01;36m[K~~~~~~^~~[m[K
[4.010s] [01m[K/usr/include/c++/13/ostream:183:7:[m[K [01;36m[Knote: [m[Kcandidate: ‘[01m[Kstd::basic_ostream<_CharT, _Traits>::__ostream_type& std::basic_ostream<_CharT, _Traits>::[01;32m[Koperator<<[m[K(short unsigned int) [35m[K[with _CharT = char; _Traits = std::char_traits<char>; __ostream_type = std::basic_ostream<char>][m[K[m[K’
[4.010s]   183 |       [01;36m[Koperator[m[K<<(unsigned short __n)
[4.010s]       |       [01;36m[K^~~~~~~~[m[K
[4.010s] [01m[K/usr/include/c++/13/ostream:183:33:[m[K [01;36m[Knote: [m[K  no known conversion for argument 1 from ‘[01m[Kstd::vector<double, std::allocator<double> >[m[K’ to ‘[01m[Kshort unsigned int[m[K’
[4.010s]   183 |       operator<<([01;36m[Kunsigned short __n[m[K)
[4.010s]       |                  [01;36m[K~~~~~~~~~~~~~~~^~~[m[K
[4.011s] [01m[K/usr/include/c++/13/bits/ostream.tcc:110:5:[m[K [01;36m[Knote: [m[Kcandidate: ‘[01m[Kstd::basic_ostream<_CharT, _Traits>& std::basic_ostream<_CharT, _Traits>::[01;32m[Koperator<<[m[K(int) [35m[K[with _CharT = char; _Traits = std::char_traits<char>][m[K[m[K’
[4.011s]   110 |     [01;36m[Kbasic_ostream<_CharT, _Traits>[m[K::
[4.011s]       |     [01;36m[K^~~~~~~~~~~~~~~~~~~~~~~~~~~~~~[m[K
[4.012s] [01m[K/usr/include/c++/13/bits/ostream.tcc:111:20:[m[K [01;36m[Knote: [m[K  no known conversion for argument 1 from ‘[01m[Kstd::vector<double, std::allocator<double> >[m[K’ to ‘[01m[Kint[m[K’
[4.012s]   111 |     operator<<([01;36m[Kint __n[m[K)
[4.012s]       |                [01;36m[K~~~~^~~[m[K
[4.013s] [01m[K/usr/include/c++/13/ostream:194:7:[m[K [01;36m[Knote: [m[Kcandidate: ‘[01m[Kstd::basic_ostream<_CharT, _Traits>::__ostream_type& std::basic_ostream<_CharT, _Traits>::[01;32m[Koperator<<[m[K(unsigned int) [35m[K[with _CharT = char; _Traits = std::char_traits<char>; __ostream_type = std::basic_ostream<char>][m[K[m[K’
[4.013s]   194 |       [01;36m[Koperator[m[K<<(unsigned int __n)
[4.013s]       |       [01;36m[K^~~~~~~~[m[K
[4.013s] [01m[K/usr/include/c++/13/ostream:194:31:[m[K [01;36m[Knote: [m[K  no known conversion for argument 1 from ‘[01m[Kstd::vector<double, std::allocator<double> >[m[K’ to ‘[01m[Kunsigned int[m[K’
[4.013s]   194 |       operator<<([01;36m[Kunsigned int __n[m[K)
[4.013s]       |                  [01;36m[K~~~~~~~~~~~~~^~~[m[K
[4.013s] [01m[K/usr/include/c++/13/ostream:203:7:[m[K [01;36m[Knote: [m[Kcandidate: ‘[01m[Kstd::basic_ostream<_CharT, _Traits>::__ostream_type& std::basic_ostream<_CharT, _Traits>::[01;32m[Koperator<<[m[K(long long int) [35m[K[with _CharT = char; _Traits = std::char_traits<char>; __ostream_type = std::basic_ostream<char>][m[K[m[K’
[4.013s]   203 |       [01;36m[Koperator[m[K<<(long long __n)
[4.014s]       |       [01;36m[K^~~~~~~~[m[K
[4.014s] [01m[K/usr/include/c++/13/ostream:203:28:[m[K [01;36m[Knote: [m[K  no known conversion for argument 1 from ‘[01m[Kstd::vector<double, std::allocator<double> >[m[K’ to ‘[01m[Klong long int[m[K’
[4.014s]   203 |       operator<<([01;36m[Klong long __n[m[K)
[4.014s]       |                  [01;36m[K~~~~~~~~~~^~~[m[K
[4.014s] [01m[K/usr/include/c++/13/ostream:207:7:[m[K [01;36m[Knote: [m[Kcandidate: ‘[01m[Kstd::basic_ostream<_CharT, _Traits>::__ostream_type& std::basic_ostream<_CharT, _Traits>::[01;32m[Koperator<<[m[K(long long unsigned int) [35m[K[with _CharT = char; _Traits = std::char_traits<char>; __ostream_type = std::basic_ostream<char>][m[K[m[K’
[4.014s]   207 |       [01;36m[Koperator[m[K<<(unsigned long long __n)
[4.014s]       |       [01;36m[K^~~~~~~~[m[K
[4.014s] [01m[K/usr/include/c++/13/ostream:207:37:[m[K [01;36m[Knote: [m[K  no known conversion for argument 1 from ‘[01m[Kstd::vector<double, std::allocator<double> >[m[K’ to ‘[01m[Klong long unsigned int[m[K’
[4.014s]   207 |       operator<<([01;36m[Kunsigned long long __n[m[K)
[4.014s]       |                  [01;36m[K~~~~~~~~~~~~~~~~~~~^~~[m[K
[4.014s] [01m[K/usr/include/c++/13/ostream:222:7:[m[K [01;36m[Knote: [m[Kcandidate: ‘[01m[Kstd::basic_ostream<_CharT, _Traits>::__ostream_type& std::basic_ostream<_CharT, _Traits>::[01;32m[Koperator<<[m[K(double) [35m[K[with _CharT = char; _Traits = std::char_traits<char>; __ostream_type = std::basic_ostream<char>][m[K[m[K’
[4.015s]   222 |       [01;36m[Koperator[m[K<<(double __f)
[4.015s]       |       [01;36m[K^~~~~~~~[m[K
[4.015s] [01m[K/usr/include/c++/13/ostream:222:25:[m[K [01;36m[Knote: [m[K  no known conversion for argument 1 from ‘[01m[Kstd::vector<double, std::allocator<double> >[m[K’ to ‘[01m[Kdouble[m[K’
[4.015s]   222 |       operator<<([01;36m[Kdouble __f[m[K)
[4.015s]       |                  [01;36m[K~~~~~~~^~~[m[K
[4.015s] [01m[K/usr/include/c++/13/ostream:226:7:[m[K [01;36m[Knote: [m[Kcandidate: ‘[01m[Kstd::basic_ostream<_CharT, _Traits>::__ostream_type& std::basic_ostream<_CharT, _Traits>::[01;32m[Koperator<<[m[K(float) [35m[K[with _CharT = char; _Traits = std::char_traits<char>; __ostream_type = std::basic_ostream<char>][m[K[m[K’
[4.015s]   226 |       [01;36m[Koperator[m[K<<(float __f)
[4.015s]       |       [01;36m[K^~~~~~~~[m[K
[4.015s] [01m[K/usr/include/c++/13/ostream:226:24:[m[K [01;36m[Knote: [m[K  no known conversion for argument 1 from ‘[01m[Kstd::vector<double, std::allocator<double> >[m[K’ to ‘[01m[Kfloat[m[K’
[4.015s]   226 |       operator<<([01;36m[Kfloat __f[m[K)
[4.015s]       |                  [01;36m[K~~~~~~^~~[m[K
[4.015s] [01m[K/usr/include/c++/13/ostream:234:7:[m[K [01;36m[Knote: [m[Kcandidate: ‘[01m[Kstd::basic_ostream<_CharT, _Traits>::__ostream_type& std::basic_ostream<_CharT, _Traits>::[01;32m[Koperator<<[m[K(long double) [35m[K[with _CharT = char; _Traits = std::char_traits<char>; __ostream_type = std::basic_ostream<char>][m[K[m[K’
[4.016s]   234 |       [01;36m[Koperator[m[K<<(long double __f)
[4.016s]       |       [01;36m[K^~~~~~~~[m[K
[4.016s] [01m[K/usr/include/c++/13/ostream:234:30:[m[K [01;36m[Knote: [m[K  no known conversion for argument 1 from ‘[01m[Kstd::vector<double, std::allocator<double> >[m[K’ to ‘[01m[Klong double[m[K’
[4.016s]   234 |       operator<<([01;36m[Klong double __f[m[K)
[4.016s]       |                  [01;36m[K~~~~~~~~~~~~^~~[m[K
[4.016s] [01m[K/usr/include/c++/13/ostream:292:7:[m[K [01;36m[Knote: [m[Kcandidate: ‘[01m[Kstd::basic_ostream<_CharT, _Traits>::__ostream_type& std::basic_ostream<_CharT, _Traits>::[01;32m[Koperator<<[m[K(const void*) [35m[K[with _CharT = char; _Traits = std::char_traits<char>; __ostream_type = std::basic_ostream<char>][m[K[m[K’
[4.016s]   292 |       [01;36m[Koperator[m[K<<(const void* __p)
[4.016s]       |       [01;36m[K^~~~~~~~[m[K
[4.017s] [01m[K/usr/include/c++/13/ostream:292:30:[m[K [01;36m[Knote: [m[K  no known conversion for argument 1 from ‘[01m[Kstd::vector<double, std::allocator<double> >[m[K’ to ‘[01m[Kconst void*[m[K’
[4.017s]   292 |       operator<<([01;36m[Kconst void* __p[m[K)
[4.017s]       |                  [01;36m[K~~~~~~~~~~~~^~~[m[K
[4.017s] [01m[K/usr/include/c++/13/ostream:297:7:[m[K [01;36m[Knote: [m[Kcandidate: ‘[01m[Kstd::basic_ostream<_CharT, _Traits>::__ostream_type& std::basic_ostream<_CharT, _Traits>::[01;32m[Koperator<<[m[K(std::nullptr_t) [35m[K[with _CharT = char; _Traits = std::char_traits<char>; __ostream_type = std::basic_ostream<char>; std::nullptr_t = std::nullptr_t][m[K[m[K’
[4.017s]   297 |       [01;36m[Koperator[m[K<<(nullptr_t)
[4.017s]       |       [01;36m[K^~~~~~~~[m[K
[4.018s] [01m[K/usr/include/c++/13/ostream:297:18:[m[K [01;36m[Knote: [m[K  no known conversion for argument 1 from ‘[01m[Kstd::vector<double, std::allocator<double> >[m[K’ to ‘[01m[Kstd::nullptr_t[m[K’
[4.018s]   297 |       operator<<([01;36m[Knullptr_t[m[K)
[4.018s]       |                  [01;36m[K^~~~~~~~~[m[K
[4.018s] [01m[K/usr/include/c++/13/bits/ostream.tcc:124:5:[m[K [01;36m[Knote: [m[Kcandidate: ‘[01m[Kstd::basic_ostream<_CharT, _Traits>& std::basic_ostream<_CharT, _Traits>::[01;32m[Koperator<<[m[K(__streambuf_type*) [35m[K[with _CharT = char; _Traits = std::char_traits<char>; __streambuf_type = std::basic_streambuf<char>][m[K[m[K’
[4.018s]   124 |     [01;36m[Kbasic_ostream<_CharT, _Traits>[m[K::
[4.018s]       |     [01;36m[K^~~~~~~~~~~~~~~~~~~~~~~~~~~~~~[m[K
[4.018s] [01m[K/usr/include/c++/13/bits/ostream.tcc:125:34:[m[K [01;36m[Knote: [m[K  no known conversion for argument 1 from ‘[01m[Kstd::vector<double, std::allocator<double> >[m[K’ to ‘[01m[Kstd::basic_ostream<char>::__streambuf_type*[m[K’ {aka ‘[01m[Kstd::basic_streambuf<char>*[m[K’}
[4.018s]   125 |     operator<<([01;36m[K__streambuf_type* __sbin[m[K)
[4.019s]       |                [01;36m[K~~~~~~~~~~~~~~~~~~^~~~~~[m[K
[4.019s] In file included from [01m[K/usr/include/c++/13/bits/memory_resource.h:38[m[K,
[4.019s]                  from [01m[K/usr/include/c++/13/vector:80[m[K,
[4.019s]                  from [01m[K/home/richard/ros2_ws/src/tp1/include/Mapping.hpp:6[m[K,
[4.019s]                  from [01m[K/home/richard/ros2_ws/src/tp1/src/Mapping.cpp:1[m[K:
[4.019s] [01m[K/usr/include/c++/13/cstddef:124:5:[m[K [01;36m[Knote: [m[Kcandidate: ‘[01m[Ktemplate<class _IntegerType> constexpr std::__byte_op_t<_IntegerType> std::[01;32m[Koperator<<[m[K(byte, _IntegerType)[m[K’
[4.019s]   124 |     [01;36m[Koperator[m[K<<(byte __b, _IntegerType __shift) noexcept
[4.019s]       |     [01;36m[K^~~~~~~~[m[K
[4.019s] [01m[K/usr/include/c++/13/cstddef:124:5:[m[K [01;36m[Knote: [m[K  template argument deduction/substitution failed:
[4.019s] [01m[K/home/richard/ros2_ws/src/tp1/src/Mapping.cpp:681:14:[m[K [01;36m[Knote: [m[K  cannot convert ‘[01m[Kstd::cout[m[K’ (type ‘[01m[Kstd::ostream[m[K’ {aka ‘[01m[Kstd::basic_ostream<char>[m[K’}) to type ‘[01m[Kstd::byte[m[K’
[4.019s]   681 |         [01;36m[Kstd::cout[m[K << distancias << "\n";
[4.019s]       |         [01;36m[K~~~~~^~~~[m[K
[4.020s] In file included from [01m[K/usr/include/c++/13/bits/basic_string.h:47[m[K,
[4.020s]                  from [01m[K/usr/include/c++/13/string:54[m[K,
[4.020s]                  from [01m[K/home/richard/ros2_ws/src/tp1/include/Mapping.hpp:7[m[K:
[4.020s] [01m[K/usr/include/c++/13/string_view:761:5:[m[K [01;36m[Knote: [m[Kcandidate: ‘[01m[Ktemplate<class _CharT, class _Traits> std::basic_ostream<_CharT, _Traits>& std::[01;32m[Koperator<<[m[K(basic_ostream<_CharT, _Traits>&, basic_string_view<_CharT, _Traits>)[m[K’
[4.020s]   761 |     [01;36m[Koperator[m[K<<(basic_ostream<_CharT, _Traits>& __os,
[4.020s]       |     [01;36m[K^~~~~~~~[m[K
[4.020s] [01m[K/usr/include/c++/13/string_view:761:5:[m[K [01;36m[Knote: [m[K  template argument deduction/substitution failed:
[4.020s] [01m[K/home/richard/ros2_ws/src/tp1/src/Mapping.cpp:681:22:[m[K [01;36m[Knote: [m[K  ‘[01m[Kstd::vector<double, std::allocator<double> >[m[K’ is not derived from ‘[01m[Kstd::basic_string_view<_CharT, _Traits>[m[K’
[4.020s]   681 |         std::cout << [01;36m[Kdistancias[m[K << "\n";
[4.020s]       |                      [01;36m[K^~~~~~~~~~[m[K
[4.020s] [01m[K/usr/include/c++/13/bits/basic_string.h:4032:5:[m[K [01;36m[Knote: [m[Kcandidate: ‘[01m[Ktemplate<class _CharT, class _Traits, class _Alloc> std::basic_ostream<_CharT, _Traits>& std::[01;32m[Koperator<<[m[K(basic_ostream<_CharT, _Traits>&, const __cxx11::basic_string<_CharT, _Traits, _Allocator>&)[m[K’
[4.021s]  4032 |     [01;36m[Koperator[m[K<<(basic_ostream<_CharT, _Traits>& __os,
[4.021s]       |     [01;36m[K^~~~~~~~[m[K
[4.021s] [01m[K/usr/include/c++/13/bits/basic_string.h:4032:5:[m[K [01;36m[Knote: [m[K  template argument deduction/substitution failed:
[4.021s] [01m[K/home/richard/ros2_ws/src/tp1/src/Mapping.cpp:681:22:[m[K [01;36m[Knote: [m[K  ‘[01m[Kstd::vector<double, std::allocator<double> >[m[K’ is not derived from ‘[01m[Kconst std::__cxx11::basic_string<_CharT, _Traits, _Allocator>[m[K’
[4.021s]   681 |         std::cout << [01;36m[Kdistancias[m[K << "\n";
[4.021s]       |                      [01;36m[K^~~~~~~~~~[m[K
[4.021s] In file included from [01m[K/usr/include/c++/13/memory:80[m[K,
[4.021s]                  from [01m[K/opt/ros/jazzy/include/rclcpp/rclcpp/rclcpp.hpp:169[m[K:
[4.021s] [01m[K/usr/include/c++/13/bits/shared_ptr.h:70:5:[m[K [01;36m[Knote: [m[Kcandidate: ‘[01m[Ktemplate<class _Ch, class _Tr, class _Tp, __gnu_cxx::_Lock_policy _Lp> std::basic_ostream<_CharT, _Traits>& std::[01;32m[Koperator<<[m[K(basic_ostream<_CharT, _Traits>&, const __shared_ptr<_Tp, _Lp>&)[m[K’
[4.021s]    70 |     [01;36m[Koperator[m[K<<(std::basic_ostream<_Ch, _Tr>& __os,
[4.021s]       |     [01;36m[K^~~~~~~~[m[K
[4.021s] [01m[K/usr/include/c++/13/bits/shared_ptr.h:70:5:[m[K [01;36m[Knote: [m[K  template argument deduction/substitution failed:
[4.022s] [01m[K/home/richard/ros2_ws/src/tp1/src/Mapping.cpp:681:22:[m[K [01;36m[Knote: [m[K  ‘[01m[Kstd::vector<double, std::allocator<double> >[m[K’ is not derived from ‘[01m[Kconst std::__shared_ptr<_Tp, _Lp>[m[K’
[4.022s]   681 |         std::cout << [01;36m[Kdistancias[m[K << "\n";
[4.022s]       |                      [01;36m[K^~~~~~~~~~[m[K
[4.022s] In file included from [01m[K/usr/include/c++/13/bits/ios_base.h:46[m[K,
[4.022s]                  from [01m[K/usr/include/c++/13/ios:44[m[K,
[4.022s]                  from [01m[K/usr/include/c++/13/istream:40[m[K:
[4.022s] [01m[K/usr/include/c++/13/system_error:339:5:[m[K [01;36m[Knote: [m[Kcandidate: ‘[01m[Ktemplate<class _CharT, class _Traits> std::basic_ostream<_CharT, _Traits>& std::[01;32m[Koperator<<[m[K(basic_ostream<_CharT, _Traits>&, const error_code&)[m[K’
[4.022s]   339 |     [01;36m[Koperator[m[K<<(basic_ostream<_CharT, _Traits>& __os, const error_code& __e)
[4.022s]       |     [01;36m[K^~~~~~~~[m[K
[4.023s] [01m[K/usr/include/c++/13/system_error:339:5:[m[K [01;36m[Knote: [m[K  template argument deduction/substitution failed:
[4.023s] [01m[K/home/richard/ros2_ws/src/tp1/src/Mapping.cpp:681:22:[m[K [01;36m[Knote: [m[K  cannot convert ‘[01m[Kdistancias[m[K’ (type ‘[01m[Kstd::vector<double, std::allocator<double> >[m[K’) to type ‘[01m[Kconst std::error_code&[m[K’
[4.023s]   681 |         std::cout << [01;36m[Kdistancias[m[K << "\n";
[4.023s]       |                      [01;36m[K^~~~~~~~~~[m[K
[4.023s] [01m[K/usr/include/c++/13/ostream:554:5:[m[K [01;36m[Knote: [m[Kcandidate: ‘[01m[Ktemplate<class _CharT, class _Traits> std::basic_ostream<_CharT, _Traits>& std::[01;32m[Koperator<<[m[K(basic_ostream<_CharT, _Traits>&, _CharT)[m[K’
[4.023s]   554 |     [01;36m[Koperator[m[K<<(basic_ostream<_CharT, _Traits>& __out, _CharT __c)
[4.024s]       |     [01;36m[K^~~~~~~~[m[K
[4.024s] [01m[K/usr/include/c++/13/ostream:554:5:[m[K [01;36m[Knote: [m[K  template argument deduction/substitution failed:
[4.024s] [01m[K/home/richard/ros2_ws/src/tp1/src/Mapping.cpp:681:22:[m[K [01;36m[Knote: [m[K  deduced conflicting types for parameter ‘[01m[K_CharT[m[K’ (‘[01m[Kchar[m[K’ and ‘[01m[Kstd::vector<double, std::allocator<double> >[m[K’)
[4.024s]   681 |         std::cout << [01;36m[Kdistancias[m[K << "\n";
[4.024s]       |                      [01;36m[K^~~~~~~~~~[m[K
[4.024s] [01m[K/usr/include/c++/13/ostream:564:5:[m[K [01;36m[Knote: [m[Kcandidate: ‘[01m[Ktemplate<class _CharT, class _Traits> std::basic_ostream<_CharT, _Traits>& std::[01;32m[Koperator<<[m[K(basic_ostream<_CharT, _Traits>&, char)[m[K’
[4.024s]   564 |     [01;36m[Koperator[m[K<<(basic_ostream<_CharT, _Traits>& __out, char __c)
[4.024s]       |     [01;36m[K^~~~~~~~[m[K
[4.024s] [01m[K/usr/include/c++/13/ostream:564:5:[m[K [01;36m[Knote: [m[K  template argument deduction/substitution failed:
[4.024s] [01m[K/home/richard/ros2_ws/src/tp1/src/Mapping.cpp:681:22:[m[K [01;36m[Knote: [m[K  cannot convert ‘[01m[Kdistancias[m[K’ (type ‘[01m[Kstd::vector<double, std::allocator<double> >[m[K’) to type ‘[01m[Kchar[m[K’
[4.025s]   681 |         std::cout << [01;36m[Kdistancias[m[K << "\n";
[4.025s]       |                      [01;36m[K^~~~~~~~~~[m[K
[4.025s] [01m[K/usr/include/c++/13/ostream:570:5:[m[K [01;36m[Knote: [m[Kcandidate: ‘[01m[Ktemplate<class _Traits> std::basic_ostream<char, _Traits>& std::[01;32m[Koperator<<[m[K(basic_ostream<char, _Traits>&, char)[m[K’
[4.025s]   570 |     [01;36m[Koperator[m[K<<(basic_ostream<char, _Traits>& __out, char __c)
[4.025s]       |     [01;36m[K^~~~~~~~[m[K
[4.025s] [01m[K/usr/include/c++/13/ostream:570:5:[m[K [01;36m[Knote: [m[K  template argument deduction/substitution failed:
[4.026s] [01m[K/home/richard/ros2_ws/src/tp1/src/Mapping.cpp:681:22:[m[K [01;36m[Knote: [m[K  cannot convert ‘[01m[Kdistancias[m[K’ (type ‘[01m[Kstd::vector<double, std::allocator<double> >[m[K’) to type ‘[01m[Kchar[m[K’
[4.026s]   681 |         std::cout << [01;36m[Kdistancias[m[K << "\n";
[4.026s]       |                      [01;36m[K^~~~~~~~~~[m[K
[4.026s] [01m[K/usr/include/c++/13/ostream:581:5:[m[K [01;36m[Knote: [m[Kcandidate: ‘[01m[Ktemplate<class _Traits> std::basic_ostream<char, _Traits>& std::[01;32m[Koperator<<[m[K(basic_ostream<char, _Traits>&, signed char)[m[K’
[4.026s]   581 |     [01;36m[Koperator[m[K<<(basic_ostream<char, _Traits>& __out, signed char __c)
[4.026s]       |     [01;36m[K^~~~~~~~[m[K
[4.026s] [01m[K/usr/include/c++/13/ostream:581:5:[m[K [01;36m[Knote: [m[K  template argument deduction/substitution failed:
[4.026s] [01m[K/home/richard/ros2_ws/src/tp1/src/Mapping.cpp:681:22:[m[K [01;36m[Knote: [m[K  cannot convert ‘[01m[Kdistancias[m[K’ (type ‘[01m[Kstd::vector<double, std::allocator<double> >[m[K’) to type ‘[01m[Ksigned char[m[K’
[4.026s]   681 |         std::cout << [01;36m[Kdistancias[m[K << "\n";
[4.026s]       |                      [01;36m[K^~~~~~~~~~[m[K
[4.026s] [01m[K/usr/include/c++/13/ostream:586:5:[m[K [01;36m[Knote: [m[Kcandidate: ‘[01m[Ktemplate<class _Traits> std::basic_ostream<char, _Traits>& std::[01;32m[Koperator<<[m[K(basic_ostream<char, _Traits>&, unsigned char)[m[K’
[4.027s]   586 |     [01;36m[Koperator[m[K<<(basic_ostream<char, _Traits>& __out, unsigned char __c)
[4.027s]       |     [01;36m[K^~~~~~~~[m[K
[4.027s] [01m[K/usr/include/c++/13/ostream:586:5:[m[K [01;36m[Knote: [m[K  template argument deduction/substitution failed:
[4.027s] [01m[K/home/richard/ros2_ws/src/tp1/src/Mapping.cpp:681:22:[m[K [01;36m[Knote: [m[K  cannot convert ‘[01m[Kdistancias[m[K’ (type ‘[01m[Kstd::vector<double, std::allocator<double> >[m[K’) to type ‘[01m[Kunsigned char[m[K’
[4.027s]   681 |         std::cout << [01;36m[Kdistancias[m[K << "\n";
[4.027s]       |                      [01;36m[K^~~~~~~~~~[m[K
[4.027s] [01m[K/usr/include/c++/13/ostream:645:5:[m[K [01;36m[Knote: [m[Kcandidate: ‘[01m[Ktemplate<class _CharT, class _Traits> std::basic_ostream<_CharT, _Traits>& std::[01;32m[Koperator<<[m[K(basic_ostream<_CharT, _Traits>&, const _CharT*)[m[K’
[4.027s]   645 |     [01;36m[Koperator[m[K<<(basic_ostream<_CharT, _Traits>& __out, const _CharT* __s)
[4.027s]       |     [01;36m[K^~~~~~~~[m[K
[4.027s] [01m[K/usr/include/c++/13/ostream:645:5:[m[K [01;36m[Knote: [m[K  template argument deduction/substitution failed:
[4.028s] [01m[K/home/richard/ros2_ws/src/tp1/src/Mapping.cpp:681:22:[m[K [01;36m[Knote: [m[K  mismatched types ‘[01m[Kconst _CharT*[m[K’ and ‘[01m[Kstd::vector<double, std::allocator<double> >[m[K’
[4.028s]   681 |         std::cout << [01;36m[Kdistancias[m[K << "\n";
[4.028s]       |                      [01;36m[K^~~~~~~~~~[m[K
[4.028s] [01m[K/usr/include/c++/13/bits/ostream.tcc:307:5:[m[K [01;36m[Knote: [m[Kcandidate: ‘[01m[Ktemplate<class _CharT, class _Traits> std::basic_ostream<_CharT, _Traits>& std::[01;32m[Koperator<<[m[K(basic_ostream<_CharT, _Traits>&, const char*)[m[K’
[4.028s]   307 |     [01;36m[Koperator[m[K<<(basic_ostream<_CharT, _Traits>& __out, const char* __s)
[4.028s]       |     [01;36m[K^~~~~~~~[m[K
[4.028s] [01m[K/usr/include/c++/13/bits/ostream.tcc:307:5:[m[K [01;36m[Knote: [m[K  template argument deduction/substitution failed:
[4.028s] [01m[K/home/richard/ros2_ws/src/tp1/src/Mapping.cpp:681:22:[m[K [01;36m[Knote: [m[K  cannot convert ‘[01m[Kdistancias[m[K’ (type ‘[01m[Kstd::vector<double, std::allocator<double> >[m[K’) to type ‘[01m[Kconst char*[m[K’
[4.029s]   681 |         std::cout << [01;36m[Kdistancias[m[K << "\n";
[4.029s]       |                      [01;36m[K^~~~~~~~~~[m[K
[4.029s] [01m[K/usr/include/c++/13/ostream:662:5:[m[K [01;36m[Knote: [m[Kcandidate: ‘[01m[Ktemplate<class _Traits> std::basic_ostream<char, _Traits>& std::[01;32m[Koperator<<[m[K(basic_ostream<char, _Traits>&, const char*)[m[K’
[4.029s]   662 |     [01;36m[Koperator[m[K<<(basic_ostream<char, _Traits>& __out, const char* __s)
[4.029s]       |     [01;36m[K^~~~~~~~[m[K
[4.029s] [01m[K/usr/include/c++/13/ostream:662:5:[m[K [01;36m[Knote: [m[K  template argument deduction/substitution failed:
[4.029s] [01m[K/home/richard/ros2_ws/src/tp1/src/Mapping.cpp:681:22:[m[K [01;36m[Knote: [m[K  cannot convert ‘[01m[Kdistancias[m[K’ (type ‘[01m[Kstd::vector<double, std::allocator<double> >[m[K’) to type ‘[01m[Kconst char*[m[K’
[4.029s]   681 |         std::cout << [01;36m[Kdistancias[m[K << "\n";
[4.029s]       |                      [01;36m[K^~~~~~~~~~[m[K
[4.029s] [01m[K/usr/include/c++/13/ostream:675:5:[m[K [01;36m[Knote: [m[Kcandidate: ‘[01m[Ktemplate<class _Traits> std::basic_ostream<char, _Traits>& std::[01;32m[Koperator<<[m[K(basic_ostream<char, _Traits>&, const signed char*)[m[K’
[4.029s]   675 |     [01;36m[Koperator[m[K<<(basic_ostream<char, _Traits>& __out, const signed char* __s)
[4.030s]       |     [01;36m[K^~~~~~~~[m[K
[4.030s] [01m[K/usr/include/c++/13/ostream:675:5:[m[K [01;36m[Knote: [m[K  template argument deduction/substitution failed:
[4.030s] [01m[K/home/richard/ros2_ws/src/tp1/src/Mapping.cpp:681:22:[m[K [01;36m[Knote: [m[K  cannot convert ‘[01m[Kdistancias[m[K’ (type ‘[01m[Kstd::vector<double, std::allocator<double> >[m[K’) to type ‘[01m[Kconst signed char*[m[K’
[4.030s]   681 |         std::cout << [01;36m[Kdistancias[m[K << "\n";
[4.030s]       |                      [01;36m[K^~~~~~~~~~[m[K
[4.030s] [01m[K/usr/include/c++/13/ostream:680:5:[m[K [01;36m[Knote: [m[Kcandidate: ‘[01m[Ktemplate<class _Traits> std::basic_ostream<char, _Traits>& std::[01;32m[Koperator<<[m[K(basic_ostream<char, _Traits>&, const unsigned char*)[m[K’
[4.030s]   680 |     [01;36m[Koperator[m[K<<(basic_ostream<char, _Traits>& __out, const unsigned char* __s)
[4.030s]       |     [01;36m[K^~~~~~~~[m[K
[4.030s] [01m[K/usr/include/c++/13/ostream:680:5:[m[K [01;36m[Knote: [m[K  template argument deduction/substitution failed:
[4.030s] [01m[K/home/richard/ros2_ws/src/tp1/src/Mapping.cpp:681:22:[m[K [01;36m[Knote: [m[K  cannot convert ‘[01m[Kdistancias[m[K’ (type ‘[01m[Kstd::vector<double, std::allocator<double> >[m[K’) to type ‘[01m[Kconst unsigned char*[m[K’
[4.031s]   681 |         std::cout << [01;36m[Kdistancias[m[K << "\n";
[4.031s]       |                      [01;36m[K^~~~~~~~~~[m[K
[4.031s] [01m[K/usr/include/c++/13/ostream:801:5:[m[K [01;36m[Knote: [m[Kcandidate: ‘[01m[Ktemplate<class _Ostream, class _Tp> _Ostream&& std::[01;32m[Koperator<<[m[K(_Ostream&&, const _Tp&)[m[K’
[4.031s]   801 |     [01;36m[Koperator[m[K<<(_Ostream&& __os, const _Tp& __x)
[4.031s]       |     [01;36m[K^~~~~~~~[m[K
[4.031s] [01m[K/usr/include/c++/13/ostream:801:5:[m[K [01;36m[Knote: [m[K  template argument deduction/substitution failed:
[4.031s] /usr/include/c++/13/ostream: In substitution of ‘[01m[Ktemplate<class _Ostream, class _Tp> _Ostream&& std::[01;32m[Koperator<<[m[K(_Ostream&&, const _Tp&) [35m[K[with _Ostream = std::basic_ostream<char>&; _Tp = std::vector<double, std::allocator<double> >][m[K[m[K’:
[4.031s] [01m[K/home/richard/ros2_ws/src/tp1/src/Mapping.cpp:681:22:[m[K   required from here
[4.031s] [01m[K/usr/include/c++/13/ostream:801:5:[m[K [01;31m[Kerror: [m[Kno type named ‘[01m[Ktype[m[K’ in ‘[01m[Kstruct std::enable_if<false, void>[m[K’
[4.031s] In file included from [01m[K/opt/ros/jazzy/include/rosidl_runtime_cpp/rosidl_runtime_cpp/traits.hpp:19[m[K,
[4.031s]                  from [01m[K/opt/ros/jazzy/include/rcl_interfaces/rcl_interfaces/srv/detail/list_parameters__traits.hpp:18[m[K:
[4.032s] [01m[K/usr/include/c++/13/iomanip:81:5:[m[K [01;36m[Knote: [m[Kcandidate: ‘[01m[Ktemplate<class _CharT, class _Traits> std::basic_ostream<_CharT, _Traits>& std::[01;32m[Koperator<<[m[K(basic_ostream<_CharT, _Traits>&, _Resetiosflags)[m[K’
[4.032s]    81 |     [01;36m[Koperator[m[K<<(basic_ostream<_CharT, _Traits>& __os, _Resetiosflags __f)
[4.032s]       |     [01;36m[K^~~~~~~~[m[K
[4.032s] [01m[K/usr/include/c++/13/iomanip:81:5:[m[K [01;36m[Knote: [m[K  template argument deduction/substitution failed:
[4.032s] [01m[K/home/richard/ros2_ws/src/tp1/src/Mapping.cpp:681:22:[m[K [01;36m[Knote: [m[K  cannot convert ‘[01m[Kdistancias[m[K’ (type ‘[01m[Kstd::vector<double, std::allocator<double> >[m[K’) to type ‘[01m[Kstd::_Resetiosflags[m[K’
[4.032s]   681 |         std::cout << [01;36m[Kdistancias[m[K << "\n";
[4.032s]       |                      [01;36m[K^~~~~~~~~~[m[K
[4.032s] [01m[K/usr/include/c++/13/iomanip:111:5:[m[K [01;36m[Knote: [m[Kcandidate: ‘[01m[Ktemplate<class _CharT, class _Traits> std::basic_ostream<_CharT, _Traits>& std::[01;32m[Koperator<<[m[K(basic_ostream<_CharT, _Traits>&, _Setiosflags)[m[K’
[4.032s]   111 |     [01;36m[Koperator[m[K<<(basic_ostream<_CharT, _Traits>& __os, _Setiosflags __f)
[4.032s]       |     [01;36m[K^~~~~~~~[m[K
[4.033s] [01m[K/usr/include/c++/13/iomanip:111:5:[m[K [01;36m[Knote: [m[K  template argument deduction/substitution failed:
[4.033s] [01m[K/home/richard/ros2_ws/src/tp1/src/Mapping.cpp:681:22:[m[K [01;36m[Knote: [m[K  cannot convert ‘[01m[Kdistancias[m[K’ (type ‘[01m[Kstd::vector<double, std::allocator<double> >[m[K’) to type ‘[01m[Kstd::_Setiosflags[m[K’
[4.033s]   681 |         std::cout << [01;36m[Kdistancias[m[K << "\n";
[4.033s]       |                      [01;36m[K^~~~~~~~~~[m[K
[4.033s] [01m[K/usr/include/c++/13/iomanip:145:5:[m[K [01;36m[Knote: [m[Kcandidate: ‘[01m[Ktemplate<class _CharT, class _Traits> std::basic_ostream<_CharT, _Traits>& std::[01;32m[Koperator<<[m[K(basic_ostream<_CharT, _Traits>&, _Setbase)[m[K’
[4.033s]   145 |     [01;36m[Koperator[m[K<<(basic_ostream<_CharT, _Traits>& __os, _Setbase __f)
[4.033s]       |     [01;36m[K^~~~~~~~[m[K
[4.033s] [01m[K/usr/include/c++/13/iomanip:145:5:[m[K [01;36m[Knote: [m[K  template argument deduction/substitution failed:
[4.034s] [01m[K/home/richard/ros2_ws/src/tp1/src/Mapping.cpp:681:22:[m[K [01;36m[Knote: [m[K  cannot convert ‘[01m[Kdistancias[m[K’ (type ‘[01m[Kstd::vector<double, std::allocator<double> >[m[K’) to type ‘[01m[Kstd::_Setbase[m[K’
[4.034s]   681 |         std::cout << [01;36m[Kdistancias[m[K << "\n";
[4.034s]       |                      [01;36m[K^~~~~~~~~~[m[K
[4.034s] [01m[K/usr/include/c++/13/iomanip:180:5:[m[K [01;36m[Knote: [m[Kcandidate: ‘[01m[Ktemplate<class _CharT, class _Traits> std::basic_ostream<_CharT, _Traits>& std::[01;32m[Koperator<<[m[K(basic_ostream<_CharT, _Traits>&, _Setfill<_CharT>)[m[K’
[4.034s]   180 |     [01;36m[Koperator[m[K<<(basic_ostream<_CharT, _Traits>& __os, _Setfill<_CharT> __f)
[4.034s]       |     [01;36m[K^~~~~~~~[m[K
[4.034s] [01m[K/usr/include/c++/13/iomanip:180:5:[m[K [01;36m[Knote: [m[K  template argument deduction/substitution failed:
[4.035s] [01m[K/home/richard/ros2_ws/src/tp1/src/Mapping.cpp:681:22:[m[K [01;36m[Knote: [m[K  ‘[01m[Kstd::vector<double, std::allocator<double> >[m[K’ is not derived from ‘[01m[Kstd::_Setfill<_CharT>[m[K’
[4.035s]   681 |         std::cout << [01;36m[Kdistancias[m[K << "\n";
[4.035s]       |                      [01;36m[K^~~~~~~~~~[m[K
[4.035s] [01m[K/usr/include/c++/13/iomanip:210:5:[m[K [01;36m[Knote: [m[Kcandidate: ‘[01m[Ktemplate<class _CharT, class _Traits> std::basic_ostream<_CharT, _Traits>& std::[01;32m[Koperator<<[m[K(basic_ostream<_CharT, _Traits>&, _Setprecision)[m[K’
[4.035s]   210 |     [01;36m[Koperator[m[K<<(basic_ostream<_CharT, _Traits>& __os, _Setprecision __f)
[4.035s]       |     [01;36m[K^~~~~~~~[m[K
[4.035s] [01m[K/usr/include/c++/13/iomanip:210:5:[m[K [01;36m[Knote: [m[K  template argument deduction/substitution failed:
[4.036s] [01m[K/home/richard/ros2_ws/src/tp1/src/Mapping.cpp:681:22:[m[K [01;36m[Knote: [m[K  cannot convert ‘[01m[Kdistancias[m[K’ (type ‘[01m[Kstd::vector<double, std::allocator<double> >[m[K’) to type ‘[01m[Kstd::_Setprecision[m[K’
[4.036s]   681 |         std::cout << [01;36m[Kdistancias[m[K << "\n";
[4.036s]       |                      [01;36m[K^~~~~~~~~~[m[K
[4.036s] [01m[K/usr/include/c++/13/iomanip:240:5:[m[K [01;36m[Knote: [m[Kcandidate: ‘[01m[Ktemplate<class _CharT, class _Traits> std::basic_ostream<_CharT, _Traits>& std::[01;32m[Koperator<<[m[K(basic_ostream<_CharT, _Traits>&, _Setw)[m[K’
[4.037s]   240 |     [01;36m[Koperator[m[K<<(basic_ostream<_CharT, _Traits>& __os, _Setw __f)
[4.037s]       |     [01;36m[K^~~~~~~~[m[K
[4.037s] [01m[K/usr/include/c++/13/iomanip:240:5:[m[K [01;36m[Knote: [m[K  template argument deduction/substitution failed:
[4.037s] [01m[K/home/richard/ros2_ws/src/tp1/src/Mapping.cpp:681:22:[m[K [01;36m[Knote: [m[K  cannot convert ‘[01m[Kdistancias[m[K’ (type ‘[01m[Kstd::vector<double, std::allocator<double> >[m[K’) to type ‘[01m[Kstd::_Setw[m[K’
[4.037s]   681 |         std::cout << [01;36m[Kdistancias[m[K << "\n";
[4.037s]       |                      [01;36m[K^~~~~~~~~~[m[K
[4.037s] [01m[K/usr/include/c++/13/iomanip:313:5:[m[K [01;36m[Knote: [m[Kcandidate: ‘[01m[Ktemplate<class _CharT, class _Traits, class _MoneyT> std::basic_ostream<_CharT, _Traits>& std::[01;32m[Koperator<<[m[K(basic_ostream<_CharT, _Traits>&, _Put_money<_MoneyT>)[m[K’
[4.037s]   313 |     [01;36m[Koperator[m[K<<(basic_ostream<_CharT, _Traits>& __os, _Put_money<_MoneyT> __f)
[4.037s]       |     [01;36m[K^~~~~~~~[m[K
[4.037s] [01m[K/usr/include/c++/13/iomanip:313:5:[m[K [01;36m[Knote: [m[K  template argument deduction/substitution failed:
[4.038s] [01m[K/home/richard/ros2_ws/src/tp1/src/Mapping.cpp:681:22:[m[K [01;36m[Knote: [m[K  ‘[01m[Kstd::vector<double, std::allocator<double> >[m[K’ is not derived from ‘[01m[Kstd::_Put_money<_MoneyT>[m[K’
[4.038s]   681 |         std::cout << [01;36m[Kdistancias[m[K << "\n";
[4.038s]       |                      [01;36m[K^~~~~~~~~~[m[K
[4.038s] [01m[K/usr/include/c++/13/iomanip:365:5:[m[K [01;36m[Knote: [m[Kcandidate: ‘[01m[Ktemplate<class _CharT, class _Traits> std::basic_ostream<_CharT, _Traits>& std::[01;32m[Koperator<<[m[K(basic_ostream<_CharT, _Traits>&, _Put_time<_CharT>)[m[K’
[4.038s]   365 |     [01;36m[Koperator[m[K<<(basic_ostream<_CharT, _Traits>& __os, _Put_time<_CharT> __f)
[4.038s]       |     [01;36m[K^~~~~~~~[m[K
[4.039s] [01m[K/usr/include/c++/13/iomanip:365:5:[m[K [01;36m[Knote: [m[K  template argument deduction/substitution failed:
[4.039s] [01m[K/home/richard/ros2_ws/src/tp1/src/Mapping.cpp:681:22:[m[K [01;36m[Knote: [m[K  ‘[01m[Kstd::vector<double, std::allocator<double> >[m[K’ is not derived from ‘[01m[Kstd::_Put_time<_CharT>[m[K’
[4.039s]   681 |         std::cout << [01;36m[Kdistancias[m[K << "\n";
[4.039s]       |                      [01;36m[K^~~~~~~~~~[m[K
[4.039s] In file included from [01m[K/opt/ros/jazzy/include/rclcpp/rclcpp/executors/multi_threaded_executor.hpp:22[m[K,
[4.040s]                  from [01m[K/opt/ros/jazzy/include/rclcpp/rclcpp/executors.hpp:21[m[K,
[4.040s]                  from [01m[K/opt/ros/jazzy/include/rclcpp/rclcpp/rclcpp.hpp:172[m[K:
[4.040s] [01m[K/usr/include/c++/13/thread:97:5:[m[K [01;36m[Knote: [m[Kcandidate: ‘[01m[Ktemplate<class _CharT, class _Traits> std::basic_ostream<_CharT, _Traits>& std::[01;32m[Koperator<<[m[K(basic_ostream<_CharT, _Traits>&, thread::id)[m[K’
[4.040s]    97 |     [01;36m[Koperator[m[K<<(basic_ostream<_CharT, _Traits>& __out, thread::id __id)
[4.040s]       |     [01;36m[K^~~~~~~~[m[K
[4.040s] [01m[K/usr/include/c++/13/thread:97:5:[m[K [01;36m[Knote: [m[K  template argument deduction/substitution failed:
[4.040s] [01m[K/home/richard/ros2_ws/src/tp1/src/Mapping.cpp:681:22:[m[K [01;36m[Knote: [m[K  cannot convert ‘[01m[Kdistancias[m[K’ (type ‘[01m[Kstd::vector<double, std::allocator<double> >[m[K’) to type ‘[01m[Kstd::thread::id[m[K’
[4.041s]   681 |         std::cout << [01;36m[Kdistancias[m[K << "\n";
[4.041s]       |                      [01;36m[K^~~~~~~~~~[m[K
[4.041s] [01m[K/home/richard/ros2_ws/src/tp1/src/Mapping.cpp:636:35:[m[K [01;35m[Kwarning: [m[Kunused parameter ‘[01m[Karg[m[K’ [[01;35m[K]8;;https://gcc.gnu.org/onlinedocs/gcc/Warning-Options.html#index-Wunused-parameter-Wunused-parameter]8;;[m[K]
[4.041s]   636 | void* mappingThreadFunction([01;35m[Kvoid* arg[m[K) {
[4.041s]       |                             [01;35m[K~~~~~~^~~[m[K
[5.177s] gmake[2]: *** [CMakeFiles/navigation.dir/build.make:146: CMakeFiles/navigation.dir/src/Mapping.cpp.o] Erro 1
[5.177s] gmake[1]: *** [CMakeFiles/Makefile2:137: CMakeFiles/navigation.dir/all] Erro 2
[5.177s] gmake: *** [Makefile:146: all] Erro 2
[5.179s] Invoked command in '/home/richard/ros2_ws/build/tp1' returned '2': CMAKE_PREFIX_PATH=${CMAKE_PREFIX_PATH}:/opt/ros/jazzy DEBUGINFOD_URLS=https://debuginfod.ubuntu.com /usr/bin/cmake --build /home/richard/ros2_ws/build/tp1 -- -j4 -l4
