[ 12%] [32mBuilding CXX object CMakeFiles/navigation.dir/src/Graph.cpp.o[0m
[ 25%] [32mBuilding CXX object CMakeFiles/navigation.dir/src/Mapping.cpp.o[0m
[01m[K/home/richard/ros2_ws/src/tp1/src/Graph.cpp:29:20:[m[K [01;31m[Kerror: [m[K‘[01m[KPonto[m[K’ was not declared in this scope
   29 | extern std::vector<[01;31m[KPonto[m[K> listaPontos;
      |                    [01;31m[K^~~~~[m[K
[01m[K/home/richard/ros2_ws/src/tp1/src/Graph.cpp:29:25:[m[K [01;31m[Kerror: [m[Ktemplate argument 1 is invalid
   29 | extern std::vector<Ponto[01;31m[K>[m[K listaPontos;
      |                         [01;31m[K^[m[K
[01m[K/home/richard/ros2_ws/src/tp1/src/Graph.cpp:29:25:[m[K [01;31m[Kerror: [m[Ktemplate argument 2 is invalid
[01m[K/home/richard/ros2_ws/src/tp1/src/Graph.cpp:[m[K In function ‘[01m[Kvoid*[01;32m[K graphicsThreadFunction[m[K(void*)[m[K’:
[01m[K/home/richard/ros2_ws/src/tp1/src/Graph.cpp:205:36:[m[K [01;35m[Kwarning: [m[Kunused parameter ‘[01m[Karg[m[K’ [[01;35m[K]8;;https://gcc.gnu.org/onlinedocs/gcc/Warning-Options.html#index-Wunused-parameter-Wunused-parameter]8;;[m[K]
  205 | void* graphicsThreadFunction([01;35m[Kvoid* arg[m[K) {
      |                              [01;35m[K~~~~~~^~~[m[K
gmake[2]: *** [CMakeFiles/navigation.dir/build.make:132: CMakeFiles/navigation.dir/src/Graph.cpp.o] Erro 1
gmake[2]: ** Esperando que outros processos terminem.
[01m[K/home/richard/ros2_ws/src/tp1/src/Mapping.cpp:[m[K In function ‘[01m[Kvoid*[01;32m[K mappingThreadFunction[m[K(void*)[m[K’:
[01m[K/home/richard/ros2_ws/src/tp1/src/Mapping.cpp:412:35:[m[K [01;35m[Kwarning: [m[Kunused parameter ‘[01m[Karg[m[K’ [[01;35m[K]8;;https://gcc.gnu.org/onlinedocs/gcc/Warning-Options.html#index-Wunused-parameter-Wunused-parameter]8;;[m[K]
  412 | void* mappingThreadFunction([01;35m[Kvoid* arg[m[K) {
      |                             [01;35m[K~~~~~~^~~[m[K
gmake[1]: *** [CMakeFiles/Makefile2:137: CMakeFiles/navigation.dir/all] Erro 2
gmake: *** [Makefile:146: all] Erro 2
