[0.023s] Invoking command in '/home/richard/ros2_ws/build/tp1': CMAKE_PREFIX_PATH=${CMAKE_PREFIX_PATH}:/opt/ros/jazzy DEBUGINFOD_URLS=https://debuginfod.ubuntu.com /usr/bin/cmake --build /home/richard/ros2_ws/build/tp1 -- -j4 -l4
[0.118s] [ 12%] [32mBuilding CXX object CMakeFiles/navigation.dir/src/Graph.cpp.o[0m
[0.119s] [ 25%] [32mBuilding CXX object CMakeFiles/navigation.dir/src/Mapping.cpp.o[0m
[1.004s] [01m[K/home/richard/ros2_ws/src/tp1/src/Graph.cpp:29:20:[m[K [01;31m[Kerror: [m[K‘[01m[KPonto[m[K’ was not declared in this scope
[1.004s]    29 | extern std::vector<[01;31m[KPonto[m[K> listaPontos;
[1.004s]       |                    [01;31m[K^~~~~[m[K
[1.005s] [01m[K/home/richard/ros2_ws/src/tp1/src/Graph.cpp:29:25:[m[K [01;31m[Kerror: [m[Ktemplate argument 1 is invalid
[1.005s]    29 | extern std::vector<Ponto[01;31m[K>[m[K listaPontos;
[1.005s]       |                         [01;31m[K^[m[K
[1.005s] [01m[K/home/richard/ros2_ws/src/tp1/src/Graph.cpp:29:25:[m[K [01;31m[Kerror: [m[Ktemplate argument 2 is invalid
[1.020s] [01m[K/home/richard/ros2_ws/src/tp1/src/Graph.cpp:[m[K In function ‘[01m[Kvoid*[01;32m[K graphicsThreadFunction[m[K(void*)[m[K’:
[1.020s] [01m[K/home/richard/ros2_ws/src/tp1/src/Graph.cpp:205:36:[m[K [01;35m[Kwarning: [m[Kunused parameter ‘[01m[Karg[m[K’ [[01;35m[K]8;;https://gcc.gnu.org/onlinedocs/gcc/Warning-Options.html#index-Wunused-parameter-Wunused-parameter]8;;[m[K]
[1.021s]   205 | void* graphicsThreadFunction([01;35m[Kvoid* arg[m[K) {
[1.021s]       |                              [01;35m[K~~~~~~^~~[m[K
[1.133s] gmake[2]: *** [CMakeFiles/navigation.dir/build.make:132: CMakeFiles/navigation.dir/src/Graph.cpp.o] Erro 1
[1.133s] gmake[2]: ** Esperando que outros processos terminem.
[3.125s] [01m[K/home/richard/ros2_ws/src/tp1/src/Mapping.cpp:[m[K In function ‘[01m[Kvoid*[01;32m[K mappingThreadFunction[m[K(void*)[m[K’:
[3.125s] [01m[K/home/richard/ros2_ws/src/tp1/src/Mapping.cpp:412:35:[m[K [01;35m[Kwarning: [m[Kunused parameter ‘[01m[Karg[m[K’ [[01;35m[K]8;;https://gcc.gnu.org/onlinedocs/gcc/Warning-Options.html#index-Wunused-parameter-Wunused-parameter]8;;[m[K]
[3.125s]   412 | void* mappingThreadFunction([01;35m[Kvoid* arg[m[K) {
[3.125s]       |                             [01;35m[K~~~~~~^~~[m[K
[4.152s] gmake[1]: *** [CMakeFiles/Makefile2:137: CMakeFiles/navigation.dir/all] Erro 2
[4.154s] gmake: *** [Makefile:146: all] Erro 2
[4.155s] Invoked command in '/home/richard/ros2_ws/build/tp1' returned '2': CMAKE_PREFIX_PATH=${CMAKE_PREFIX_PATH}:/opt/ros/jazzy DEBUGINFOD_URLS=https://debuginfod.ubuntu.com /usr/bin/cmake --build /home/richard/ros2_ws/build/tp1 -- -j4 -l4
