[  0%] Built target turtlesim__rosidl_generator_type_description
[  0%] Built target ament_cmake_python_copy_turtlesim
[ 23%] Built target turtlesim__rosidl_generator_c
running egg_info
writing turtlesim.egg-info/PKG-INFO
writing dependency_links to turtlesim.egg-info/dependency_links.txt
writing top-level names to turtlesim.egg-info/top_level.txt
reading manifest file 'turtlesim.egg-info/SOURCES.txt'
writing manifest file 'turtlesim.egg-info/SOURCES.txt'
[ 23%] Built target ament_cmake_python_build_turtlesim_egg
[ 32%] Built target turtlesim__rosidl_typesupport_introspection_c
[ 41%] Built target turtlesim__rosidl_typesupport_c
[ 49%] Built target turtlesim__rosidl_typesupport_fastrtps_c
[ 50%] Built target turtlesim__cpp
[ 59%] Built target turtlesim__rosidl_typesupport_cpp
[ 67%] Built target turtlesim__rosidl_typesupport_introspection_cpp
[ 69%] Built target turtle_teleop_key
[ 70%] Built target draw_square
[ 72%] Built target mimic
[ 77%] Built target turtlesim_node
[ 86%] Built target turtlesim__rosidl_typesupport_fastrtps_cpp
[ 86%] Built target turtlesim
[ 86%] Built target turtlesim__py
[ 94%] Built target turtlesim__rosidl_generator_py
[ 96%] Built target turtlesim_s__rosidl_typesupport_fastrtps_c
[ 98%] Built target turtlesim_s__rosidl_typesupport_c
[100%] Built target turtlesim_s__rosidl_typesupport_introspection_c
