[0.030s] Invoking command in '/home/richard/ros2_ws/build/turtlesim': CMAKE_PREFIX_PATH=${CMAKE_PREFIX_PATH}:/opt/ros/jazzy DEBUGINFOD_URLS=https://debuginfod.ubuntu.com /usr/bin/cmake --build /home/richard/ros2_ws/build/turtlesim -- -j4 -l4
[0.132s] [  0%] Built target turtlesim__rosidl_generator_type_description
[0.199s] [  0%] Built target ament_cmake_python_copy_turtlesim
[0.233s] [ 23%] Built target turtlesim__rosidl_generator_c
[0.575s] running egg_info
[0.629s] writing turtlesim.egg-info/PKG-INFO
[0.629s] writing dependency_links to turtlesim.egg-info/dependency_links.txt
[0.629s] writing top-level names to turtlesim.egg-info/top_level.txt
[0.749s] reading manifest file 'turtlesim.egg-info/SOURCES.txt'
[0.750s] writing manifest file 'turtlesim.egg-info/SOURCES.txt'
[0.791s] [ 23%] Built target ament_cmake_python_build_turtlesim_egg
[0.839s] [ 32%] Built target turtlesim__rosidl_typesupport_introspection_c
[0.878s] [ 41%] Built target turtlesim__rosidl_typesupport_c
[0.936s] [ 49%] Built target turtlesim__rosidl_typesupport_fastrtps_c
[1.001s] [ 50%] Built target turtlesim__cpp
[1.060s] [ 59%] Built target turtlesim__rosidl_typesupport_cpp
[1.115s] [ 67%] Built target turtlesim__rosidl_typesupport_introspection_cpp
[1.155s] [ 69%] Built target turtle_teleop_key
[1.198s] [ 70%] Built target draw_square
[1.235s] [ 72%] Built target mimic
[1.287s] [ 77%] Built target turtlesim_node
[1.323s] [ 86%] Built target turtlesim__rosidl_typesupport_fastrtps_cpp
[1.366s] [ 86%] Built target turtlesim
[1.399s] [ 86%] Built target turtlesim__py
[1.430s] [ 94%] Built target turtlesim__rosidl_generator_py
[1.455s] [ 96%] Built target turtlesim_s__rosidl_typesupport_fastrtps_c
[1.482s] [ 98%] Built target turtlesim_s__rosidl_typesupport_c
[1.505s] [100%] Built target turtlesim_s__rosidl_typesupport_introspection_c
