[0.061s] Invoking command in '/home/richard/ros2_ws/build/phi_aria': CMAKE_PREFIX_PATH=${CMAKE_PREFIX_PATH}:/opt/ros/jazzy DEBUGINFOD_URLS=https://debuginfod.ubuntu.com /usr/bin/cmake --build /home/richard/ros2_ws/build/phi_aria -- -j4 -l4
[1.599s] [100%] Built target phi_p3dx
[1.975s] Invoked command in '/home/richard/ros2_ws/build/phi_aria' returned '0': CMAKE_PREFIX_PATH=${CMAKE_PREFIX_PATH}:/opt/ros/jazzy DEBUGINFOD_URLS=https://debuginfod.ubuntu.com /usr/bin/cmake --build /home/richard/ros2_ws/build/phi_aria -- -j4 -l4
[1.978s] Invoking command in '/home/richard/ros2_ws/build/phi_aria': CMAKE_PREFIX_PATH=${CMAKE_PREFIX_PATH}:/opt/ros/jazzy DEBUGINFOD_URLS=https://debuginfod.ubuntu.com /usr/bin/cmake --install /home/richard/ros2_ws/build/phi_aria
[2.025s] -- Install configuration: ""
[2.031s] -- Up-to-date: /home/richard/ros2_ws/install/phi_aria/lib/phi_aria/phi_p3dx
[2.034s] -- Up-to-date: /home/richard/ros2_ws/install/phi_aria/share/phi_aria/description
[2.034s] -- Up-to-date: /home/richard/ros2_ws/install/phi_aria/share/phi_aria/description/p3dx_meshes
[2.035s] -- Up-to-date: /home/richard/ros2_ws/install/phi_aria/share/phi_aria/description/p3dx_meshes/caster_wheel.stl
[2.045s] -- Up-to-date: /home/richard/ros2_ws/install/phi_aria/share/phi_aria/description/p3dx_meshes/back_sonar.stl
[2.045s] -- Up-to-date: /home/richard/ros2_ws/install/phi_aria/share/phi_aria/description/p3dx_meshes/front_sonar.stl
[2.045s] -- Up-to-date: /home/richard/ros2_ws/install/phi_aria/share/phi_aria/description/p3dx_meshes/caster_hubcap.stl
[2.045s] -- Up-to-date: /home/richard/ros2_ws/install/phi_aria/share/phi_aria/description/p3dx_meshes/chassis.stl
[2.046s] -- Up-to-date: /home/richard/ros2_ws/install/phi_aria/share/phi_aria/description/p3dx_meshes/back_rim.stl
[2.046s] -- Up-to-date: /home/richard/ros2_ws/install/phi_aria/share/phi_aria/description/p3dx_meshes/caster_swivel.stl
[2.049s] -- Up-to-date: /home/richard/ros2_ws/install/phi_aria/share/phi_aria/description/p3dx_meshes/right_hubcap.stl
[2.049s] -- Up-to-date: /home/richard/ros2_ws/install/phi_aria/share/phi_aria/description/p3dx_meshes/top.stl
[2.050s] -- Up-to-date: /home/richard/ros2_ws/install/phi_aria/share/phi_aria/description/p3dx_meshes/left_wheel.stl
[2.050s] -- Up-to-date: /home/richard/ros2_ws/install/phi_aria/share/phi_aria/description/p3dx_meshes/front_rim.stl
[2.050s] -- Up-to-date: /home/richard/ros2_ws/install/phi_aria/share/phi_aria/description/p3dx_meshes/right_wheel.stl
[2.050s] -- Up-to-date: /home/richard/ros2_ws/install/phi_aria/share/phi_aria/description/p3dx_meshes/left_hubcap.stl
[2.051s] -- Up-to-date: /home/richard/ros2_ws/install/phi_aria/share/phi_aria/description/urdf
[2.057s] -- Up-to-date: /home/richard/ros2_ws/install/phi_aria/share/phi_aria/description/urdf/p3dx.urdf.xacro
[2.059s] -- Up-to-date: /home/richard/ros2_ws/install/phi_aria/share/phi_aria/description/urdf/pioneer3dx_wheel.xacro
[2.060s] -- Up-to-date: /home/richard/ros2_ws/install/phi_aria/share/phi_aria/description/urdf/common.xacro
[2.060s] -- Up-to-date: /home/richard/ros2_ws/install/phi_aria/share/phi_aria/description/urdf/sick_lms100.urdf.xacro
[2.060s] -- Up-to-date: /home/richard/ros2_ws/install/phi_aria/share/phi_aria/description/sensors_meshes
[2.060s] -- Up-to-date: /home/richard/ros2_ws/install/phi_aria/share/phi_aria/description/sensors_meshes/sick_lms100.stl
[2.062s] -- Up-to-date: /home/richard/ros2_ws/install/phi_aria/share/ament_index/resource_index/package_run_dependencies/phi_aria
[2.064s] -- Up-to-date: /home/richard/ros2_ws/install/phi_aria/share/ament_index/resource_index/parent_prefix_path/phi_aria
[2.068s] -- Up-to-date: /home/richard/ros2_ws/install/phi_aria/share/phi_aria/environment/ament_prefix_path.sh
[2.068s] -- Up-to-date: /home/richard/ros2_ws/install/phi_aria/share/phi_aria/environment/ament_prefix_path.dsv
[2.068s] -- Up-to-date: /home/richard/ros2_ws/install/phi_aria/share/phi_aria/environment/path.sh
[2.068s] -- Up-to-date: /home/richard/ros2_ws/install/phi_aria/share/phi_aria/environment/path.dsv
[2.068s] -- Up-to-date: /home/richard/ros2_ws/install/phi_aria/share/phi_aria/local_setup.bash
[2.069s] -- Up-to-date: /home/richard/ros2_ws/install/phi_aria/share/phi_aria/local_setup.sh
[2.069s] -- Up-to-date: /home/richard/ros2_ws/install/phi_aria/share/phi_aria/local_setup.zsh
[2.069s] -- Up-to-date: /home/richard/ros2_ws/install/phi_aria/share/phi_aria/local_setup.dsv
[2.072s] -- Installing: /home/richard/ros2_ws/install/phi_aria/share/phi_aria/package.dsv
[2.083s] -- Up-to-date: /home/richard/ros2_ws/install/phi_aria/share/ament_index/resource_index/packages/phi_aria
[2.083s] -- Up-to-date: /home/richard/ros2_ws/install/phi_aria/share/phi_aria/cmake/phi_ariaConfig.cmake
[2.087s] -- Up-to-date: /home/richard/ros2_ws/install/phi_aria/share/phi_aria/cmake/phi_ariaConfig-version.cmake
[2.091s] -- Up-to-date: /home/richard/ros2_ws/install/phi_aria/share/phi_aria/package.xml
[2.098s] Invoked command in '/home/richard/ros2_ws/build/phi_aria' returned '0': CMAKE_PREFIX_PATH=${CMAKE_PREFIX_PATH}:/opt/ros/jazzy DEBUGINFOD_URLS=https://debuginfod.ubuntu.com /usr/bin/cmake --install /home/richard/ros2_ws/build/phi_aria
