[0.060s] Invoking command in '/home/richard/ros2_ws/build/tp1': CMAKE_PREFIX_PATH=${CMAKE_PREFIX_PATH}:/opt/ros/jazzy DEBUGINFOD_URLS=https://debuginfod.ubuntu.com /usr/bin/cmake --build /home/richard/ros2_ws/build/tp1 -- -j4 -l4
[0.252s] [ 12%] [32mBuilding CXX object CMakeFiles/navigation.dir/src/Mapping.cpp.o[0m
[3.754s] [01m[K/home/richard/ros2_ws/src/tp1/src/Mapping.cpp:[m[K In function ‘[01m[Kvoid*[01;32m[K mappingThreadFunction[m[K(void*)[m[K’:
[3.754s] [01m[K/home/richard/ros2_ws/src/tp1/src/Mapping.cpp:626:35:[m[K [01;35m[Kwarning: [m[Kunused parameter ‘[01m[Karg[m[K’ [[01;35m[K]8;;https://gcc.gnu.org/onlinedocs/gcc/Warning-Options.html#index-Wunused-parameter-Wunused-parameter]8;;[m[K]
[3.754s]   626 | void* mappingThreadFunction([01;35m[Kvoid* arg[m[K) {
[3.755s]       |                             [01;35m[K~~~~~~^~~[m[K
[5.565s] [ 25%] [32m[1mLinking CXX executable navigation[0m
[6.320s] [100%] Built target navigation
[6.337s] Invoked command in '/home/richard/ros2_ws/build/tp1' returned '0': CMAKE_PREFIX_PATH=${CMAKE_PREFIX_PATH}:/opt/ros/jazzy DEBUGINFOD_URLS=https://debuginfod.ubuntu.com /usr/bin/cmake --build /home/richard/ros2_ws/build/tp1 -- -j4 -l4
[6.339s] Invoking command in '/home/richard/ros2_ws/build/tp1': CMAKE_PREFIX_PATH=${CMAKE_PREFIX_PATH}:/opt/ros/jazzy DEBUGINFOD_URLS=https://debuginfod.ubuntu.com /usr/bin/cmake --install /home/richard/ros2_ws/build/tp1
[6.352s] -- Install configuration: ""
[6.352s] -- Installing: /home/richard/ros2_ws/install/tp1/lib/tp1/navigation
[6.361s] -- Set non-toolchain portion of runtime path of "/home/richard/ros2_ws/install/tp1/lib/tp1/navigation" to ""
[6.361s] -- Up-to-date: /home/richard/ros2_ws/install/tp1/share/tp1/launch
[6.361s] -- Up-to-date: /home/richard/ros2_ws/install/tp1/share/tp1/launch/p3dx-rosaria.launch.py
[6.361s] -- Up-to-date: /home/richard/ros2_ws/install/tp1/share/tp1/config
[6.362s] -- Up-to-date: /home/richard/ros2_ws/install/tp1/share/tp1/config/p3dx.rviz
[6.362s] -- Up-to-date: /home/richard/ros2_ws/install/tp1/share/ament_index/resource_index/package_run_dependencies/tp1
[6.362s] -- Up-to-date: /home/richard/ros2_ws/install/tp1/share/ament_index/resource_index/parent_prefix_path/tp1
[6.362s] -- Up-to-date: /home/richard/ros2_ws/install/tp1/share/tp1/environment/ament_prefix_path.sh
[6.362s] -- Up-to-date: /home/richard/ros2_ws/install/tp1/share/tp1/environment/ament_prefix_path.dsv
[6.362s] -- Up-to-date: /home/richard/ros2_ws/install/tp1/share/tp1/environment/path.sh
[6.363s] -- Up-to-date: /home/richard/ros2_ws/install/tp1/share/tp1/environment/path.dsv
[6.363s] -- Up-to-date: /home/richard/ros2_ws/install/tp1/share/tp1/local_setup.bash
[6.363s] -- Up-to-date: /home/richard/ros2_ws/install/tp1/share/tp1/local_setup.sh
[6.363s] -- Up-to-date: /home/richard/ros2_ws/install/tp1/share/tp1/local_setup.zsh
[6.364s] -- Up-to-date: /home/richard/ros2_ws/install/tp1/share/tp1/local_setup.dsv
[6.364s] -- Installing: /home/richard/ros2_ws/install/tp1/share/tp1/package.dsv
[6.364s] -- Up-to-date: /home/richard/ros2_ws/install/tp1/share/ament_index/resource_index/packages/tp1
[6.364s] -- Up-to-date: /home/richard/ros2_ws/install/tp1/share/tp1/cmake/tp1Config.cmake
[6.364s] -- Up-to-date: /home/richard/ros2_ws/install/tp1/share/tp1/cmake/tp1Config-version.cmake
[6.365s] -- Up-to-date: /home/richard/ros2_ws/install/tp1/share/tp1/package.xml
[6.367s] Invoked command in '/home/richard/ros2_ws/build/tp1' returned '0': CMAKE_PREFIX_PATH=${CMAKE_PREFIX_PATH}:/opt/ros/jazzy DEBUGINFOD_URLS=https://debuginfod.ubuntu.com /usr/bin/cmake --install /home/richard/ros2_ws/build/tp1
