[0.018s] Invoking command in '/home/richard/ros2_ws/build/turtlesim': CMAKE_PREFIX_PATH=${CMAKE_PREFIX_PATH}:/opt/ros/jazzy DEBUGINFOD_URLS=https://debuginfod.ubuntu.com /usr/bin/cmake --build /home/richard/ros2_ws/build/turtlesim -- -j4 -l4
[0.119s] [  0%] Built target turtlesim__rosidl_generator_type_description
[0.175s] [  0%] Built target ament_cmake_python_copy_turtlesim
[0.177s] [  1%] Built target turtlesim__cpp
[0.223s] [ 24%] Built target turtlesim__rosidl_generator_c
[0.291s] [ 32%] Built target turtlesim__rosidl_typesupport_fastrtps_c
[0.334s] [ 41%] Built target turtlesim__rosidl_typesupport_cpp
[0.346s] [ 50%] Built target turtlesim__rosidl_typesupport_fastrtps_cpp
[0.396s] [ 59%] Built target turtlesim__rosidl_typesupport_introspection_c
[0.407s] [ 68%] Built target turtlesim__rosidl_typesupport_c
[0.432s] [ 76%] Built target turtlesim__rosidl_typesupport_introspection_cpp
[0.499s] [ 81%] Built target turtlesim_node
[0.503s] [ 83%] Built target turtle_teleop_key
[0.528s] [ 84%] Built target draw_square
[0.563s] [ 84%] Built target turtlesim
[0.632s] [ 86%] Built target mimic
[0.652s] [ 86%] Built target turtlesim__py
[0.749s] [ 94%] Built target turtlesim__rosidl_generator_py
[0.803s] [ 96%] Built target turtlesim_s__rosidl_typesupport_c
[0.805s] [ 98%] Built target turtlesim_s__rosidl_typesupport_fastrtps_c
[0.813s] [100%] Built target turtlesim_s__rosidl_typesupport_introspection_c
[0.877s] running egg_info
[0.917s] writing turtlesim.egg-info/PKG-INFO
[0.917s] writing dependency_links to turtlesim.egg-info/dependency_links.txt
[0.918s] writing top-level names to turtlesim.egg-info/top_level.txt
[1.076s] reading manifest file 'turtlesim.egg-info/SOURCES.txt'
[1.077s] writing manifest file 'turtlesim.egg-info/SOURCES.txt'
[1.136s] [100%] Built target ament_cmake_python_build_turtlesim_egg
