[0.021s] Invoking command in '/home/richa/ros2_ws/build/tp1': CMAKE_PREFIX_PATH=${CMAKE_PREFIX_PATH}:/opt/ros/jazzy /usr/bin/cmake --build /home/richa/ros2_ws/build/tp1 -- -j12 -l12
[0.133s] [ 14%] [32mBuilding CXX object CMakeFiles/navigation.dir/src/Mapping.cpp.o[0m
[2.835s] [01m[K/home/richa/ros2_ws/src/tp1/src/Mapping.cpp:[m[K In function ‘[01m[Kvoid*[01;32m[K mappingThreadFunction[m[K(void*)[m[K’:
[2.835s] [01m[K/home/richa/ros2_ws/src/tp1/src/Mapping.cpp:363:35:[m[K [01;35m[Kwarning: [m[Kunused parameter ‘[01m[Karg[m[K’ [[01;35m[K]8;;https://gcc.gnu.org/onlinedocs/gcc/Warning-Options.html#index-Wunused-parameter-Wunused-parameter]8;;[m[K]
[2.836s]   363 | void* mappingThreadFunction([01;35m[Kvoid* arg[m[K)
[2.836s]       |                             [01;35m[K~~~~~~^~~[m[K
[4.014s] [ 28%] [32m[1mLinking CXX executable navigation[0m
[4.944s] [100%] Built target navigation
[4.957s] Invoked command in '/home/richa/ros2_ws/build/tp1' returned '0': CMAKE_PREFIX_PATH=${CMAKE_PREFIX_PATH}:/opt/ros/jazzy /usr/bin/cmake --build /home/richa/ros2_ws/build/tp1 -- -j12 -l12
[4.958s] Invoking command in '/home/richa/ros2_ws/build/tp1': CMAKE_PREFIX_PATH=${CMAKE_PREFIX_PATH}:/opt/ros/jazzy /usr/bin/cmake --install /home/richa/ros2_ws/build/tp1
[4.967s] -- Install configuration: ""
[4.968s] -- Installing: /home/richa/ros2_ws/install/tp1/lib/tp1/navigation
[5.074s] -- Set non-toolchain portion of runtime path of "/home/richa/ros2_ws/install/tp1/lib/tp1/navigation" to ""
[5.074s] -- Up-to-date: /home/richa/ros2_ws/install/tp1/share/tp1/launch
[5.075s] -- Up-to-date: /home/richa/ros2_ws/install/tp1/share/tp1/launch/p3dx-rosaria.launch.py
[5.075s] -- Up-to-date: /home/richa/ros2_ws/install/tp1/share/tp1/config
[5.075s] -- Up-to-date: /home/richa/ros2_ws/install/tp1/share/tp1/config/p3dx.rviz
[5.075s] -- Up-to-date: /home/richa/ros2_ws/install/tp1/share/ament_index/resource_index/package_run_dependencies/tp1
[5.076s] -- Up-to-date: /home/richa/ros2_ws/install/tp1/share/ament_index/resource_index/parent_prefix_path/tp1
[5.076s] -- Up-to-date: /home/richa/ros2_ws/install/tp1/share/tp1/environment/ament_prefix_path.sh
[5.076s] -- Up-to-date: /home/richa/ros2_ws/install/tp1/share/tp1/environment/ament_prefix_path.dsv
[5.076s] -- Up-to-date: /home/richa/ros2_ws/install/tp1/share/tp1/environment/path.sh
[5.076s] -- Up-to-date: /home/richa/ros2_ws/install/tp1/share/tp1/environment/path.dsv
[5.076s] -- Up-to-date: /home/richa/ros2_ws/install/tp1/share/tp1/local_setup.bash
[5.076s] -- Up-to-date: /home/richa/ros2_ws/install/tp1/share/tp1/local_setup.sh
[5.077s] -- Up-to-date: /home/richa/ros2_ws/install/tp1/share/tp1/local_setup.zsh
[5.077s] -- Up-to-date: /home/richa/ros2_ws/install/tp1/share/tp1/local_setup.dsv
[5.077s] -- Installing: /home/richa/ros2_ws/install/tp1/share/tp1/package.dsv
[5.077s] -- Up-to-date: /home/richa/ros2_ws/install/tp1/share/ament_index/resource_index/packages/tp1
[5.077s] -- Up-to-date: /home/richa/ros2_ws/install/tp1/share/tp1/cmake/tp1Config.cmake
[5.078s] -- Up-to-date: /home/richa/ros2_ws/install/tp1/share/tp1/cmake/tp1Config-version.cmake
[5.079s] -- Up-to-date: /home/richa/ros2_ws/install/tp1/share/tp1/package.xml
[5.080s] Invoked command in '/home/richa/ros2_ws/build/tp1' returned '0': CMAKE_PREFIX_PATH=${CMAKE_PREFIX_PATH}:/opt/ros/jazzy /usr/bin/cmake --install /home/richa/ros2_ws/build/tp1
