[0.017s] Invoking command in '/home/richard/ros2_ws/build/tp1': CMAKE_PREFIX_PATH=${CMAKE_PREFIX_PATH}:/opt/ros/jazzy DEBUGINFOD_URLS=https://debuginfod.ubuntu.com /usr/bin/cmake --build /home/richard/ros2_ws/build/tp1 -- -j4 -l4
[0.171s] [ 11%] [32mBuilding CXX object CMakeFiles/navigation.dir/src/Graph.cpp.o[0m
[1.370s] [01m[K/home/richard/ros2_ws/src/tp1/src/Graph.cpp:[m[K In function ‘[01m[Kvoid[01;32m[K desenhaCentroides[m[K(Centroide)[m[K’:
[1.371s] [01m[K/home/richard/ros2_ws/src/tp1/src/Graph.cpp:298:34:[m[K [01;31m[Kerror: [m[K‘[01m[Kbegin[m[K’ was not declared in this scope; did you mean ‘[01m[Kstd::begin[m[K’?
[1.371s]   298 |     for (const auto& centroide : [01;31m[Kcentroides[m[K) {
[1.371s]       |                                  [01;31m[K^~~~~~~~~~[m[K
[1.371s]       |                                  [32m[Kstd::begin[m[K
[1.371s] In file included from [01m[K/usr/include/c++/13/vector:69[m[K,
[1.371s]                  from [01m[K/home/richard/ros2_ws/src/tp1/include/Mapping.hpp:6[m[K,
[1.371s]                  from [01m[K/home/richard/ros2_ws/src/tp1/src/Graph.cpp:3[m[K:
[1.371s] [01m[K/usr/include/c++/13/bits/range_access.h:114:37:[m[K [01;36m[Knote: [m[K‘[01m[Kstd::begin[m[K’ declared here
[1.371s]   114 |   template<typename _Tp> const _Tp* [01;36m[Kbegin[m[K(const valarray<_Tp>&) noexcept;
[1.371s]       |                                     [01;36m[K^~~~~[m[K
[1.374s] [01m[K/home/richard/ros2_ws/src/tp1/src/Graph.cpp:298:34:[m[K [01;31m[Kerror: [m[K‘[01m[Kend[m[K’ was not declared in this scope; did you mean ‘[01m[Kstd::end[m[K’?
[1.374s]   298 |     for (const auto& centroide : [01;31m[Kcentroides[m[K) {
[1.374s]       |                                  [01;31m[K^~~~~~~~~~[m[K
[1.374s]       |                                  [32m[Kstd::end[m[K
[1.374s] [01m[K/usr/include/c++/13/bits/range_access.h:116:37:[m[K [01;36m[Knote: [m[K‘[01m[Kstd::end[m[K’ declared here
[1.374s]   116 |   template<typename _Tp> const _Tp* [01;36m[Kend[m[K(const valarray<_Tp>&) noexcept;
[1.374s]       |                                     [01;36m[K^~~[m[K
[1.381s] [01m[K/home/richard/ros2_ws/src/tp1/src/Graph.cpp:[m[K In function ‘[01m[Kvoid*[01;32m[K graphicsThreadFunction[m[K(void*)[m[K’:
[1.381s] [01m[K/home/richard/ros2_ws/src/tp1/src/Graph.cpp:352:27:[m[K [01;31m[Kerror: [m[Kcould not convert ‘[01m[KlistaCentroides[m[K’ from ‘[01m[Kstd::vector<Centroide>[m[K’ to ‘[01m[KCentroide[m[K’
[1.381s]   352 |         desenhaCentroides([01;31m[KlistaCentroides[m[K);
[1.381s]       |                           [01;31m[K^~~~~~~~~~~~~~~[m[K
[1.381s]       |                           [01;31m[K|[m[K
[1.381s]       |                           [01;31m[Kstd::vector<Centroide>[m[K
[1.381s] [01m[K/home/richard/ros2_ws/src/tp1/src/Graph.cpp:312:36:[m[K [01;35m[Kwarning: [m[Kunused parameter ‘[01m[Karg[m[K’ [[01;35m[K]8;;https://gcc.gnu.org/onlinedocs/gcc/Warning-Options.html#index-Wunused-parameter-Wunused-parameter]8;;[m[K]
[1.381s]   312 | void* graphicsThreadFunction([01;35m[Kvoid* arg[m[K) {
[1.381s]       |                              [01;35m[K~~~~~~^~~[m[K
[1.467s] gmake[2]: *** [CMakeFiles/navigation.dir/build.make:132: CMakeFiles/navigation.dir/src/Graph.cpp.o] Erro 1
[1.468s] gmake[1]: *** [CMakeFiles/Makefile2:137: CMakeFiles/navigation.dir/all] Erro 2
[1.469s] gmake: *** [Makefile:146: all] Erro 2
[1.471s] Invoked command in '/home/richard/ros2_ws/build/tp1' returned '2': CMAKE_PREFIX_PATH=${CMAKE_PREFIX_PATH}:/opt/ros/jazzy DEBUGINFOD_URLS=https://debuginfod.ubuntu.com /usr/bin/cmake --build /home/richard/ros2_ws/build/tp1 -- -j4 -l4
