[0.016s] Invoking command in '/home/richard/ros2_ws/build/tp1': CMAKE_PREFIX_PATH=${CMAKE_PREFIX_PATH}:/opt/ros/jazzy DEBUGINFOD_URLS=https://debuginfod.ubuntu.com /usr/bin/cmake --build /home/richard/ros2_ws/build/tp1 -- -j4 -l4
[0.215s] [ 12%] [32mBuilding CXX object CMakeFiles/navigation.dir/src/Graph.cpp.o[0m
[1.164s] [01m[K/home/richard/ros2_ws/src/tp1/src/Graph.cpp:[m[K In function ‘[01m[Kvoid[01;32m[K pintaCelulas[m[K(const std::vector<std::vector<float> >&, float, float)[m[K’:
[1.164s] [01m[K/home/richard/ros2_ws/src/tp1/src/Graph.cpp:124:15:[m[K [01;31m[Kerror: [m[K‘[01m[Kconst struct Ponto[m[K’ has no member named ‘[01m[Ki[m[K’
[1.164s]   124 |         if (p.[01;31m[Ki[m[K < 0 || p.i >= linhas) continue;
[1.166s]       |               [01;31m[K^[m[K
[1.166s] [01m[K/home/richard/ros2_ws/src/tp1/src/Graph.cpp:124:26:[m[K [01;31m[Kerror: [m[K‘[01m[Kconst struct Ponto[m[K’ has no member named ‘[01m[Ki[m[K’
[1.166s]   124 |         if (p.i < 0 || p.[01;31m[Ki[m[K >= linhas) continue;
[1.166s]       |                          [01;31m[K^[m[K
[1.166s] [01m[K/home/richard/ros2_ws/src/tp1/src/Graph.cpp:125:15:[m[K [01;31m[Kerror: [m[K‘[01m[Kconst struct Ponto[m[K’ has no member named ‘[01m[Kj[m[K’
[1.166s]   125 |         if (p.[01;31m[Kj[m[K < 0 || p.j >= colunas) continue;
[1.166s]       |               [01;31m[K^[m[K
[1.166s] [01m[K/home/richard/ros2_ws/src/tp1/src/Graph.cpp:125:26:[m[K [01;31m[Kerror: [m[K‘[01m[Kconst struct Ponto[m[K’ has no member named ‘[01m[Kj[m[K’
[1.166s]   125 |         if (p.j < 0 || p.[01;31m[Kj[m[K >= colunas) continue;
[1.167s]       |                          [01;31m[K^[m[K
[1.167s] [01m[K/home/richard/ros2_ws/src/tp1/src/Graph.cpp:127:30:[m[K [01;31m[Kerror: [m[K‘[01m[Kconst struct Ponto[m[K’ has no member named ‘[01m[Kj[m[K’
[1.167s]   127 |         float x = inicio + p.[01;31m[Kj[m[K * passo;
[1.167s]       |                              [01;31m[K^[m[K
[1.167s] [01m[K/home/richard/ros2_ws/src/tp1/src/Graph.cpp:128:30:[m[K [01;31m[Kerror: [m[K‘[01m[Kconst struct Ponto[m[K’ has no member named ‘[01m[Ki[m[K’
[1.167s]   128 |         float y = inicio + p.[01;31m[Ki[m[K * passo;
[1.167s]       |                              [01;31m[K^[m[K
[1.176s] [01m[K/home/richard/ros2_ws/src/tp1/src/Graph.cpp:[m[K In function ‘[01m[Kvoid*[01;32m[K graphicsThreadFunction[m[K(void*)[m[K’:
[1.176s] [01m[K/home/richard/ros2_ws/src/tp1/src/Graph.cpp:272:36:[m[K [01;35m[Kwarning: [m[Kunused parameter ‘[01m[Karg[m[K’ [[01;35m[K]8;;https://gcc.gnu.org/onlinedocs/gcc/Warning-Options.html#index-Wunused-parameter-Wunused-parameter]8;;[m[K]
[1.176s]   272 | void* graphicsThreadFunction([01;35m[Kvoid* arg[m[K) {
[1.176s]       |                              [01;35m[K~~~~~~^~~[m[K
[1.271s] gmake[2]: *** [CMakeFiles/navigation.dir/build.make:132: CMakeFiles/navigation.dir/src/Graph.cpp.o] Erro 1
[1.272s] gmake[1]: *** [CMakeFiles/Makefile2:137: CMakeFiles/navigation.dir/all] Erro 2
[1.272s] gmake: *** [Makefile:146: all] Erro 2
[1.274s] Invoked command in '/home/richard/ros2_ws/build/tp1' returned '2': CMAKE_PREFIX_PATH=${CMAKE_PREFIX_PATH}:/opt/ros/jazzy DEBUGINFOD_URLS=https://debuginfod.ubuntu.com /usr/bin/cmake --build /home/richard/ros2_ws/build/tp1 -- -j4 -l4
