[ 11%] [32mBuilding CXX object CMakeFiles/navigation.dir/src/Graph.cpp.o[0m
[01m[K/home/richard/ros2_ws/src/tp1/src/Graph.cpp:[m[K In function ‘[01m[Kvoid[01;32m[K desenhaCentroides[m[K(std::vector<Centroide>, float, float)[m[K’:
[01m[K/home/richard/ros2_ws/src/tp1/src/Graph.cpp:302:25:[m[K [01;31m[Kerror: [m[Kexpected ‘[01m[K;[m[K’ before ‘[01m[Kfor[m[K’
  302 |         glVertex2f(x, y)
      |                         [01;31m[K^[m[K
      |                         [32m[K;[m[K
  303 |         [32m[Kfor[m[K (int i = 0; i <= numSegmentos; i++) {
      |         [32m[K~~~[m[K              
[01m[K/home/richard/ros2_ws/src/tp1/src/Graph.cpp:303:25:[m[K [01;31m[Kerror: [m[K‘[01m[Ki[m[K’ was not declared in this scope
  303 |         for (int i = 0; [01;31m[Ki[m[K <= numSegmentos; i++) {
      |                         [01;31m[K^[m[K
[01m[K/home/richard/ros2_ws/src/tp1/src/Graph.cpp:293:11:[m[K [01;35m[Kwarning: [m[Kunused variable ‘[01m[Ktamanho[m[K’ [[01;35m[K]8;;https://gcc.gnu.org/onlinedocs/gcc/Warning-Options.html#index-Wunused-variable-Wunused-variable]8;;[m[K]
  293 |     float [01;35m[Ktamanho[m[K = 0.1f;
      |           [01;35m[K^~~~~~~[m[K
[01m[K/home/richard/ros2_ws/src/tp1/src/Graph.cpp:[m[K In function ‘[01m[Kvoid*[01;32m[K graphicsThreadFunction[m[K(void*)[m[K’:
[01m[K/home/richard/ros2_ws/src/tp1/src/Graph.cpp:313:36:[m[K [01;35m[Kwarning: [m[Kunused parameter ‘[01m[Karg[m[K’ [[01;35m[K]8;;https://gcc.gnu.org/onlinedocs/gcc/Warning-Options.html#index-Wunused-parameter-Wunused-parameter]8;;[m[K]
  313 | void* graphicsThreadFunction([01;35m[Kvoid* arg[m[K) {
      |                              [01;35m[K~~~~~~^~~[m[K
gmake[2]: *** [CMakeFiles/navigation.dir/build.make:132: CMakeFiles/navigation.dir/src/Graph.cpp.o] Erro 1
gmake[1]: *** [CMakeFiles/Makefile2:137: CMakeFiles/navigation.dir/all] Erro 2
gmake: *** [Makefile:146: all] Erro 2
