[0.022s] Invoking command in '/home/richa/ros2_ws/build/tp1': CMAKE_PREFIX_PATH=${CMAKE_PREFIX_PATH}:/opt/ros/jazzy /usr/bin/cmake --build /home/richa/ros2_ws/build/tp1 -- -j12 -l12
[0.112s] [ 12%] [32mBuilding CXX object CMakeFiles/navigation.dir/src/Explorer.cpp.o[0m
[2.653s] [01m[K/home/richa/ros2_ws/src/tp1/src/Explorer.cpp:[m[K In function ‘[01m[Kvoid*[01;32m[K explorerThreadFunction[m[K(void*)[m[K’:
[2.653s] [01m[K/home/richa/ros2_ws/src/tp1/src/Explorer.cpp:224:36:[m[K [01;35m[Kwarning: [m[Kunused parameter ‘[01m[Karg[m[K’ [[01;35m[K]8;;https://gcc.gnu.org/onlinedocs/gcc/Warning-Options.html#index-Wunused-parameter-Wunused-parameter]8;;[m[K]
[2.653s]   224 | void* explorerThreadFunction([01;35m[Kvoid* arg[m[K)
[2.653s]       |                              [01;35m[K~~~~~~^~~[m[K
[3.574s] [ 25%] [32m[1mLinking CXX executable navigation[0m
[4.306s] [100%] Built target navigation
[4.317s] Invoked command in '/home/richa/ros2_ws/build/tp1' returned '0': CMAKE_PREFIX_PATH=${CMAKE_PREFIX_PATH}:/opt/ros/jazzy /usr/bin/cmake --build /home/richa/ros2_ws/build/tp1 -- -j12 -l12
[4.319s] Invoking command in '/home/richa/ros2_ws/build/tp1': CMAKE_PREFIX_PATH=${CMAKE_PREFIX_PATH}:/opt/ros/jazzy /usr/bin/cmake --install /home/richa/ros2_ws/build/tp1
[4.328s] -- Install configuration: ""
[4.328s] -- Installing: /home/richa/ros2_ws/install/tp1/lib/tp1/navigation
[4.338s] -- Set non-toolchain portion of runtime path of "/home/richa/ros2_ws/install/tp1/lib/tp1/navigation" to ""
[4.339s] -- Up-to-date: /home/richa/ros2_ws/install/tp1/share/tp1/launch
[4.339s] -- Up-to-date: /home/richa/ros2_ws/install/tp1/share/tp1/launch/p3dx-rosaria.launch.py
[4.340s] -- Up-to-date: /home/richa/ros2_ws/install/tp1/share/tp1/config
[4.340s] -- Up-to-date: /home/richa/ros2_ws/install/tp1/share/tp1/config/p3dx.rviz
[4.340s] -- Up-to-date: /home/richa/ros2_ws/install/tp1/share/ament_index/resource_index/package_run_dependencies/tp1
[4.341s] -- Up-to-date: /home/richa/ros2_ws/install/tp1/share/ament_index/resource_index/parent_prefix_path/tp1
[4.341s] -- Up-to-date: /home/richa/ros2_ws/install/tp1/share/tp1/environment/ament_prefix_path.sh
[4.341s] -- Up-to-date: /home/richa/ros2_ws/install/tp1/share/tp1/environment/ament_prefix_path.dsv
[4.341s] -- Up-to-date: /home/richa/ros2_ws/install/tp1/share/tp1/environment/path.sh
[4.341s] -- Up-to-date: /home/richa/ros2_ws/install/tp1/share/tp1/environment/path.dsv
[4.341s] -- Up-to-date: /home/richa/ros2_ws/install/tp1/share/tp1/local_setup.bash
[4.341s] -- Up-to-date: /home/richa/ros2_ws/install/tp1/share/tp1/local_setup.sh
[4.341s] -- Up-to-date: /home/richa/ros2_ws/install/tp1/share/tp1/local_setup.zsh
[4.341s] -- Up-to-date: /home/richa/ros2_ws/install/tp1/share/tp1/local_setup.dsv
[4.342s] -- Installing: /home/richa/ros2_ws/install/tp1/share/tp1/package.dsv
[4.342s] -- Up-to-date: /home/richa/ros2_ws/install/tp1/share/ament_index/resource_index/packages/tp1
[4.342s] -- Up-to-date: /home/richa/ros2_ws/install/tp1/share/tp1/cmake/tp1Config.cmake
[4.343s] -- Up-to-date: /home/richa/ros2_ws/install/tp1/share/tp1/cmake/tp1Config-version.cmake
[4.343s] -- Up-to-date: /home/richa/ros2_ws/install/tp1/share/tp1/package.xml
[4.344s] Invoked command in '/home/richa/ros2_ws/build/tp1' returned '0': CMAKE_PREFIX_PATH=${CMAKE_PREFIX_PATH}:/opt/ros/jazzy /usr/bin/cmake --install /home/richa/ros2_ws/build/tp1
