[01m[K/home/richard/ros2_ws/src/tp1/src/Action.cpp:[m[K In member function ‘[01m[Kvoid Action::[01;32m[KexploreEnvironment[m[K(std::vector<float>, std::vector<float>, std::vector<float>)[m[K’:
[01m[K/home/richard/ros2_ws/src/tp1/src/Action.cpp:22:24:[m[K [01;35m[Kwarning: [m[Kunused parameter ‘[01m[KsonarsData[m[K’ [[01;35m[K]8;;https://gcc.gnu.org/onlinedocs/gcc/Warning-Options.html#index-Wunused-parameter-Wunused-parameter]8;;[m[K]
   22 |     [01;35m[Kstd::vector<float> sonarsData[m[K,
      |     [01;35m[K~~~~~~~~~~~~~~~~~~~^~~~~~~~~~[m[K
[01m[K/home/richard/ros2_ws/src/tp1/src/Action.cpp:[m[K In member function ‘[01m[Kvoid Action::[01;32m[KmanualRobotMotion[m[K(MovingDirection)[m[K’:
[01m[K/home/richard/ros2_ws/src/tp1/src/Action.cpp:34:22:[m[K [01;31m[Kerror: [m[K‘[01m[KposeData[m[K’ was not declared in this scope
   34 |     robotPosition = {[01;31m[KposeData[m[K[0], poseData[1], poseData[2]};
      |                      [01;31m[K^~~~~~~~[m[K
[01m[K/home/richard/ros2_ws/src/tp1/src/Action.cpp:34:59:[m[K [01;31m[Kerror: [m[Kno match for ‘[01m[Koperator=[m[K’ (operand types are ‘[01m[KPosition[m[K’ and ‘[01m[K<brace-enclosed initializer list>[m[K’)
   34 |     robotPosition = {poseData[0], poseData[1], poseData[2][01;31m[K}[m[K;
      |                                                           [01;31m[K^[m[K
In file included from [01m[K/home/richard/ros2_ws/src/tp1/src/Action.cpp:3[m[K:
[01m[K/home/richard/ros2_ws/src/tp1/include/Mapping.hpp:8:8:[m[K [01;36m[Knote: [m[Kcandidate: ‘[01m[Kconstexpr Position& Position::[01;32m[Koperator=[m[K(const Position&)[m[K’
    8 | struct [01;36m[KPosition[m[K{
      |        [01;36m[K^~~~~~~~[m[K
[01m[K/home/richard/ros2_ws/src/tp1/include/Mapping.hpp:8:8:[m[K [01;36m[Knote: [m[K  no known conversion for argument 1 from ‘[01m[K<brace-enclosed initializer list>[m[K’ to ‘[01m[Kconst Position&[m[K’
[01m[K/home/richard/ros2_ws/src/tp1/include/Mapping.hpp:8:8:[m[K [01;36m[Knote: [m[Kcandidate: ‘[01m[Kconstexpr Position& Position::[01;32m[Koperator=[m[K(Position&&)[m[K’
[01m[K/home/richard/ros2_ws/src/tp1/include/Mapping.hpp:8:8:[m[K [01;36m[Knote: [m[K  no known conversion for argument 1 from ‘[01m[K<brace-enclosed initializer list>[m[K’ to ‘[01m[KPosition&&[m[K’
[01m[K/home/richard/ros2_ws/src/tp1/src/Action.cpp:35:14:[m[K [01;31m[Kerror: [m[K‘[01m[KlasersData[m[K’ was not declared in this scope; did you mean ‘[01m[Klasers[m[K’?
   35 |     lasers = [01;31m[KlasersData[m[K;
      |              [01;31m[K^~~~~~~~~~[m[K
      |              [32m[Klasers[m[K
gmake[2]: *** [CMakeFiles/navigation.dir/build.make:90: CMakeFiles/navigation.dir/src/Action.cpp.o] Erro 1
gmake[1]: *** [CMakeFiles/Makefile2:137: CMakeFiles/navigation.dir/all] Erro 2
gmake: *** [Makefile:146: all] Erro 2
