[0.201s] DEBUG:colcon:Command line arguments: ['/usr/bin/colcon', 'build']
[0.201s] DEBUG:colcon:Parsed command line arguments: Namespace(log_base=None, log_level=None, verb_name='build', build_base='build', install_base='install', merge_install=False, symlink_install=False, test_result_base=None, continue_on_error=False, executor='parallel', parallel_workers=12, event_handlers=None, ignore_user_meta=False, metas=['./colcon.meta'], base_paths=['.'], packages_ignore=None, packages_ignore_regex=None, paths=None, packages_up_to=None, packages_up_to_regex=None, packages_above=None, packages_above_and_dependencies=None, packages_above_depth=None, packages_select_by_dep=None, packages_skip_by_dep=None, packages_skip_up_to=None, packages_select_build_failed=False, packages_skip_build_finished=False, packages_select_test_failures=False, packages_skip_test_passed=False, packages_select=None, packages_skip=None, packages_select_regex=None, packages_skip_regex=None, packages_start=None, packages_end=None, allow_overriding=[], cmake_args=None, cmake_target=None, cmake_target_skip_unavailable=False, cmake_clean_cache=False, cmake_clean_first=False, cmake_force_configure=False, ament_cmake_args=None, catkin_cmake_args=None, catkin_skip_building_tests=False, verb_parser=<colcon_defaults.argument_parser.defaults.DefaultArgumentsDecorator object at 0x7e848d2577d0>, verb_extension=<colcon_core.verb.build.BuildVerb object at 0x7e848d3a02c0>, main=<bound method BuildVerb.main of <colcon_core.verb.build.BuildVerb object at 0x7e848d3a02c0>>)
[0.244s] Level 1:colcon.colcon_core.package_discovery:discover_packages(colcon_meta) check parameters
[0.244s] Level 1:colcon.colcon_core.package_discovery:discover_packages(recursive) check parameters
[0.244s] Level 1:colcon.colcon_core.package_discovery:discover_packages(ignore) check parameters
[0.244s] Level 1:colcon.colcon_core.package_discovery:discover_packages(path) check parameters
[0.244s] Level 1:colcon.colcon_core.package_discovery:discover_packages(colcon_meta) discover
[0.245s] Level 1:colcon.colcon_core.package_discovery:discover_packages(recursive) discover
[0.245s] INFO:colcon.colcon_core.package_discovery:Crawling recursively for packages in '/home/richa/ros2_ws'
[0.245s] Level 1:colcon.colcon_core.package_identification:_identify(.) by extensions ['ignore', 'ignore_ament_install']
[0.245s] Level 1:colcon.colcon_core.package_identification:_identify(.) by extension 'ignore'
[0.245s] Level 1:colcon.colcon_core.package_identification:_identify(.) by extension 'ignore_ament_install'
[0.245s] Level 1:colcon.colcon_core.package_identification:_identify(.) by extensions ['colcon_pkg']
[0.245s] Level 1:colcon.colcon_core.package_identification:_identify(.) by extension 'colcon_pkg'
[0.245s] Level 1:colcon.colcon_core.package_identification:_identify(.) by extensions ['colcon_meta']
[0.245s] Level 1:colcon.colcon_core.package_identification:_identify(.) by extension 'colcon_meta'
[0.246s] Level 1:colcon.colcon_core.package_identification:_identify(.) by extensions ['ros']
[0.246s] Level 1:colcon.colcon_core.package_identification:_identify(.) by extension 'ros'
[0.274s] Level 1:colcon.colcon_core.package_identification:_identify(.) by extensions ['cmake', 'python']
[0.274s] Level 1:colcon.colcon_core.package_identification:_identify(.) by extension 'cmake'
[0.274s] Level 1:colcon.colcon_core.package_identification:_identify(.) by extension 'python'
[0.275s] Level 1:colcon.colcon_core.package_identification:_identify(.) by extensions ['python_setup_py']
[0.275s] Level 1:colcon.colcon_core.package_identification:_identify(.) by extension 'python_setup_py'
[0.275s] Level 1:colcon.colcon_core.package_identification:_identify(build) by extensions ['ignore', 'ignore_ament_install']
[0.275s] Level 1:colcon.colcon_core.package_identification:_identify(build) by extension 'ignore'
[0.275s] Level 1:colcon.colcon_core.package_identification:_identify(build) ignored
[0.275s] Level 1:colcon.colcon_core.package_identification:_identify(install) by extensions ['ignore', 'ignore_ament_install']
[0.275s] Level 1:colcon.colcon_core.package_identification:_identify(install) by extension 'ignore'
[0.275s] Level 1:colcon.colcon_core.package_identification:_identify(install) ignored
[0.275s] Level 1:colcon.colcon_core.package_identification:_identify(log) by extensions ['ignore', 'ignore_ament_install']
[0.276s] Level 1:colcon.colcon_core.package_identification:_identify(log) by extension 'ignore'
[0.276s] Level 1:colcon.colcon_core.package_identification:_identify(log) ignored
[0.276s] Level 1:colcon.colcon_core.package_identification:_identify(src) by extensions ['ignore', 'ignore_ament_install']
[0.276s] Level 1:colcon.colcon_core.package_identification:_identify(src) by extension 'ignore'
[0.276s] Level 1:colcon.colcon_core.package_identification:_identify(src) by extension 'ignore_ament_install'
[0.276s] Level 1:colcon.colcon_core.package_identification:_identify(src) by extensions ['colcon_pkg']
[0.276s] Level 1:colcon.colcon_core.package_identification:_identify(src) by extension 'colcon_pkg'
[0.276s] Level 1:colcon.colcon_core.package_identification:_identify(src) by extensions ['colcon_meta']
[0.276s] Level 1:colcon.colcon_core.package_identification:_identify(src) by extension 'colcon_meta'
[0.276s] Level 1:colcon.colcon_core.package_identification:_identify(src) by extensions ['ros']
[0.276s] Level 1:colcon.colcon_core.package_identification:_identify(src) by extension 'ros'
[0.276s] Level 1:colcon.colcon_core.package_identification:_identify(src) by extensions ['cmake', 'python']
[0.277s] Level 1:colcon.colcon_core.package_identification:_identify(src) by extension 'cmake'
[0.277s] Level 1:colcon.colcon_core.package_identification:_identify(src) by extension 'python'
[0.277s] Level 1:colcon.colcon_core.package_identification:_identify(src) by extensions ['python_setup_py']
[0.277s] Level 1:colcon.colcon_core.package_identification:_identify(src) by extension 'python_setup_py'
[0.277s] Level 1:colcon.colcon_core.package_identification:_identify(src/phi_aria) by extensions ['ignore', 'ignore_ament_install']
[0.277s] Level 1:colcon.colcon_core.package_identification:_identify(src/phi_aria) by extension 'ignore'
[0.277s] Level 1:colcon.colcon_core.package_identification:_identify(src/phi_aria) by extension 'ignore_ament_install'
[0.277s] Level 1:colcon.colcon_core.package_identification:_identify(src/phi_aria) by extensions ['colcon_pkg']
[0.277s] Level 1:colcon.colcon_core.package_identification:_identify(src/phi_aria) by extension 'colcon_pkg'
[0.277s] Level 1:colcon.colcon_core.package_identification:_identify(src/phi_aria) by extensions ['colcon_meta']
[0.278s] Level 1:colcon.colcon_core.package_identification:_identify(src/phi_aria) by extension 'colcon_meta'
[0.278s] Level 1:colcon.colcon_core.package_identification:_identify(src/phi_aria) by extensions ['ros']
[0.278s] Level 1:colcon.colcon_core.package_identification:_identify(src/phi_aria) by extension 'ros'
[0.281s] DEBUG:colcon.colcon_core.package_identification:Package 'src/phi_aria' with type 'ros.ament_cmake' and name 'phi_aria'
[0.282s] Level 1:colcon.colcon_core.package_identification:_identify(src/ros_tutorials) by extensions ['ignore', 'ignore_ament_install']
[0.282s] Level 1:colcon.colcon_core.package_identification:_identify(src/ros_tutorials) by extension 'ignore'
[0.282s] Level 1:colcon.colcon_core.package_identification:_identify(src/ros_tutorials) by extension 'ignore_ament_install'
[0.282s] Level 1:colcon.colcon_core.package_identification:_identify(src/ros_tutorials) by extensions ['colcon_pkg']
[0.282s] Level 1:colcon.colcon_core.package_identification:_identify(src/ros_tutorials) by extension 'colcon_pkg'
[0.282s] Level 1:colcon.colcon_core.package_identification:_identify(src/ros_tutorials) by extensions ['colcon_meta']
[0.282s] Level 1:colcon.colcon_core.package_identification:_identify(src/ros_tutorials) by extension 'colcon_meta'
[0.282s] Level 1:colcon.colcon_core.package_identification:_identify(src/ros_tutorials) by extensions ['ros']
[0.282s] Level 1:colcon.colcon_core.package_identification:_identify(src/ros_tutorials) by extension 'ros'
[0.283s] Level 1:colcon.colcon_core.package_identification:_identify(src/ros_tutorials) by extensions ['cmake', 'python']
[0.283s] Level 1:colcon.colcon_core.package_identification:_identify(src/ros_tutorials) by extension 'cmake'
[0.283s] Level 1:colcon.colcon_core.package_identification:_identify(src/ros_tutorials) by extension 'python'
[0.283s] Level 1:colcon.colcon_core.package_identification:_identify(src/ros_tutorials) by extensions ['python_setup_py']
[0.283s] Level 1:colcon.colcon_core.package_identification:_identify(src/ros_tutorials) by extension 'python_setup_py'
[0.283s] Level 1:colcon.colcon_core.package_identification:_identify(src/tp1) by extensions ['ignore', 'ignore_ament_install']
[0.283s] Level 1:colcon.colcon_core.package_identification:_identify(src/tp1) by extension 'ignore'
[0.283s] Level 1:colcon.colcon_core.package_identification:_identify(src/tp1) by extension 'ignore_ament_install'
[0.283s] Level 1:colcon.colcon_core.package_identification:_identify(src/tp1) by extensions ['colcon_pkg']
[0.283s] Level 1:colcon.colcon_core.package_identification:_identify(src/tp1) by extension 'colcon_pkg'
[0.284s] Level 1:colcon.colcon_core.package_identification:_identify(src/tp1) by extensions ['colcon_meta']
[0.284s] Level 1:colcon.colcon_core.package_identification:_identify(src/tp1) by extension 'colcon_meta'
[0.284s] Level 1:colcon.colcon_core.package_identification:_identify(src/tp1) by extensions ['ros']
[0.284s] Level 1:colcon.colcon_core.package_identification:_identify(src/tp1) by extension 'ros'
[0.284s] DEBUG:colcon.colcon_core.package_identification:Package 'src/tp1' with type 'ros.ament_cmake' and name 'tp1'
[0.284s] Level 1:colcon.colcon_core.package_discovery:discover_packages(recursive) using defaults
[0.285s] Level 1:colcon.colcon_core.package_discovery:discover_packages(ignore) discover
[0.285s] Level 1:colcon.colcon_core.package_discovery:discover_packages(ignore) using defaults
[0.285s] Level 1:colcon.colcon_core.package_discovery:discover_packages(path) discover
[0.285s] Level 1:colcon.colcon_core.package_discovery:discover_packages(path) using defaults
[0.303s] Level 1:colcon.colcon_core.package_discovery:discover_packages(prefix_path) check parameters
[0.304s] Level 1:colcon.colcon_core.package_discovery:discover_packages(prefix_path) discover
[0.305s] DEBUG:colcon.colcon_installed_package_information.package_discovery:Found 2 installed packages in /home/richa/ros2_ws/install
[0.307s] DEBUG:colcon.colcon_installed_package_information.package_discovery:Found 383 installed packages in /opt/ros/jazzy
[0.308s] Level 1:colcon.colcon_core.package_discovery:discover_packages(prefix_path) using defaults
[0.369s] Level 5:colcon.colcon_core.verb:set package 'phi_aria' build argument 'cmake_args' from command line to 'None'
[0.369s] Level 5:colcon.colcon_core.verb:set package 'phi_aria' build argument 'cmake_target' from command line to 'None'
[0.369s] Level 5:colcon.colcon_core.verb:set package 'phi_aria' build argument 'cmake_target_skip_unavailable' from command line to 'False'
[0.369s] Level 5:colcon.colcon_core.verb:set package 'phi_aria' build argument 'cmake_clean_cache' from command line to 'False'
[0.369s] Level 5:colcon.colcon_core.verb:set package 'phi_aria' build argument 'cmake_clean_first' from command line to 'False'
[0.369s] Level 5:colcon.colcon_core.verb:set package 'phi_aria' build argument 'cmake_force_configure' from command line to 'False'
[0.369s] Level 5:colcon.colcon_core.verb:set package 'phi_aria' build argument 'ament_cmake_args' from command line to 'None'
[0.369s] Level 5:colcon.colcon_core.verb:set package 'phi_aria' build argument 'catkin_cmake_args' from command line to 'None'
[0.369s] Level 5:colcon.colcon_core.verb:set package 'phi_aria' build argument 'catkin_skip_building_tests' from command line to 'False'
[0.369s] DEBUG:colcon.colcon_core.verb:Building package 'phi_aria' with the following arguments: {'ament_cmake_args': None, 'build_base': '/home/richa/ros2_ws/build/phi_aria', 'catkin_cmake_args': None, 'catkin_skip_building_tests': False, 'cmake_args': None, 'cmake_clean_cache': False, 'cmake_clean_first': False, 'cmake_force_configure': False, 'cmake_target': None, 'cmake_target_skip_unavailable': False, 'install_base': '/home/richa/ros2_ws/install/phi_aria', 'merge_install': False, 'path': '/home/richa/ros2_ws/src/phi_aria', 'symlink_install': False, 'test_result_base': None}
[0.369s] Level 5:colcon.colcon_core.verb:set package 'tp1' build argument 'cmake_args' from command line to 'None'
[0.369s] Level 5:colcon.colcon_core.verb:set package 'tp1' build argument 'cmake_target' from command line to 'None'
[0.369s] Level 5:colcon.colcon_core.verb:set package 'tp1' build argument 'cmake_target_skip_unavailable' from command line to 'False'
[0.369s] Level 5:colcon.colcon_core.verb:set package 'tp1' build argument 'cmake_clean_cache' from command line to 'False'
[0.370s] Level 5:colcon.colcon_core.verb:set package 'tp1' build argument 'cmake_clean_first' from command line to 'False'
[0.370s] Level 5:colcon.colcon_core.verb:set package 'tp1' build argument 'cmake_force_configure' from command line to 'False'
[0.370s] Level 5:colcon.colcon_core.verb:set package 'tp1' build argument 'ament_cmake_args' from command line to 'None'
[0.370s] Level 5:colcon.colcon_core.verb:set package 'tp1' build argument 'catkin_cmake_args' from command line to 'None'
[0.370s] Level 5:colcon.colcon_core.verb:set package 'tp1' build argument 'catkin_skip_building_tests' from command line to 'False'
[0.370s] DEBUG:colcon.colcon_core.verb:Building package 'tp1' with the following arguments: {'ament_cmake_args': None, 'build_base': '/home/richa/ros2_ws/build/tp1', 'catkin_cmake_args': None, 'catkin_skip_building_tests': False, 'cmake_args': None, 'cmake_clean_cache': False, 'cmake_clean_first': False, 'cmake_force_configure': False, 'cmake_target': None, 'cmake_target_skip_unavailable': False, 'install_base': '/home/richa/ros2_ws/install/tp1', 'merge_install': False, 'path': '/home/richa/ros2_ws/src/tp1', 'symlink_install': False, 'test_result_base': None}
[0.370s] INFO:colcon.colcon_core.executor:Executing jobs using 'parallel' executor
[0.371s] DEBUG:colcon.colcon_parallel_executor.executor.parallel:run_until_complete
[0.371s] INFO:colcon.colcon_ros.task.ament_cmake.build:Building ROS package in '/home/richa/ros2_ws/src/phi_aria' with build type 'ament_cmake'
[0.371s] INFO:colcon.colcon_cmake.task.cmake.build:Building CMake package in '/home/richa/ros2_ws/src/phi_aria'
[0.374s] INFO:colcon.colcon_core.plugin_system:Skipping extension 'colcon_core.shell.bat': Not used on non-Windows systems
[0.374s] INFO:colcon.colcon_core.shell:Skip shell extension 'powershell' for command environment: Not usable outside of PowerShell
[0.374s] DEBUG:colcon.colcon_core.shell:Skip shell extension 'dsv' for command environment
[0.378s] INFO:colcon.colcon_ros.task.ament_cmake.build:Building ROS package in '/home/richa/ros2_ws/src/tp1' with build type 'ament_cmake'
[0.378s] INFO:colcon.colcon_cmake.task.cmake.build:Building CMake package in '/home/richa/ros2_ws/src/tp1'
[0.378s] INFO:colcon.colcon_core.shell:Skip shell extension 'powershell' for command environment: Not usable outside of PowerShell
[0.378s] DEBUG:colcon.colcon_core.shell:Skip shell extension 'dsv' for command environment
[0.388s] DEBUG:colcon.colcon_core.event_handler.log_command:Invoking command in '/home/richa/ros2_ws/build/phi_aria': CMAKE_PREFIX_PATH=${CMAKE_PREFIX_PATH}:/opt/ros/jazzy /usr/bin/cmake --build /home/richa/ros2_ws/build/phi_aria -- -j12 -l12
[0.395s] DEBUG:colcon.colcon_core.event_handler.log_command:Invoking command in '/home/richa/ros2_ws/build/tp1': CMAKE_PREFIX_PATH=${CMAKE_PREFIX_PATH}:/opt/ros/jazzy /usr/bin/cmake --build /home/richa/ros2_ws/build/tp1 -- -j12 -l12
[0.512s] DEBUG:colcon.colcon_core.event_handler.log_command:Invoked command in '/home/richa/ros2_ws/build/phi_aria' returned '0': CMAKE_PREFIX_PATH=${CMAKE_PREFIX_PATH}:/opt/ros/jazzy /usr/bin/cmake --build /home/richa/ros2_ws/build/phi_aria -- -j12 -l12
[0.528s] DEBUG:colcon.colcon_core.event_handler.log_command:Invoking command in '/home/richa/ros2_ws/build/phi_aria': CMAKE_PREFIX_PATH=${CMAKE_PREFIX_PATH}:/opt/ros/jazzy /usr/bin/cmake --install /home/richa/ros2_ws/build/phi_aria
[0.546s] Level 1:colcon.colcon_core.environment:create_environment_scripts_only(phi_aria)
[0.557s] Level 1:colcon.colcon_core.environment:checking '/home/richa/ros2_ws/install/phi_aria' for CMake module files
[0.558s] DEBUG:colcon.colcon_core.event_handler.log_command:Invoked command in '/home/richa/ros2_ws/build/phi_aria' returned '0': CMAKE_PREFIX_PATH=${CMAKE_PREFIX_PATH}:/opt/ros/jazzy /usr/bin/cmake --install /home/richa/ros2_ws/build/phi_aria
[0.558s] Level 1:colcon.colcon_core.environment:checking '/home/richa/ros2_ws/install/phi_aria' for CMake config files
[0.558s] Level 1:colcon.colcon_core.shell:create_environment_hook('phi_aria', 'cmake_prefix_path')
[0.559s] INFO:colcon.colcon_core.shell:Creating environment hook '/home/richa/ros2_ws/install/phi_aria/share/phi_aria/hook/cmake_prefix_path.ps1'
[0.559s] INFO:colcon.colcon_core.shell:Creating environment descriptor '/home/richa/ros2_ws/install/phi_aria/share/phi_aria/hook/cmake_prefix_path.dsv'
[0.560s] INFO:colcon.colcon_core.shell:Creating environment hook '/home/richa/ros2_ws/install/phi_aria/share/phi_aria/hook/cmake_prefix_path.sh'
[0.561s] Level 1:colcon.colcon_core.environment:checking '/home/richa/ros2_ws/install/phi_aria/lib'
[0.561s] Level 1:colcon.colcon_core.environment:checking '/home/richa/ros2_ws/install/phi_aria/bin'
[0.562s] Level 1:colcon.colcon_core.environment:checking '/home/richa/ros2_ws/install/phi_aria/lib/pkgconfig/phi_aria.pc'
[0.562s] Level 1:colcon.colcon_core.environment:checking '/home/richa/ros2_ws/install/phi_aria/lib/python3.12/site-packages'
[0.562s] Level 1:colcon.colcon_core.environment:checking '/home/richa/ros2_ws/install/phi_aria/bin'
[0.563s] INFO:colcon.colcon_core.shell:Creating package script '/home/richa/ros2_ws/install/phi_aria/share/phi_aria/package.ps1'
[0.564s] INFO:colcon.colcon_core.shell:Creating package descriptor '/home/richa/ros2_ws/install/phi_aria/share/phi_aria/package.dsv'
[0.565s] INFO:colcon.colcon_core.shell:Creating package script '/home/richa/ros2_ws/install/phi_aria/share/phi_aria/package.sh'
[0.566s] INFO:colcon.colcon_core.shell:Creating package script '/home/richa/ros2_ws/install/phi_aria/share/phi_aria/package.bash'
[0.567s] INFO:colcon.colcon_core.shell:Creating package script '/home/richa/ros2_ws/install/phi_aria/share/phi_aria/package.zsh'
[0.567s] Level 1:colcon.colcon_core.environment:create_file_with_runtime_dependencies(/home/richa/ros2_ws/install/phi_aria/share/colcon-core/packages/phi_aria)
[0.568s] Level 1:colcon.colcon_core.environment:create_environment_scripts_only(phi_aria)
[0.569s] Level 1:colcon.colcon_core.environment:checking '/home/richa/ros2_ws/install/phi_aria' for CMake module files
[0.569s] Level 1:colcon.colcon_core.environment:checking '/home/richa/ros2_ws/install/phi_aria' for CMake config files
[0.570s] Level 1:colcon.colcon_core.shell:create_environment_hook('phi_aria', 'cmake_prefix_path')
[0.570s] INFO:colcon.colcon_core.shell:Creating environment hook '/home/richa/ros2_ws/install/phi_aria/share/phi_aria/hook/cmake_prefix_path.ps1'
[0.571s] INFO:colcon.colcon_core.shell:Creating environment descriptor '/home/richa/ros2_ws/install/phi_aria/share/phi_aria/hook/cmake_prefix_path.dsv'
[0.571s] INFO:colcon.colcon_core.shell:Creating environment hook '/home/richa/ros2_ws/install/phi_aria/share/phi_aria/hook/cmake_prefix_path.sh'
[0.572s] Level 1:colcon.colcon_core.environment:checking '/home/richa/ros2_ws/install/phi_aria/lib'
[0.572s] Level 1:colcon.colcon_core.environment:checking '/home/richa/ros2_ws/install/phi_aria/bin'
[0.572s] Level 1:colcon.colcon_core.environment:checking '/home/richa/ros2_ws/install/phi_aria/lib/pkgconfig/phi_aria.pc'
[0.573s] Level 1:colcon.colcon_core.environment:checking '/home/richa/ros2_ws/install/phi_aria/lib/python3.12/site-packages'
[0.573s] Level 1:colcon.colcon_core.environment:checking '/home/richa/ros2_ws/install/phi_aria/bin'
[0.573s] INFO:colcon.colcon_core.shell:Creating package script '/home/richa/ros2_ws/install/phi_aria/share/phi_aria/package.ps1'
[0.574s] INFO:colcon.colcon_core.shell:Creating package descriptor '/home/richa/ros2_ws/install/phi_aria/share/phi_aria/package.dsv'
[0.575s] INFO:colcon.colcon_core.shell:Creating package script '/home/richa/ros2_ws/install/phi_aria/share/phi_aria/package.sh'
[0.576s] INFO:colcon.colcon_core.shell:Creating package script '/home/richa/ros2_ws/install/phi_aria/share/phi_aria/package.bash'
[0.576s] INFO:colcon.colcon_core.shell:Creating package script '/home/richa/ros2_ws/install/phi_aria/share/phi_aria/package.zsh'
[0.577s] Level 1:colcon.colcon_core.environment:create_file_with_runtime_dependencies(/home/richa/ros2_ws/install/phi_aria/share/colcon-core/packages/phi_aria)
[14.146s] DEBUG:colcon.colcon_core.event_handler.log_command:Invoked command in '/home/richa/ros2_ws/build/tp1' returned '0': CMAKE_PREFIX_PATH=${CMAKE_PREFIX_PATH}:/opt/ros/jazzy /usr/bin/cmake --build /home/richa/ros2_ws/build/tp1 -- -j12 -l12
[14.148s] DEBUG:colcon.colcon_core.event_handler.log_command:Invoking command in '/home/richa/ros2_ws/build/tp1': CMAKE_PREFIX_PATH=${CMAKE_PREFIX_PATH}:/opt/ros/jazzy /usr/bin/cmake --install /home/richa/ros2_ws/build/tp1
[14.232s] Level 1:colcon.colcon_core.environment:create_environment_scripts_only(tp1)
[14.233s] Level 1:colcon.colcon_core.environment:checking '/home/richa/ros2_ws/install/tp1' for CMake module files
[14.236s] Level 1:colcon.colcon_core.environment:checking '/home/richa/ros2_ws/install/tp1' for CMake config files
[14.237s] DEBUG:colcon.colcon_core.event_handler.log_command:Invoked command in '/home/richa/ros2_ws/build/tp1' returned '0': CMAKE_PREFIX_PATH=${CMAKE_PREFIX_PATH}:/opt/ros/jazzy /usr/bin/cmake --install /home/richa/ros2_ws/build/tp1
[14.237s] Level 1:colcon.colcon_core.shell:create_environment_hook('tp1', 'cmake_prefix_path')
[14.237s] INFO:colcon.colcon_core.shell:Creating environment hook '/home/richa/ros2_ws/install/tp1/share/tp1/hook/cmake_prefix_path.ps1'
[14.238s] INFO:colcon.colcon_core.shell:Creating environment descriptor '/home/richa/ros2_ws/install/tp1/share/tp1/hook/cmake_prefix_path.dsv'
[14.238s] INFO:colcon.colcon_core.shell:Creating environment hook '/home/richa/ros2_ws/install/tp1/share/tp1/hook/cmake_prefix_path.sh'
[14.239s] Level 1:colcon.colcon_core.environment:checking '/home/richa/ros2_ws/install/tp1/lib'
[14.239s] Level 1:colcon.colcon_core.environment:checking '/home/richa/ros2_ws/install/tp1/bin'
[14.239s] Level 1:colcon.colcon_core.environment:checking '/home/richa/ros2_ws/install/tp1/lib/pkgconfig/tp1.pc'
[14.239s] Level 1:colcon.colcon_core.environment:checking '/home/richa/ros2_ws/install/tp1/lib/python3.12/site-packages'
[14.240s] Level 1:colcon.colcon_core.environment:checking '/home/richa/ros2_ws/install/tp1/bin'
[14.240s] INFO:colcon.colcon_core.shell:Creating package script '/home/richa/ros2_ws/install/tp1/share/tp1/package.ps1'
[14.241s] INFO:colcon.colcon_core.shell:Creating package descriptor '/home/richa/ros2_ws/install/tp1/share/tp1/package.dsv'
[14.241s] INFO:colcon.colcon_core.shell:Creating package script '/home/richa/ros2_ws/install/tp1/share/tp1/package.sh'
[14.241s] INFO:colcon.colcon_core.shell:Creating package script '/home/richa/ros2_ws/install/tp1/share/tp1/package.bash'
[14.242s] INFO:colcon.colcon_core.shell:Creating package script '/home/richa/ros2_ws/install/tp1/share/tp1/package.zsh'
[14.242s] Level 1:colcon.colcon_core.environment:create_file_with_runtime_dependencies(/home/richa/ros2_ws/install/tp1/share/colcon-core/packages/tp1)
[14.243s] Level 1:colcon.colcon_core.environment:create_environment_scripts_only(tp1)
[14.243s] Level 1:colcon.colcon_core.environment:checking '/home/richa/ros2_ws/install/tp1' for CMake module files
[14.244s] Level 1:colcon.colcon_core.environment:checking '/home/richa/ros2_ws/install/tp1' for CMake config files
[14.244s] Level 1:colcon.colcon_core.shell:create_environment_hook('tp1', 'cmake_prefix_path')
[14.244s] INFO:colcon.colcon_core.shell:Creating environment hook '/home/richa/ros2_ws/install/tp1/share/tp1/hook/cmake_prefix_path.ps1'
[14.244s] INFO:colcon.colcon_core.shell:Creating environment descriptor '/home/richa/ros2_ws/install/tp1/share/tp1/hook/cmake_prefix_path.dsv'
[14.245s] INFO:colcon.colcon_core.shell:Creating environment hook '/home/richa/ros2_ws/install/tp1/share/tp1/hook/cmake_prefix_path.sh'
[14.245s] Level 1:colcon.colcon_core.environment:checking '/home/richa/ros2_ws/install/tp1/lib'
[14.246s] Level 1:colcon.colcon_core.environment:checking '/home/richa/ros2_ws/install/tp1/bin'
[14.246s] Level 1:colcon.colcon_core.environment:checking '/home/richa/ros2_ws/install/tp1/lib/pkgconfig/tp1.pc'
[14.246s] Level 1:colcon.colcon_core.environment:checking '/home/richa/ros2_ws/install/tp1/lib/python3.12/site-packages'
[14.246s] Level 1:colcon.colcon_core.environment:checking '/home/richa/ros2_ws/install/tp1/bin'
[14.246s] INFO:colcon.colcon_core.shell:Creating package script '/home/richa/ros2_ws/install/tp1/share/tp1/package.ps1'
[14.247s] INFO:colcon.colcon_core.shell:Creating package descriptor '/home/richa/ros2_ws/install/tp1/share/tp1/package.dsv'
[14.248s] INFO:colcon.colcon_core.shell:Creating package script '/home/richa/ros2_ws/install/tp1/share/tp1/package.sh'
[14.248s] INFO:colcon.colcon_core.shell:Creating package script '/home/richa/ros2_ws/install/tp1/share/tp1/package.bash'
[14.249s] INFO:colcon.colcon_core.shell:Creating package script '/home/richa/ros2_ws/install/tp1/share/tp1/package.zsh'
[14.249s] Level 1:colcon.colcon_core.environment:create_file_with_runtime_dependencies(/home/richa/ros2_ws/install/tp1/share/colcon-core/packages/tp1)
[14.250s] DEBUG:colcon.colcon_parallel_executor.executor.parallel:closing loop
[14.250s] DEBUG:colcon.colcon_parallel_executor.executor.parallel:loop closed
[14.251s] DEBUG:colcon.colcon_parallel_executor.executor.parallel:run_until_complete finished with '0'
[14.251s] DEBUG:colcon.colcon_core.event_reactor:joining thread
[14.305s] INFO:colcon.colcon_core.plugin_system:Skipping extension 'colcon_notification.desktop_notification.notify_send': Could not find 'notify-send'
[14.305s] INFO:colcon.colcon_core.plugin_system:Skipping extension 'colcon_notification.desktop_notification.terminal_notifier': Not used on non-Darwin systems
[14.305s] INFO:colcon.colcon_core.plugin_system:Skipping extension 'colcon_notification.desktop_notification.win32': Not used on non-Windows systems
[14.305s] INFO:colcon.colcon_notification.desktop_notification:Sending desktop notification using 'notify2'
[14.307s] DEBUG:colcon.colcon_notification.desktop_notification.notify2:Failed to initialize notify2: org.freedesktop.DBus.Error.ServiceUnknown: The name org.freedesktop.Notifications was not provided by any .service files
[14.307s] DEBUG:colcon.colcon_core.event_reactor:joined thread
[14.307s] INFO:colcon.colcon_core.shell:Creating prefix script '/home/richa/ros2_ws/install/local_setup.ps1'
[14.308s] INFO:colcon.colcon_core.shell:Creating prefix util module '/home/richa/ros2_ws/install/_local_setup_util_ps1.py'
[14.309s] INFO:colcon.colcon_core.shell:Creating prefix chain script '/home/richa/ros2_ws/install/setup.ps1'
[14.310s] INFO:colcon.colcon_core.shell:Creating prefix script '/home/richa/ros2_ws/install/local_setup.sh'
[14.310s] INFO:colcon.colcon_core.shell:Creating prefix util module '/home/richa/ros2_ws/install/_local_setup_util_sh.py'
[14.311s] INFO:colcon.colcon_core.shell:Creating prefix chain script '/home/richa/ros2_ws/install/setup.sh'
[14.312s] INFO:colcon.colcon_core.shell:Creating prefix script '/home/richa/ros2_ws/install/local_setup.bash'
[14.313s] INFO:colcon.colcon_core.shell:Creating prefix chain script '/home/richa/ros2_ws/install/setup.bash'
[14.314s] INFO:colcon.colcon_core.shell:Creating prefix script '/home/richa/ros2_ws/install/local_setup.zsh'
[14.314s] INFO:colcon.colcon_core.shell:Creating prefix chain script '/home/richa/ros2_ws/install/setup.zsh'
